stm32l4xx_hal_rtc.c:655:13:HAL_RTC_MspInit	0	static
stm32l4xx_hal_rtc.c:670:13:HAL_RTC_MspDeInit	0	static
stm32l4xx_hal_rtc.c:1375:19:HAL_RTC_DeactivateAlarm	16	static
stm32l4xx_hal_rtc.c:1610:13:HAL_RTC_AlarmAEventCallback	0	static
stm32l4xx_hal_rtc.c:1529:6:HAL_RTC_AlarmIRQHandler	8	static
stm32l4xx_hal_rtc.c:1626:19:HAL_RTC_PollForAlarmAEvent	16	static
stm32l4xx_hal_rtc.c:1685:19:HAL_RTC_WaitForSynchro	16	static
stm32l4xx_hal_rtc.c:1737:21:HAL_RTC_GetState	0	static
stm32l4xx_hal_rtc.c:1761:19:RTC_EnterInitMode	24	static
stm32l4xx_hal_rtc.c:1811:19:RTC_ExitInitMode	16	static
stm32l4xx_hal_rtc.c:232:19:HAL_RTC_Init	16	static
stm32l4xx_hal_rtc.c:354:19:HAL_RTC_DeInit	16	static
stm32l4xx_hal_rtc.c:1855:9:RTC_ByteToBcd2	0	static
stm32l4xx_hal_rtc.c:708:19:HAL_RTC_SetTime	24	static
stm32l4xx_hal_rtc.c:862:19:HAL_RTC_SetDate	24	static
stm32l4xx_hal_rtc.c:1000:19:HAL_RTC_SetAlarm	32	static
stm32l4xx_hal_rtc.c:1187:19:HAL_RTC_SetAlarm_IT	32	static
stm32l4xx_hal_rtc.c:1874:9:RTC_Bcd2ToByte	0	static
stm32l4xx_hal_rtc.c:818:19:HAL_RTC_GetTime	16	static
stm32l4xx_hal_rtc.c:946:19:HAL_RTC_GetDate	16	static
stm32l4xx_hal_rtc.c:1469:19:HAL_RTC_GetAlarm	8	static
