Archive member included to satisfy reference by file (symbol)

/opt/Atollic_TrueSTUDIO_for_STM32_x86_64_9.3.0/ARMTools/bin/../lib/gcc/arm-atollic-eabi/6.3.1/../../../../arm-atollic-eabi/lib/armv7e-m/fpu/libc.a(lib_a-atoi.o)
                              Sinteck/GUI/screen_frequency.o (atoi)
/opt/Atollic_TrueSTUDIO_for_STM32_x86_64_9.3.0/ARMTools/bin/../lib/gcc/arm-atollic-eabi/6.3.1/../../../../arm-atollic-eabi/lib/armv7e-m/fpu/libc.a(lib_a-calloc.o)
                              Core/Src/log.o (calloc)
/opt/Atollic_TrueSTUDIO_for_STM32_x86_64_9.3.0/ARMTools/bin/../lib/gcc/arm-atollic-eabi/6.3.1/../../../../arm-atollic-eabi/lib/armv7e-m/fpu/libc.a(lib_a-callocr.o)
                              /opt/Atollic_TrueSTUDIO_for_STM32_x86_64_9.3.0/ARMTools/bin/../lib/gcc/arm-atollic-eabi/6.3.1/../../../../arm-atollic-eabi/lib/armv7e-m/fpu/libc.a(lib_a-calloc.o) (_calloc_r)
/opt/Atollic_TrueSTUDIO_for_STM32_x86_64_9.3.0/ARMTools/bin/../lib/gcc/arm-atollic-eabi/6.3.1/../../../../arm-atollic-eabi/lib/armv7e-m/fpu/libc.a(lib_a-errno.o)
                              Core/Src/syscalls.o (__errno)
/opt/Atollic_TrueSTUDIO_for_STM32_x86_64_9.3.0/ARMTools/bin/../lib/gcc/arm-atollic-eabi/6.3.1/../../../../arm-atollic-eabi/lib/armv7e-m/fpu/libc.a(lib_a-impure.o)
                              /opt/Atollic_TrueSTUDIO_for_STM32_x86_64_9.3.0/ARMTools/bin/../lib/gcc/arm-atollic-eabi/6.3.1/../../../../arm-atollic-eabi/lib/armv7e-m/fpu/libc.a(lib_a-calloc.o) (_impure_ptr)
/opt/Atollic_TrueSTUDIO_for_STM32_x86_64_9.3.0/ARMTools/bin/../lib/gcc/arm-atollic-eabi/6.3.1/../../../../arm-atollic-eabi/lib/armv7e-m/fpu/libc.a(lib_a-init.o)
                              startup/startup_stm32l476xx.o (__libc_init_array)
/opt/Atollic_TrueSTUDIO_for_STM32_x86_64_9.3.0/ARMTools/bin/../lib/gcc/arm-atollic-eabi/6.3.1/../../../../arm-atollic-eabi/lib/armv7e-m/fpu/libc.a(lib_a-mallocr.o)
                              /opt/Atollic_TrueSTUDIO_for_STM32_x86_64_9.3.0/ARMTools/bin/../lib/gcc/arm-atollic-eabi/6.3.1/../../../../arm-atollic-eabi/lib/armv7e-m/fpu/libc.a(lib_a-callocr.o) (_malloc_r)
/opt/Atollic_TrueSTUDIO_for_STM32_x86_64_9.3.0/ARMTools/bin/../lib/gcc/arm-atollic-eabi/6.3.1/../../../../arm-atollic-eabi/lib/armv7e-m/fpu/libc.a(lib_a-memcpy-stub.o)
                              lvgl/src/lv_core/lv_refr.o (memcpy)
/opt/Atollic_TrueSTUDIO_for_STM32_x86_64_9.3.0/ARMTools/bin/../lib/gcc/arm-atollic-eabi/6.3.1/../../../../arm-atollic-eabi/lib/armv7e-m/fpu/libc.a(lib_a-memset.o)
                              Core/Src/main.o (memset)
/opt/Atollic_TrueSTUDIO_for_STM32_x86_64_9.3.0/ARMTools/bin/../lib/gcc/arm-atollic-eabi/6.3.1/../../../../arm-atollic-eabi/lib/armv7e-m/fpu/libc.a(lib_a-mlock.o)
                              /opt/Atollic_TrueSTUDIO_for_STM32_x86_64_9.3.0/ARMTools/bin/../lib/gcc/arm-atollic-eabi/6.3.1/../../../../arm-atollic-eabi/lib/armv7e-m/fpu/libc.a(lib_a-mallocr.o) (__malloc_lock)
/opt/Atollic_TrueSTUDIO_for_STM32_x86_64_9.3.0/ARMTools/bin/../lib/gcc/arm-atollic-eabi/6.3.1/../../../../arm-atollic-eabi/lib/armv7e-m/fpu/libc.a(lib_a-sbrkr.o)
                              /opt/Atollic_TrueSTUDIO_for_STM32_x86_64_9.3.0/ARMTools/bin/../lib/gcc/arm-atollic-eabi/6.3.1/../../../../arm-atollic-eabi/lib/armv7e-m/fpu/libc.a(lib_a-mallocr.o) (_sbrk_r)
/opt/Atollic_TrueSTUDIO_for_STM32_x86_64_9.3.0/ARMTools/bin/../lib/gcc/arm-atollic-eabi/6.3.1/../../../../arm-atollic-eabi/lib/armv7e-m/fpu/libc.a(lib_a-sprintf.o)
                              Core/Src/main.o (sprintf)
/opt/Atollic_TrueSTUDIO_for_STM32_x86_64_9.3.0/ARMTools/bin/../lib/gcc/arm-atollic-eabi/6.3.1/../../../../arm-atollic-eabi/lib/armv7e-m/fpu/libc.a(lib_a-strcmp.o)
                              lvgl/src/lv_objx/lv_btnm.o (strcmp)
/opt/Atollic_TrueSTUDIO_for_STM32_x86_64_9.3.0/ARMTools/bin/../lib/gcc/arm-atollic-eabi/6.3.1/../../../../arm-atollic-eabi/lib/armv7e-m/fpu/libc.a(lib_a-strcpy.o)
                              Core/Src/log.o (strcpy)
/opt/Atollic_TrueSTUDIO_for_STM32_x86_64_9.3.0/ARMTools/bin/../lib/gcc/arm-atollic-eabi/6.3.1/../../../../arm-atollic-eabi/lib/armv7e-m/fpu/libc.a(lib_a-strlen.o)
                              Core/Src/log.o (strlen)
/opt/Atollic_TrueSTUDIO_for_STM32_x86_64_9.3.0/ARMTools/bin/../lib/gcc/arm-atollic-eabi/6.3.1/../../../../arm-atollic-eabi/lib/armv7e-m/fpu/libc.a(lib_a-strtol.o)
                              /opt/Atollic_TrueSTUDIO_for_STM32_x86_64_9.3.0/ARMTools/bin/../lib/gcc/arm-atollic-eabi/6.3.1/../../../../arm-atollic-eabi/lib/armv7e-m/fpu/libc.a(lib_a-atoi.o) (_strtol_r)
/opt/Atollic_TrueSTUDIO_for_STM32_x86_64_9.3.0/ARMTools/bin/../lib/gcc/arm-atollic-eabi/6.3.1/../../../../arm-atollic-eabi/lib/armv7e-m/fpu/libc.a(lib_a-svfprintf.o)
                              /opt/Atollic_TrueSTUDIO_for_STM32_x86_64_9.3.0/ARMTools/bin/../lib/gcc/arm-atollic-eabi/6.3.1/../../../../arm-atollic-eabi/lib/armv7e-m/fpu/libc.a(lib_a-sprintf.o) (_svfprintf_r)
[...]
Memory Configuration

Name             Origin             Length             Attributes
RAM              0x0000000020000000 0x0000000000018000 xrw
RAM2             0x0000000010000000 0x0000000000008000 xrw
FLASH            0x0000000008000000 0x0000000000100000 xr
*default*        0x0000000000000000 0xffffffffffffffff

Linker script and memory map

LOAD /opt/Atollic_TrueSTUDIO_for_STM32_x86_64_9.3.0/ARMTools/bin/../lib/gcc/arm-atollic-eabi/6.3.1/armv7e-m/fpu/crti.o
LOAD /opt/Atollic_TrueSTUDIO_for_STM32_x86_64_9.3.0/ARMTools/bin/../lib/gcc/arm-atollic-eabi/6.3.1/armv7e-m/fpu/crtbegin.o
LOAD Core/Src/ST7735.o
LOAD Core/Src/key.o
LOAD Core/Src/log.o
LOAD Core/Src/main.o
LOAD Core/Src/misc.o
LOAD Core/Src/stm32l4xx_hal_msp.o
LOAD Core/Src/stm32l4xx_hal_timebase_tim.o
LOAD Core/Src/stm32l4xx_it.o
LOAD Core/Src/syscalls.o
LOAD Core/Src/system_stm32l4xx.o
LOAD Core/Src/w25qxx.o
LOAD Drivers/STM32L4xx_HAL_Driver/Src/stm32l4xx_hal.o
LOAD Drivers/STM32L4xx_HAL_Driver/Src/stm32l4xx_hal_adc.o
LOAD Drivers/STM32L4xx_HAL_Driver/Src/stm32l4xx_hal_adc_ex.o
LOAD Drivers/STM32L4xx_HAL_Driver/Src/stm32l4xx_hal_cortex.o
LOAD Drivers/STM32L4xx_HAL_Driver/Src/stm32l4xx_hal_dac.o
LOAD Drivers/STM32L4xx_HAL_Driver/Src/stm32l4xx_hal_dac_ex.o
LOAD Drivers/STM32L4xx_HAL_Driver/Src/stm32l4xx_hal_dma.o
LOAD Drivers/STM32L4xx_HAL_Driver/Src/stm32l4xx_hal_dma_ex.o
LOAD Drivers/STM32L4xx_HAL_Driver/Src/stm32l4xx_hal_exti.o
LOAD Drivers/STM32L4xx_HAL_Driver/Src/stm32l4xx_hal_flash.o
LOAD Drivers/STM32L4xx_HAL_Driver/Src/stm32l4xx_hal_flash_ex.o
LOAD Drivers/STM32L4xx_HAL_Driver/Src/stm32l4xx_hal_flash_ramfunc.o
LOAD Drivers/STM32L4xx_HAL_Driver/Src/stm32l4xx_hal_gpio.o
LOAD Drivers/STM32L4xx_HAL_Driver/Src/stm32l4xx_hal_i2c.o
LOAD Drivers/STM32L4xx_HAL_Driver/Src/stm32l4xx_hal_i2c_ex.o
LOAD Drivers/STM32L4xx_HAL_Driver/Src/stm32l4xx_hal_pcd.o
LOAD Drivers/STM32L4xx_HAL_Driver/Src/stm32l4xx_hal_pcd_ex.o
LOAD Drivers/STM32L4xx_HAL_Driver/Src/stm32l4xx_hal_pwr.o
LOAD Drivers/STM32L4xx_HAL_Driver/Src/stm32l4xx_hal_pwr_ex.o
LOAD Drivers/STM32L4xx_HAL_Driver/Src/stm32l4xx_hal_qspi.o
LOAD Drivers/STM32L4xx_HAL_Driver/Src/stm32l4xx_hal_rcc.o
LOAD Drivers/STM32L4xx_HAL_Driver/Src/stm32l4xx_hal_rcc_ex.o
LOAD Drivers/STM32L4xx_HAL_Driver/Src/stm32l4xx_hal_rtc.o
LOAD Drivers/STM32L4xx_HAL_Driver/Src/stm32l4xx_hal_rtc_ex.o
LOAD Drivers/STM32L4xx_HAL_Driver/Src/stm32l4xx_hal_spi.o
LOAD Drivers/STM32L4xx_HAL_Driver/Src/stm32l4xx_hal_spi_ex.o
LOAD Drivers/STM32L4xx_HAL_Driver/Src/stm32l4xx_hal_tim.o
LOAD Drivers/STM32L4xx_HAL_Driver/Src/stm32l4xx_hal_tim_ex.o
LOAD Drivers/STM32L4xx_HAL_Driver/Src/stm32l4xx_hal_uart.o
LOAD Drivers/STM32L4xx_HAL_Driver/Src/stm32l4xx_hal_uart_ex.o
LOAD Drivers/STM32L4xx_HAL_Driver/Src/stm32l4xx_ll_usb.o
LOAD FATFS/App/fatfs.o
LOAD FATFS/Target/user_diskio.o
LOAD Middlewares/ST/STM32_USB_Device_Library/Class/MSC/Src/usbd_msc.o
LOAD Middlewares/ST/STM32_USB_Device_Library/Class/MSC/Src/usbd_msc_bot.o
LOAD Middlewares/ST/STM32_USB_Device_Library/Class/MSC/Src/usbd_msc_data.o
LOAD Middlewares/ST/STM32_USB_Device_Library/Class/MSC/Src/usbd_msc_scsi.o
LOAD Middlewares/ST/STM32_USB_Device_Library/Core/Src/usbd_core.o
LOAD Middlewares/ST/STM32_USB_Device_Library/Core/Src/usbd_ctlreq.o
LOAD Middlewares/ST/STM32_USB_Device_Library/Core/Src/usbd_ioreq.o
LOAD Middlewares/Third_Party/FatFs/src/diskio.o
LOAD Middlewares/Third_Party/FatFs/src/ff.o
LOAD Middlewares/Third_Party/FatFs/src/ff_gen_drv.o
LOAD Middlewares/Third_Party/FatFs/src/option/syscall.o
LOAD Sinteck/Fonts/lv_font_eurostile_10.o
LOAD Sinteck/Fonts/lv_font_eurostile_24.o
LOAD Sinteck/GUI/main_screen.o
LOAD Sinteck/GUI/screen_audio.o
LOAD Sinteck/GUI/screen_frequency.o
LOAD Sinteck/GUI/screen_mpx.o
LOAD Sinteck/GUI/screen_reading_efic.o
LOAD Sinteck/GUI/screen_reading_status.o
LOAD Sinteck/GUI/screen_reading_temp.o
LOAD Sinteck/GUI/screen_reading_vpa.o
LOAD Sinteck/GUI/screen_readings.o
LOAD Sinteck/GUI/screen_rf.o
LOAD Sinteck/GUI/screen_sel.o
LOAD Sinteck/img_inc/Btn_50u.o
LOAD Sinteck/img_inc/Btn_50u_am.o
LOAD Sinteck/img_inc/Btn_75u.o
LOAD Sinteck/img_inc/Btn_75u_am.o
LOAD Sinteck/img_inc/Btn_Audio.o
LOAD Sinteck/img_inc/Btn_Audio_am.o
LOAD Sinteck/img_inc/Btn_Frequency.o
LOAD Sinteck/img_inc/Btn_Frequency_am.o
LOAD Sinteck/img_inc/Btn_RF.o
LOAD Sinteck/img_inc/Btn_RF_am.o
LOAD Sinteck/img_inc/Btn_Readings.o
LOAD Sinteck/img_inc/Btn_Readings_am.o
LOAD Sinteck/img_inc/Btn_mic.o
LOAD Sinteck/img_inc/Btn_mic_am.o
LOAD Sinteck/img_inc/Btn_mono.o
LOAD Sinteck/img_inc/Btn_mono_am.o
LOAD Sinteck/img_inc/Btn_mp3.o
LOAD Sinteck/img_inc/Btn_mp3Next.o
LOAD Sinteck/img_inc/Btn_mp3Next_am.o
LOAD Sinteck/img_inc/Btn_mp3Next_vd.o
LOAD Sinteck/img_inc/Btn_mp3Pause.o
LOAD Sinteck/img_inc/Btn_mp3Pause_am.o
LOAD Sinteck/img_inc/Btn_mp3Pause_vd.o
LOAD Sinteck/img_inc/Btn_mp3Play.o
LOAD Sinteck/img_inc/Btn_mp3Play_am.o
LOAD Sinteck/img_inc/Btn_mp3Play_vd.o
LOAD Sinteck/img_inc/Btn_mp3Prev.o
LOAD Sinteck/img_inc/Btn_mp3Prev_am.o
LOAD Sinteck/img_inc/Btn_mp3Prev_vd.o
LOAD Sinteck/img_inc/Btn_mp3Stop.o
LOAD Sinteck/img_inc/Btn_mp3Stop_am.o
LOAD Sinteck/img_inc/Btn_mp3Stop_vd.o
LOAD Sinteck/img_inc/Btn_mp3_am.o
LOAD Sinteck/img_inc/Btn_mpxext.o
LOAD Sinteck/img_inc/Btn_mpxext_am.o
LOAD Sinteck/img_inc/Btn_mpxint.o
LOAD Sinteck/img_inc/Btn_mpxint_am.o
LOAD Sinteck/img_inc/Btn_next.o
LOAD Sinteck/img_inc/Btn_off.o
LOAD Sinteck/img_inc/Btn_off_am.o
LOAD Sinteck/img_inc/Btn_on.o
LOAD Sinteck/img_inc/Btn_on_am.o
LOAD Sinteck/img_inc/Btn_poweroff.o
LOAD Sinteck/img_inc/Btn_poweroff_am.o
LOAD Sinteck/img_inc/Btn_poweroff_vm.o
LOAD Sinteck/img_inc/Btn_poweron.o
LOAD Sinteck/img_inc/Btn_poweron_am.o
LOAD Sinteck/img_inc/Btn_poweron_vd.o
LOAD Sinteck/img_inc/Btn_prev.o
LOAD Sinteck/img_inc/Btn_stereo.o
LOAD Sinteck/img_inc/Btn_stereo_am.o
LOAD Sinteck/img_inc/stereo_off.o
LOAD Sinteck/img_inc/stereo_vd.o
LOAD Sinteck/img_inc/tela_0.o
LOAD Sinteck/img_inc/tela_audio.o
LOAD Sinteck/img_inc/tela_audio_1.o
LOAD Sinteck/img_inc/tela_audio_2.o
LOAD Sinteck/img_inc/tela_freq.o
LOAD Sinteck/img_inc/tela_reading_audio.o
LOAD Sinteck/img_inc/tela_reading_efic.o
LOAD Sinteck/img_inc/tela_reading_rf.o
LOAD Sinteck/img_inc/tela_reading_temp.o
LOAD Sinteck/img_inc/tela_reading_vpa.o
LOAD Sinteck/img_inc/tela_rf.o
LOAD Sinteck/img_inc/tela_rf_1.o
LOAD Sinteck/img_inc/tela_rf_2.o
LOAD Sinteck/img_inc/tela_sel.o
LOAD Sinteck/img_inc/tela_status.o
LOAD USB_DEVICE/App/usb_device.o
LOAD USB_DEVICE/App/usbd_desc.o
LOAD USB_DEVICE/App/usbd_storage_if.o
LOAD USB_DEVICE/Target/usbd_conf.o
LOAD lvgl/porting/lv_port_disp_template.o
LOAD lvgl/porting/lv_port_fs_template.o
LOAD lvgl/porting/lv_port_indev_template.o
LOAD lvgl/src/lv_core/lv_disp.o
LOAD lvgl/src/lv_core/lv_group.o
LOAD lvgl/src/lv_core/lv_indev.o
LOAD lvgl/src/lv_core/lv_obj.o
LOAD lvgl/src/lv_core/lv_refr.o
LOAD lvgl/src/lv_core/lv_style.o
LOAD lvgl/src/lv_draw/lv_draw.o
LOAD lvgl/src/lv_draw/lv_draw_arc.o
LOAD lvgl/src/lv_draw/lv_draw_basic.o
LOAD lvgl/src/lv_draw/lv_draw_img.o
LOAD lvgl/src/lv_draw/lv_draw_label.o
LOAD lvgl/src/lv_draw/lv_draw_line.o
LOAD lvgl/src/lv_draw/lv_draw_rect.o
LOAD lvgl/src/lv_draw/lv_draw_triangle.o
LOAD lvgl/src/lv_draw/lv_img_cache.o
LOAD lvgl/src/lv_draw/lv_img_decoder.o
LOAD lvgl/src/lv_font/lv_font.o
LOAD lvgl/src/lv_font/lv_font_fmt_txt.o
LOAD lvgl/src/lv_font/lv_font_roboto_12.o
LOAD lvgl/src/lv_font/lv_font_roboto_16.o
LOAD lvgl/src/lv_font/lv_font_roboto_22.o
LOAD lvgl/src/lv_font/lv_font_roboto_28.o
LOAD lvgl/src/lv_font/lv_font_unscii_8.o
LOAD lvgl/src/lv_hal/lv_hal_disp.o
LOAD lvgl/src/lv_hal/lv_hal_indev.o
LOAD lvgl/src/lv_hal/lv_hal_tick.o
LOAD lvgl/src/lv_misc/lv_anim.o
LOAD lvgl/src/lv_misc/lv_area.o
LOAD lvgl/src/lv_misc/lv_async.o
LOAD lvgl/src/lv_misc/lv_circ.o
LOAD lvgl/src/lv_misc/lv_color.o
LOAD lvgl/src/lv_misc/lv_fs.o
LOAD lvgl/src/lv_misc/lv_gc.o
LOAD lvgl/src/lv_misc/lv_ll.o
LOAD lvgl/src/lv_misc/lv_log.o
LOAD lvgl/src/lv_misc/lv_math.o
LOAD lvgl/src/lv_misc/lv_mem.o
LOAD lvgl/src/lv_misc/lv_task.o
LOAD lvgl/src/lv_misc/lv_templ.o
LOAD lvgl/src/lv_misc/lv_txt.o
LOAD lvgl/src/lv_misc/lv_utils.o
LOAD lvgl/src/lv_objx/lv_arc.o
LOAD lvgl/src/lv_objx/lv_bar.o
LOAD lvgl/src/lv_objx/lv_btn.o
LOAD lvgl/src/lv_objx/lv_btnm.o
LOAD lvgl/src/lv_objx/lv_calendar.o
LOAD lvgl/src/lv_objx/lv_canvas.o
LOAD lvgl/src/lv_objx/lv_cb.o
LOAD lvgl/src/lv_objx/lv_chart.o
LOAD lvgl/src/lv_objx/lv_cont.o
LOAD lvgl/src/lv_objx/lv_ddlist.o
LOAD lvgl/src/lv_objx/lv_gauge.o
LOAD lvgl/src/lv_objx/lv_img.o
LOAD lvgl/src/lv_objx/lv_imgbtn.o
LOAD lvgl/src/lv_objx/lv_kb.o
LOAD lvgl/src/lv_objx/lv_label.o
LOAD lvgl/src/lv_objx/lv_led.o
LOAD lvgl/src/lv_objx/lv_line.o
LOAD lvgl/src/lv_objx/lv_list.o
LOAD lvgl/src/lv_objx/lv_lmeter.o
LOAD lvgl/src/lv_objx/lv_mbox.o
LOAD lvgl/src/lv_objx/lv_objx_templ.o
LOAD lvgl/src/lv_objx/lv_page.o
LOAD lvgl/src/lv_objx/lv_preload.o
LOAD lvgl/src/lv_objx/lv_roller.o
LOAD lvgl/src/lv_objx/lv_slider.o
LOAD lvgl/src/lv_objx/lv_spinbox.o
LOAD lvgl/src/lv_objx/lv_sw.o
LOAD lvgl/src/lv_objx/lv_ta.o
LOAD lvgl/src/lv_objx/lv_table.o
LOAD lvgl/src/lv_objx/lv_tabview.o
LOAD lvgl/src/lv_objx/lv_tileview.o
LOAD lvgl/src/lv_objx/lv_win.o
LOAD lvgl/src/lv_themes/lv_theme.o
LOAD lvgl/src/lv_themes/lv_theme_alien.o
LOAD lvgl/src/lv_themes/lv_theme_default.o
LOAD lvgl/src/lv_themes/lv_theme_material.o
LOAD lvgl/src/lv_themes/lv_theme_mono.o
LOAD lvgl/src/lv_themes/lv_theme_nemo.o
LOAD lvgl/src/lv_themes/lv_theme_night.o
LOAD lvgl/src/lv_themes/lv_theme_templ.o
LOAD lvgl/src/lv_themes/lv_theme_zen.o
LOAD startup/startup_stm32l476xx.o
                0x0000000000001000                malloc_getpagesize_P = 0x1000
START GROUP
LOAD /opt/Atollic_TrueSTUDIO_for_STM32_x86_64_9.3.0/ARMTools/bin/../lib/gcc/arm-atollic-eabi/6.3.1/../../../../arm-atollic-eabi/lib/armv7e-m/fpu/libc.a
LOAD /opt/Atollic_TrueSTUDIO_for_STM32_x86_64_9.3.0/ARMTools/bin/../lib/gcc/arm-atollic-eabi/6.3.1/../../../../arm-atollic-eabi/lib/armv7e-m/fpu/libm.a
END GROUP
START GROUP
LOAD /opt/Atollic_TrueSTUDIO_for_STM32_x86_64_9.3.0/ARMTools/bin/../lib/gcc/arm-atollic-eabi/6.3.1/armv7e-m/fpu/libgcc.a
LOAD /opt/Atollic_TrueSTUDIO_for_STM32_x86_64_9.3.0/ARMTools/bin/../lib/gcc/arm-atollic-eabi/6.3.1/../../../../arm-atollic-eabi/lib/armv7e-m/fpu/libc.a
END GROUP
START GROUP
LOAD /opt/Atollic_TrueSTUDIO_for_STM32_x86_64_9.3.0/ARMTools/bin/../lib/gcc/arm-atollic-eabi/6.3.1/armv7e-m/fpu/libgcc.a
LOAD /opt/Atollic_TrueSTUDIO_for_STM32_x86_64_9.3.0/ARMTools/bin/../lib/gcc/arm-atollic-eabi/6.3.1/../../../../arm-atollic-eabi/lib/armv7e-m/fpu/libc.a
LOAD /opt/Atollic_TrueSTUDIO_for_STM32_x86_64_9.3.0/ARMTools/bin/../lib/gcc/arm-atollic-eabi/6.3.1/../../../../arm-atollic-eabi/lib/armv7e-m/fpu/libnosys.a
END GROUP
LOAD /opt/Atollic_TrueSTUDIO_for_STM32_x86_64_9.3.0/ARMTools/bin/../lib/gcc/arm-atollic-eabi/6.3.1/armv7e-m/fpu/crtend.o
LOAD /opt/Atollic_TrueSTUDIO_for_STM32_x86_64_9.3.0/ARMTools/bin/../lib/gcc/arm-atollic-eabi/6.3.1/armv7e-m/fpu/crtn.o
                0x0000000020018000                _estack = 0x20018000
                0x0000000000000200                _Min_Heap_Size = 0x200
                0x0000000000000400                _Min_Stack_Size = 0x400

.isr_vector     0x0000000008000000      0x188
                0x0000000008000000                . = ALIGN (0x4)
 *(.isr_vector)
 .isr_vector    0x0000000008000000      0x188 startup/startup_stm32l476xx.o
                0x0000000008000000                g_pfnVectors
                0x0000000008000188                . = ALIGN (0x4)

.text           0x0000000008000190    0x1c8e0
                0x0000000008000190                . = ALIGN (0x4)
 *(.text)
 .text          0x0000000008000190       0x40 /opt/Atollic_TrueSTUDIO_for_STM32_x86_64_9.3.0/ARMTools/bin/../lib/gcc/arm-atollic-eabi/6.3.1/armv7e-m/fpu/crtbegin.o
 .text          0x00000000080001d0       0x10 /opt/Atollic_TrueSTUDIO_for_STM32_x86_64_9.3.0/ARMTools/bin/../lib/gcc/arm-atollic-eabi/6.3.1/../../../../arm-atollic-eabi/lib/armv7e-m/fpu/libc.a(lib_a-strlen.o)
                0x00000000080001d0                strlen
 .text          0x00000000080001e0       0xa0 /opt/Atollic_TrueSTUDIO_for_STM32_x86_64_9.3.0/ARMTools/bin/../lib/gcc/arm-atollic-eabi/6.3.1/../../../../arm-atollic-eabi/lib/armv7e-m/fpu/libc.a(lib_a-memchr.o)
                0x00000000080001e0                memchr
 .text          0x0000000008000280      0x370 /opt/Atollic_TrueSTUDIO_for_STM32_x86_64_9.3.0/ARMTools/bin/../lib/gcc/arm-atollic-eabi/6.3.1/armv7e-m/fpu/libgcc.a(_arm_addsubdf3.o)
                0x0000000008000280                __aeabi_drsub
                0x0000000008000288                __aeabi_dsub
                0x0000000008000288                __subdf3
                0x000000000800028c                __adddf3
                0x000000000800028c                __aeabi_dadd
                0x0000000008000504                __aeabi_ui2d
                0x0000000008000504                __floatunsidf
                0x0000000008000524                __floatsidf
                0x0000000008000524                __aeabi_i2d
                0x0000000008000548                __extendsfdf2
                0x0000000008000548                __aeabi_f2d
                0x0000000008000584                __aeabi_ul2d
                0x0000000008000584                __floatundidf
                0x0000000008000594                __floatdidf
                0x0000000008000594                __aeabi_l2d
 .text          0x00000000080005f0      0x424 /opt/Atollic_TrueSTUDIO_for_STM32_x86_64_9.3.0/ARMTools/bin/../lib/gcc/arm-atollic-eabi/6.3.1/armv7e-m/fpu/libgcc.a(_arm_muldivdf3.o)
                0x00000000080005f0                __aeabi_dmul
                0x00000000080005f0                __muldf3
                0x0000000008000844                __aeabi_ddiv
                0x0000000008000844                __divdf3
 .text          0x0000000008000a14      0x110 /opt/Atollic_TrueSTUDIO_for_STM32_x86_64_9.3.0/ARMTools/bin/../lib/gcc/arm-atollic-eabi/6.3.1/armv7e-m/fpu/libgcc.a(_arm_cmpdf2.o)
                0x0000000008000a14                __gtdf2
                0x0000000008000a14                __gedf2
                0x0000000008000a1c                __ltdf2
                0x0000000008000a1c                __ledf2
                0x0000000008000a24                __cmpdf2
                0x0000000008000a24                __eqdf2
                0x0000000008000a24                __nedf2
                0x0000000008000aa0                __aeabi_cdrcmple
                0x0000000008000ab0                __aeabi_cdcmple
                0x0000000008000ab0                __aeabi_cdcmpeq
                0x0000000008000ac0                __aeabi_dcmpeq
                0x0000000008000ad4                __aeabi_dcmplt
                0x0000000008000ae8                __aeabi_dcmple
                0x0000000008000afc                __aeabi_dcmpge
                0x0000000008000b10                __aeabi_dcmpgt
 .text          0x0000000008000b24       0x2c /opt/Atollic_TrueSTUDIO_for_STM32_x86_64_9.3.0/ARMTools/bin/../lib/gcc/arm-atollic-eabi/6.3.1/armv7e-m/fpu/libgcc.a(_arm_unorddf2.o)
                0x0000000008000b24                __aeabi_dcmpun
                0x0000000008000b24                __unorddf2
 .text          0x0000000008000b50       0x50 /opt/Atollic_TrueSTUDIO_for_STM32_x86_64_9.3.0/ARMTools/bin/../lib/gcc/arm-atollic-eabi/6.3.1/armv7e-m/fpu/libgcc.a(_arm_fixdfsi.o)
                0x0000000008000b50                __fixdfsi
                0x0000000008000b50                __aeabi_d2iz
 .text          0x0000000008000ba0       0x30 /opt/Atollic_TrueSTUDIO_for_STM32_x86_64_9.3.0/ARMTools/bin/../lib/gcc/arm-atollic-eabi/6.3.1/armv7e-m/fpu/libgcc.a(_aeabi_uldivmod.o)
                0x0000000008000ba0                __aeabi_uldivmod
 .text          0x0000000008000bd0      0x2dc /opt/Atollic_TrueSTUDIO_for_STM32_x86_64_9.3.0/ARMTools/bin/../lib/gcc/arm-atollic-eabi/6.3.1/armv7e-m/fpu/libgcc.a(_udivmoddi4.o)
                0x0000000008000bd0                __udivmoddi4
 .text          0x0000000008000eac        0x4 /opt/Atollic_TrueSTUDIO_for_STM32_x86_64_9.3.0/ARMTools/bin/../lib/gcc/arm-atollic-eabi/6.3.1/armv7e-m/fpu/libgcc.a(_dvmd_tls.o)
                0x0000000008000eac                __aeabi_ldiv0
                0x0000000008000eac                __aeabi_idiv0
 *(.text*)
 .text.ST7735_write
                0x0000000008000eb0       0x20 Core/Src/ST7735.o
                0x0000000008000eb0                ST7735_write
 .text.ST7735_cmd
                0x0000000008000ed0       0x1c Core/Src/ST7735.o
                0x0000000008000ed0                ST7735_cmd
 .text.ST7735_data
                0x0000000008000eec       0x1c Core/Src/ST7735.o
                0x0000000008000eec                ST7735_data
 .text.ST7735_Orientation
                0x0000000008000f08       0x6c Core/Src/ST7735.o
                0x0000000008000f08                ST7735_Orientation
 .text.ST7735_Init
                0x0000000008000f74      0x11c Core/Src/ST7735.o
                0x0000000008000f74                ST7735_Init
 .text.ST7735_AddrSet
                0x0000000008001090       0x70 Core/Src/ST7735.o
                0x0000000008001090                ST7735_AddrSet
 .text.ST7735_Clear
                0x0000000008001100       0x70 Core/Src/ST7735.o
                0x0000000008001100                ST7735_Clear
 .text.ST7735_Flush_2
                0x0000000008001170       0xdc Core/Src/ST7735.o
                0x0000000008001170                ST7735_Flush_2
 .text.ST7735_Flush_3
                0x000000000800124c        0x4 Core/Src/ST7735.o
                0x000000000800124c                ST7735_Flush_3
 .text.HAL_SPI_ErrorCallback
                0x0000000008001250        0xc Core/Src/ST7735.o
                0x0000000008001250                HAL_SPI_ErrorCallback
 .text.ClearLog
                0x000000000800125c       0x1c Core/Src/key.o
                0x000000000800125c                ClearLog
 .text.KeyboardInit
                0x0000000008001278       0x40 Core/Src/key.o
                0x0000000008001278                KeyboardInit
 .text.KeyboardSetMode
                0x00000000080012b8       0x38 Core/Src/key.o
                0x00000000080012b8                KeyboardSetMode
 .text.PushButton_Read
                0x00000000080012f0       0x48 Core/Src/key.o
                0x00000000080012f0                PushButton_Read
 .text.Evt_EnQueue
                0x0000000008001338       0x38 Core/Src/key.o
                0x0000000008001338                Evt_EnQueue
 .text.KeyboardRead
                0x0000000008001370      0x114 Core/Src/key.o
                0x0000000008001370                KeyboardRead
 .text.Key_Read
                0x0000000008001484       0x12 Core/Src/key.o
                0x0000000008001484                Key_Read
 *fill*         0x0000000008001496        0x2 
 .text.Evt_DeQueue
                0x0000000008001498       0x3c Core/Src/key.o
                0x0000000008001498                Evt_DeQueue
 .text.Evt_InitQueue
                0x00000000080014d4       0x14 Core/Src/key.o
                0x00000000080014d4                Evt_InitQueue
 .text.ButtonEvent
                0x00000000080014e8      0x148 Core/Src/key.o
                0x00000000080014e8                ButtonEvent
 .text.HAL_printf_valist
                0x0000000008001630       0x44 Core/Src/log.o
                0x0000000008001630                HAL_printf_valist
 .text.logI     0x0000000008001674       0x1a Core/Src/log.o
                0x0000000008001674                logI
 *fill*         0x000000000800168e        0x2 
 .text.SystemClock_Config
                0x0000000008001690       0xc8 Core/Src/main.o
                0x0000000008001690                SystemClock_Config
 .text.startup.main
                0x0000000008001758      0x540 Core/Src/main.o
                0x0000000008001758                main
 .text.HAL_TIM_PeriodElapsedCallback
                0x0000000008001c98       0x48 Core/Src/main.o
                0x0000000008001c98                HAL_TIM_PeriodElapsedCallback
 .text.Error_Handler
                0x0000000008001ce0        0x2 Core/Src/main.o
                0x0000000008001ce0                Error_Handler
 *fill*         0x0000000008001ce2        0x2 
 .text.Read_Encoder
                0x0000000008001ce4       0x98 Core/Src/misc.o
                0x0000000008001ce4                Read_Encoder
 .text.tft_backlight
                0x0000000008001d7c       0x2c Core/Src/misc.o
                0x0000000008001d7c                tft_backlight
 .text.HAL_MspInit
                0x0000000008001da8       0x30 Core/Src/stm32l4xx_hal_msp.o
                0x0000000008001da8                HAL_MspInit
 .text.HAL_ADC_MspInit
                0x0000000008001dd8       0x60 Core/Src/stm32l4xx_hal_msp.o
                0x0000000008001dd8                HAL_ADC_MspInit
 .text.HAL_DAC_MspInit
                0x0000000008001e38       0x6c Core/Src/stm32l4xx_hal_msp.o
                0x0000000008001e38                HAL_DAC_MspInit
 .text.HAL_I2C_MspInit
                0x0000000008001ea4       0x6c Core/Src/stm32l4xx_hal_msp.o
                0x0000000008001ea4                HAL_I2C_MspInit
 .text.HAL_QSPI_MspInit
                0x0000000008001f10       0xdc Core/Src/stm32l4xx_hal_msp.o
                0x0000000008001f10                HAL_QSPI_MspInit
 .text.HAL_RTC_MspInit
                0x0000000008001fec       0x20 Core/Src/stm32l4xx_hal_msp.o
                0x0000000008001fec                HAL_RTC_MspInit
 .text.HAL_SPI_MspInit
                0x000000000800200c       0xe8 Core/Src/stm32l4xx_hal_msp.o
                0x000000000800200c                HAL_SPI_MspInit
 .text.HAL_TIM_Base_MspInit
                0x00000000080020f4       0x28 Core/Src/stm32l4xx_hal_msp.o
                0x00000000080020f4                HAL_TIM_Base_MspInit
 .text.HAL_TIM_MspPostInit
                0x000000000800211c       0x4c Core/Src/stm32l4xx_hal_msp.o
                0x000000000800211c                HAL_TIM_MspPostInit
 .text.HAL_UART_MspInit
                0x0000000008002168       0x64 Core/Src/stm32l4xx_hal_msp.o
                0x0000000008002168                HAL_UART_MspInit
 .text.HAL_InitTick
                0x00000000080021cc       0x78 Core/Src/stm32l4xx_hal_timebase_tim.o
                0x00000000080021cc                HAL_InitTick
 .text.NMI_Handler
                0x0000000008002244        0x2 Core/Src/stm32l4xx_it.o
                0x0000000008002244                NMI_Handler
 .text.HardFault_Handler
                0x0000000008002246        0x2 Core/Src/stm32l4xx_it.o
                0x0000000008002246                HardFault_Handler
 .text.MemManage_Handler
                0x0000000008002248        0x2 Core/Src/stm32l4xx_it.o
                0x0000000008002248                MemManage_Handler
 .text.BusFault_Handler
                0x000000000800224a        0x2 Core/Src/stm32l4xx_it.o
                0x000000000800224a                BusFault_Handler
 .text.UsageFault_Handler
                0x000000000800224c        0x2 Core/Src/stm32l4xx_it.o
                0x000000000800224c                UsageFault_Handler
 .text.SVC_Handler
                0x000000000800224e        0x2 Core/Src/stm32l4xx_it.o
                0x000000000800224e                SVC_Handler
 .text.DebugMon_Handler
                0x0000000008002250        0x2 Core/Src/stm32l4xx_it.o
                0x0000000008002250                DebugMon_Handler
 .text.PendSV_Handler
                0x0000000008002252        0x2 Core/Src/stm32l4xx_it.o
                0x0000000008002252                PendSV_Handler
 .text.SysTick_Handler
                0x0000000008002254        0x2 Core/Src/stm32l4xx_it.o
                0x0000000008002254                SysTick_Handler
 *fill*         0x0000000008002256        0x2 
 .text.DMA1_Channel5_IRQHandler
                0x0000000008002258        0xc Core/Src/stm32l4xx_it.o
                0x0000000008002258                DMA1_Channel5_IRQHandler
 .text.SPI3_IRQHandler
                0x0000000008002264        0xc Core/Src/stm32l4xx_it.o
                0x0000000008002264                SPI3_IRQHandler
 .text.TIM6_DAC_IRQHandler
                0x0000000008002270       0x1c Core/Src/stm32l4xx_it.o
                0x0000000008002270                TIM6_DAC_IRQHandler
 .text.DMA2_Channel1_IRQHandler
                0x000000000800228c        0xc Core/Src/stm32l4xx_it.o
                0x000000000800228c                DMA2_Channel1_IRQHandler
 .text.DMA2_Channel2_IRQHandler
                0x0000000008002298        0xc Core/Src/stm32l4xx_it.o
                0x0000000008002298                DMA2_Channel2_IRQHandler
 .text.OTG_FS_IRQHandler
                0x00000000080022a4        0xc Core/Src/stm32l4xx_it.o
                0x00000000080022a4                OTG_FS_IRQHandler
 .text.QUADSPI_IRQHandler
                0x00000000080022b0        0xc Core/Src/stm32l4xx_it.o
                0x00000000080022b0                QUADSPI_IRQHandler
 .text._sbrk    0x00000000080022bc       0x34 Core/Src/syscalls.o
                0x00000000080022bc                _sbrk
 .text.SystemInit
                0x00000000080022f0       0x48 Core/Src/system_stm32l4xx.o
                0x00000000080022f0                SystemInit
 .text.W25qxx_Spi
                0x0000000008002338       0x28 Core/Src/w25qxx.o
                0x0000000008002338                W25qxx_Spi
 .text.W25qxx_ReadID
                0x0000000008002360       0x44 Core/Src/w25qxx.o
                0x0000000008002360                W25qxx_ReadID
 .text.W25qxx_ReadUniqID
                0x00000000080023a4       0x54 Core/Src/w25qxx.o
                0x00000000080023a4                W25qxx_ReadUniqID
 .text.W25qxx_ReadStatusRegister
                0x00000000080023f8       0x68 Core/Src/w25qxx.o
                0x00000000080023f8                W25qxx_ReadStatusRegister
 .text.W25qxx_Init
                0x0000000008002460      0x1b0 Core/Src/w25qxx.o
                0x0000000008002460                W25qxx_Init
 .text.HAL_Init
                0x0000000008002610       0x2c Drivers/STM32L4xx_HAL_Driver/Src/stm32l4xx_hal.o
                0x0000000008002610                HAL_Init
 .text.HAL_IncTick
                0x000000000800263c       0x18 Drivers/STM32L4xx_HAL_Driver/Src/stm32l4xx_hal.o
                0x000000000800263c                HAL_IncTick
 .text.HAL_GetTick
                0x0000000008002654        0xc Drivers/STM32L4xx_HAL_Driver/Src/stm32l4xx_hal.o
                0x0000000008002654                HAL_GetTick
 .text.HAL_Delay
                0x0000000008002660       0x28 Drivers/STM32L4xx_HAL_Driver/Src/stm32l4xx_hal.o
                0x0000000008002660                HAL_Delay
 .text.LL_ADC_SetChannelSamplingTime
                0x0000000008002688       0x22 Drivers/STM32L4xx_HAL_Driver/Src/stm32l4xx_hal_adc.o
 .text.LL_ADC_IsEnabled
                0x00000000080026aa        0x8 Drivers/STM32L4xx_HAL_Driver/Src/stm32l4xx_hal_adc.o
 .text.LL_ADC_REG_IsConversionOngoing
                0x00000000080026b2        0x8 Drivers/STM32L4xx_HAL_Driver/Src/stm32l4xx_hal_adc.o
 *fill*         0x00000000080026ba        0x2 
 .text.HAL_ADC_Init
                0x00000000080026bc      0x1c0 Drivers/STM32L4xx_HAL_Driver/Src/stm32l4xx_hal_adc.o
                0x00000000080026bc                HAL_ADC_Init
 .text.HAL_ADC_ConfigChannel
                0x000000000800287c      0x3ac Drivers/STM32L4xx_HAL_Driver/Src/stm32l4xx_hal_adc.o
                0x000000000800287c                HAL_ADC_ConfigChannel
 .text.LL_ADC_IsEnabled
                0x0000000008002c28        0x8 Drivers/STM32L4xx_HAL_Driver/Src/stm32l4xx_hal_adc_ex.o
 .text.LL_ADC_REG_IsConversionOngoing
                0x0000000008002c30        0x8 Drivers/STM32L4xx_HAL_Driver/Src/stm32l4xx_hal_adc_ex.o
 .text.HAL_ADCEx_MultiModeConfigChannel
                0x0000000008002c38       0xf0 Drivers/STM32L4xx_HAL_Driver/Src/stm32l4xx_hal_adc_ex.o
                0x0000000008002c38                HAL_ADCEx_MultiModeConfigChannel
 .text.HAL_NVIC_SetPriorityGrouping
                0x0000000008002d28       0x24 Drivers/STM32L4xx_HAL_Driver/Src/stm32l4xx_hal_cortex.o
                0x0000000008002d28                HAL_NVIC_SetPriorityGrouping
 .text.HAL_NVIC_SetPriority
                0x0000000008002d4c       0x68 Drivers/STM32L4xx_HAL_Driver/Src/stm32l4xx_hal_cortex.o
                0x0000000008002d4c                HAL_NVIC_SetPriority
 .text.HAL_NVIC_EnableIRQ
                0x0000000008002db4       0x1c Drivers/STM32L4xx_HAL_Driver/Src/stm32l4xx_hal_cortex.o
                0x0000000008002db4                HAL_NVIC_EnableIRQ
 .text.HAL_DAC_Init
                0x0000000008002dd0       0x26 Drivers/STM32L4xx_HAL_Driver/Src/stm32l4xx_hal_dac.o
                0x0000000008002dd0                HAL_DAC_Init
 .text.HAL_DAC_DMAUnderrunCallbackCh1
                0x0000000008002df6        0x2 Drivers/STM32L4xx_HAL_Driver/Src/stm32l4xx_hal_dac.o
                0x0000000008002df6                HAL_DAC_DMAUnderrunCallbackCh1
 .text.HAL_DAC_IRQHandler
                0x0000000008002df8       0x64 Drivers/STM32L4xx_HAL_Driver/Src/stm32l4xx_hal_dac.o
                0x0000000008002df8                HAL_DAC_IRQHandler
 .text.HAL_DAC_ConfigChannel
                0x0000000008002e5c      0x112 Drivers/STM32L4xx_HAL_Driver/Src/stm32l4xx_hal_dac.o
                0x0000000008002e5c                HAL_DAC_ConfigChannel
 .text.HAL_DACEx_DMAUnderrunCallbackCh2
                0x0000000008002f6e        0x2 Drivers/STM32L4xx_HAL_Driver/Src/stm32l4xx_hal_dac_ex.o
                0x0000000008002f6e                HAL_DACEx_DMAUnderrunCallbackCh2
 .text.HAL_DMA_Init
                0x0000000008002f70       0xc4 Drivers/STM32L4xx_HAL_Driver/Src/stm32l4xx_hal_dma.o
                0x0000000008002f70                HAL_DMA_Init
 .text.HAL_DMA_Abort_IT
                0x0000000008003034       0x4c Drivers/STM32L4xx_HAL_Driver/Src/stm32l4xx_hal_dma.o
                0x0000000008003034                HAL_DMA_Abort_IT
 .text.HAL_DMA_IRQHandler
                0x0000000008003080       0x94 Drivers/STM32L4xx_HAL_Driver/Src/stm32l4xx_hal_dma.o
                0x0000000008003080                HAL_DMA_IRQHandler
 .text.HAL_GPIO_Init
                0x0000000008003114      0x1b8 Drivers/STM32L4xx_HAL_Driver/Src/stm32l4xx_hal_gpio.o
                0x0000000008003114                HAL_GPIO_Init
 .text.HAL_GPIO_ReadPin
                0x00000000080032cc        0xc Drivers/STM32L4xx_HAL_Driver/Src/stm32l4xx_hal_gpio.o
                0x00000000080032cc                HAL_GPIO_ReadPin
 .text.HAL_GPIO_WritePin
                0x00000000080032d8        0xa Drivers/STM32L4xx_HAL_Driver/Src/stm32l4xx_hal_gpio.o
                0x00000000080032d8                HAL_GPIO_WritePin
 .text.HAL_GPIO_TogglePin
                0x00000000080032e2        0xc Drivers/STM32L4xx_HAL_Driver/Src/stm32l4xx_hal_gpio.o
                0x00000000080032e2                HAL_GPIO_TogglePin
 .text.HAL_I2C_Init
                0x00000000080032ee       0xa2 Drivers/STM32L4xx_HAL_Driver/Src/stm32l4xx_hal_i2c.o
                0x00000000080032ee                HAL_I2C_Init
 .text.HAL_I2CEx_ConfigAnalogFilter
                0x0000000008003390       0x4c Drivers/STM32L4xx_HAL_Driver/Src/stm32l4xx_hal_i2c_ex.o
                0x0000000008003390                HAL_I2CEx_ConfigAnalogFilter
 .text.HAL_I2CEx_ConfigDigitalFilter
                0x00000000080033dc       0x4a Drivers/STM32L4xx_HAL_Driver/Src/stm32l4xx_hal_i2c_ex.o
                0x00000000080033dc                HAL_I2CEx_ConfigDigitalFilter
 .text.HAL_PCD_Init
                0x0000000008003426      0x11a Drivers/STM32L4xx_HAL_Driver/Src/stm32l4xx_hal_pcd.o
                0x0000000008003426                HAL_PCD_Init
 .text.HAL_PCD_Start
                0x0000000008003540       0x38 Drivers/STM32L4xx_HAL_Driver/Src/stm32l4xx_hal_pcd.o
                0x0000000008003540                HAL_PCD_Start
 .text.HAL_PCD_IRQHandler
                0x0000000008003578      0x4d0 Drivers/STM32L4xx_HAL_Driver/Src/stm32l4xx_hal_pcd.o
                0x0000000008003578                HAL_PCD_IRQHandler
 .text.HAL_PCD_SetAddress
                0x0000000008003a48       0x28 Drivers/STM32L4xx_HAL_Driver/Src/stm32l4xx_hal_pcd.o
                0x0000000008003a48                HAL_PCD_SetAddress
 .text.HAL_PCD_EP_Open
                0x0000000008003a70       0x6a Drivers/STM32L4xx_HAL_Driver/Src/stm32l4xx_hal_pcd.o
                0x0000000008003a70                HAL_PCD_EP_Open
 .text.HAL_PCD_EP_Close
                0x0000000008003ada       0x54 Drivers/STM32L4xx_HAL_Driver/Src/stm32l4xx_hal_pcd.o
                0x0000000008003ada                HAL_PCD_EP_Close
 .text.HAL_PCD_EP_Receive
                0x0000000008003b2e       0x3c Drivers/STM32L4xx_HAL_Driver/Src/stm32l4xx_hal_pcd.o
                0x0000000008003b2e                HAL_PCD_EP_Receive
 .text.HAL_PCD_EP_GetRxCount
                0x0000000008003b6a       0x10 Drivers/STM32L4xx_HAL_Driver/Src/stm32l4xx_hal_pcd.o
                0x0000000008003b6a                HAL_PCD_EP_GetRxCount
 .text.HAL_PCD_EP_Transmit
                0x0000000008003b7a       0x36 Drivers/STM32L4xx_HAL_Driver/Src/stm32l4xx_hal_pcd.o
                0x0000000008003b7a                HAL_PCD_EP_Transmit
 .text.HAL_PCD_EP_SetStall
                0x0000000008003bb0       0x72 Drivers/STM32L4xx_HAL_Driver/Src/stm32l4xx_hal_pcd.o
                0x0000000008003bb0                HAL_PCD_EP_SetStall
 .text.HAL_PCD_EP_ClrStall
                0x0000000008003c22       0x64 Drivers/STM32L4xx_HAL_Driver/Src/stm32l4xx_hal_pcd.o
                0x0000000008003c22                HAL_PCD_EP_ClrStall
 .text.HAL_PCD_EP_Flush
                0x0000000008003c86       0x34 Drivers/STM32L4xx_HAL_Driver/Src/stm32l4xx_hal_pcd.o
                0x0000000008003c86                HAL_PCD_EP_Flush
 .text.HAL_PCDEx_SetTxFiFo
                0x0000000008003cba       0x42 Drivers/STM32L4xx_HAL_Driver/Src/stm32l4xx_hal_pcd_ex.o
                0x0000000008003cba                HAL_PCDEx_SetTxFiFo
 .text.HAL_PCDEx_SetRxFiFo
                0x0000000008003cfc        0x8 Drivers/STM32L4xx_HAL_Driver/Src/stm32l4xx_hal_pcd_ex.o
                0x0000000008003cfc                HAL_PCDEx_SetRxFiFo
 .text.HAL_PCDEx_ActivateLPM
                0x0000000008003d04       0x26 Drivers/STM32L4xx_HAL_Driver/Src/stm32l4xx_hal_pcd_ex.o
                0x0000000008003d04                HAL_PCDEx_ActivateLPM
 *fill*         0x0000000008003d2a        0x2 
 .text.HAL_PWR_EnableBkUpAccess
                0x0000000008003d2c       0x10 Drivers/STM32L4xx_HAL_Driver/Src/stm32l4xx_hal_pwr.o
                0x0000000008003d2c                HAL_PWR_EnableBkUpAccess
 .text.HAL_PWREx_GetVoltageRange
                0x0000000008003d3c       0x10 Drivers/STM32L4xx_HAL_Driver/Src/stm32l4xx_hal_pwr_ex.o
                0x0000000008003d3c                HAL_PWREx_GetVoltageRange
 .text.HAL_PWREx_ControlVoltageScaling
                0x0000000008003d4c       0x6c Drivers/STM32L4xx_HAL_Driver/Src/stm32l4xx_hal_pwr_ex.o
                0x0000000008003d4c                HAL_PWREx_ControlVoltageScaling
 .text.HAL_PWREx_EnableVddUSB
                0x0000000008003db8       0x10 Drivers/STM32L4xx_HAL_Driver/Src/stm32l4xx_hal_pwr_ex.o
                0x0000000008003db8                HAL_PWREx_EnableVddUSB
 .text.QSPI_WaitFlagStateUntilTimeout
                0x0000000008003dc8       0x4c Drivers/STM32L4xx_HAL_Driver/Src/stm32l4xx_hal_qspi.o
 .text.HAL_QSPI_Init
                0x0000000008003e14       0xb0 Drivers/STM32L4xx_HAL_Driver/Src/stm32l4xx_hal_qspi.o
                0x0000000008003e14                HAL_QSPI_Init
 .text.HAL_QSPI_ErrorCallback
                0x0000000008003ec4        0x2 Drivers/STM32L4xx_HAL_Driver/Src/stm32l4xx_hal_qspi.o
                0x0000000008003ec4                HAL_QSPI_ErrorCallback
 .text.QSPI_DMAAbortCplt
                0x0000000008003ec6       0x36 Drivers/STM32L4xx_HAL_Driver/Src/stm32l4xx_hal_qspi.o
 .text.HAL_QSPI_AbortCpltCallback
                0x0000000008003efc        0x2 Drivers/STM32L4xx_HAL_Driver/Src/stm32l4xx_hal_qspi.o
                0x0000000008003efc                HAL_QSPI_AbortCpltCallback
 .text.HAL_QSPI_CmdCpltCallback
                0x0000000008003efe        0x2 Drivers/STM32L4xx_HAL_Driver/Src/stm32l4xx_hal_qspi.o
                0x0000000008003efe                HAL_QSPI_CmdCpltCallback
 .text.HAL_QSPI_RxCpltCallback
                0x0000000008003f00        0x2 Drivers/STM32L4xx_HAL_Driver/Src/stm32l4xx_hal_qspi.o
                0x0000000008003f00                HAL_QSPI_RxCpltCallback
 .text.HAL_QSPI_TxCpltCallback
                0x0000000008003f02        0x2 Drivers/STM32L4xx_HAL_Driver/Src/stm32l4xx_hal_qspi.o
                0x0000000008003f02                HAL_QSPI_TxCpltCallback
 .text.HAL_QSPI_FifoThresholdCallback
                0x0000000008003f04        0x2 Drivers/STM32L4xx_HAL_Driver/Src/stm32l4xx_hal_qspi.o
                0x0000000008003f04                HAL_QSPI_FifoThresholdCallback
 .text.HAL_QSPI_StatusMatchCallback
                0x0000000008003f06        0x2 Drivers/STM32L4xx_HAL_Driver/Src/stm32l4xx_hal_qspi.o
                0x0000000008003f06                HAL_QSPI_StatusMatchCallback
 .text.HAL_QSPI_TimeOutCallback
                0x0000000008003f08        0x2 Drivers/STM32L4xx_HAL_Driver/Src/stm32l4xx_hal_qspi.o
                0x0000000008003f08                HAL_QSPI_TimeOutCallback
 *fill*         0x0000000008003f0a        0x2 
 .text.HAL_QSPI_Abort_IT
                0x0000000008003f0c       0x68 Drivers/STM32L4xx_HAL_Driver/Src/stm32l4xx_hal_qspi.o
                0x0000000008003f0c                HAL_QSPI_Abort_IT
 .text.HAL_QSPI_IRQHandler
                0x0000000008003f74      0x1e4 Drivers/STM32L4xx_HAL_Driver/Src/stm32l4xx_hal_qspi.o
                0x0000000008003f74                HAL_QSPI_IRQHandler
 .text.RCC_SetFlashLatencyFromMSIRange
                0x0000000008004158       0x84 Drivers/STM32L4xx_HAL_Driver/Src/stm32l4xx_hal_rcc.o
 .text.HAL_RCC_GetSysClockFreq
                0x00000000080041dc       0x9c Drivers/STM32L4xx_HAL_Driver/Src/stm32l4xx_hal_rcc.o
                0x00000000080041dc                HAL_RCC_GetSysClockFreq
 .text.HAL_RCC_OscConfig
                0x0000000008004278      0x4c4 Drivers/STM32L4xx_HAL_Driver/Src/stm32l4xx_hal_rcc.o
                0x0000000008004278                HAL_RCC_OscConfig
 .text.HAL_RCC_ClockConfig
                0x000000000800473c      0x12c Drivers/STM32L4xx_HAL_Driver/Src/stm32l4xx_hal_rcc.o
                0x000000000800473c                HAL_RCC_ClockConfig
 .text.HAL_RCC_GetHCLKFreq
                0x0000000008004868        0xc Drivers/STM32L4xx_HAL_Driver/Src/stm32l4xx_hal_rcc.o
                0x0000000008004868                HAL_RCC_GetHCLKFreq
 .text.HAL_RCC_GetPCLK1Freq
                0x0000000008004874       0x24 Drivers/STM32L4xx_HAL_Driver/Src/stm32l4xx_hal_rcc.o
                0x0000000008004874                HAL_RCC_GetPCLK1Freq
 .text.HAL_RCC_GetPCLK2Freq
                0x0000000008004898       0x24 Drivers/STM32L4xx_HAL_Driver/Src/stm32l4xx_hal_rcc.o
                0x0000000008004898                HAL_RCC_GetPCLK2Freq
 .text.HAL_RCC_GetClockConfig
                0x00000000080048bc       0x3c Drivers/STM32L4xx_HAL_Driver/Src/stm32l4xx_hal_rcc.o
                0x00000000080048bc                HAL_RCC_GetClockConfig
 .text.RCCEx_PLLSAI1_Config
                0x00000000080048f8      0x11c Drivers/STM32L4xx_HAL_Driver/Src/stm32l4xx_hal_rcc_ex.o
 .text.RCCEx_PLLSAI2_Config
                0x0000000008004a14       0xfc Drivers/STM32L4xx_HAL_Driver/Src/stm32l4xx_hal_rcc_ex.o
 .text.HAL_RCCEx_PeriphCLKConfig
                0x0000000008004b10      0x3d0 Drivers/STM32L4xx_HAL_Driver/Src/stm32l4xx_hal_rcc_ex.o
                0x0000000008004b10                HAL_RCCEx_PeriphCLKConfig
 .text.HAL_RTC_WaitForSynchro
                0x0000000008004ee0       0x30 Drivers/STM32L4xx_HAL_Driver/Src/stm32l4xx_hal_rtc.o
                0x0000000008004ee0                HAL_RTC_WaitForSynchro
 .text.RTC_EnterInitMode
                0x0000000008004f10       0x44 Drivers/STM32L4xx_HAL_Driver/Src/stm32l4xx_hal_rtc.o
                0x0000000008004f10                RTC_EnterInitMode
 .text.RTC_ExitInitMode
                0x0000000008004f54       0x44 Drivers/STM32L4xx_HAL_Driver/Src/stm32l4xx_hal_rtc.o
                0x0000000008004f54                RTC_ExitInitMode
 .text.HAL_RTC_Init
                0x0000000008004f98       0x8e Drivers/STM32L4xx_HAL_Driver/Src/stm32l4xx_hal_rtc.o
                0x0000000008004f98                HAL_RTC_Init
 .text.RTC_ByteToBcd2
                0x0000000008005026       0x16 Drivers/STM32L4xx_HAL_Driver/Src/stm32l4xx_hal_rtc.o
                0x0000000008005026                RTC_ByteToBcd2
 .text.HAL_RTC_SetTime
                0x000000000800503c       0xbe Drivers/STM32L4xx_HAL_Driver/Src/stm32l4xx_hal_rtc.o
                0x000000000800503c                HAL_RTC_SetTime
 .text.HAL_RTC_SetDate
                0x00000000080050fa       0x9a Drivers/STM32L4xx_HAL_Driver/Src/stm32l4xx_hal_rtc.o
                0x00000000080050fa                HAL_RTC_SetDate
 .text.SPI_WaitFifoStateUntilTimeout.part.1
                0x0000000008005194       0x50 Drivers/STM32L4xx_HAL_Driver/Src/stm32l4xx_hal_spi.o
 .text.SPI_WaitFlagStateUntilTimeout.constprop.10
                0x00000000080051e4       0x2c Drivers/STM32L4xx_HAL_Driver/Src/stm32l4xx_hal_spi.o
 .text.SPI_WaitFifoStateUntilTimeout.constprop.11
                0x0000000008005210       0x34 Drivers/STM32L4xx_HAL_Driver/Src/stm32l4xx_hal_spi.o
 .text.SPI_EndRxTxTransaction
                0x0000000008005244       0x44 Drivers/STM32L4xx_HAL_Driver/Src/stm32l4xx_hal_spi.o
 .text.HAL_SPI_Init
                0x0000000008005288       0xa2 Drivers/STM32L4xx_HAL_Driver/Src/stm32l4xx_hal_spi.o
                0x0000000008005288                HAL_SPI_Init
 .text.HAL_SPI_Transmit
                0x000000000800532a      0x17c Drivers/STM32L4xx_HAL_Driver/Src/stm32l4xx_hal_spi.o
                0x000000000800532a                HAL_SPI_Transmit
 .text.HAL_SPI_TransmitReceive
                0x00000000080054a6      0x248 Drivers/STM32L4xx_HAL_Driver/Src/stm32l4xx_hal_spi.o
                0x00000000080054a6                HAL_SPI_TransmitReceive
 *fill*         0x00000000080056ee        0x2 
 .text.HAL_SPI_IRQHandler
                0x00000000080056f0       0xfc Drivers/STM32L4xx_HAL_Driver/Src/stm32l4xx_hal_spi.o
                0x00000000080056f0                HAL_SPI_IRQHandler
 .text.SPI_DMAAbortOnError
                0x00000000080057ec       0x12 Drivers/STM32L4xx_HAL_Driver/Src/stm32l4xx_hal_spi.o
 *fill*         0x00000000080057fe        0x2 
 .text.TIM_OC1_SetConfig
                0x0000000008005800       0x98 Drivers/STM32L4xx_HAL_Driver/Src/stm32l4xx_hal_tim.o
 .text.TIM_OC3_SetConfig
                0x0000000008005898       0x88 Drivers/STM32L4xx_HAL_Driver/Src/stm32l4xx_hal_tim.o
 .text.TIM_OC4_SetConfig
                0x0000000008005920       0x68 Drivers/STM32L4xx_HAL_Driver/Src/stm32l4xx_hal_tim.o
 .text.TIM_OC5_SetConfig
                0x0000000008005988       0x68 Drivers/STM32L4xx_HAL_Driver/Src/stm32l4xx_hal_tim.o
 .text.TIM_OC6_SetConfig
                0x00000000080059f0       0x68 Drivers/STM32L4xx_HAL_Driver/Src/stm32l4xx_hal_tim.o
 .text.HAL_TIM_Base_Start_IT
                0x0000000008005a58       0x2c Drivers/STM32L4xx_HAL_Driver/Src/stm32l4xx_hal_tim.o
                0x0000000008005a58                HAL_TIM_Base_Start_IT
 .text.HAL_TIM_PWM_MspInit
                0x0000000008005a84        0x2 Drivers/STM32L4xx_HAL_Driver/Src/stm32l4xx_hal_tim.o
                0x0000000008005a84                HAL_TIM_PWM_MspInit
 .text.HAL_TIM_OC_DelayElapsedCallback
                0x0000000008005a86        0x2 Drivers/STM32L4xx_HAL_Driver/Src/stm32l4xx_hal_tim.o
                0x0000000008005a86                HAL_TIM_OC_DelayElapsedCallback
 .text.HAL_TIM_IC_CaptureCallback
                0x0000000008005a88        0x2 Drivers/STM32L4xx_HAL_Driver/Src/stm32l4xx_hal_tim.o
                0x0000000008005a88                HAL_TIM_IC_CaptureCallback
 .text.HAL_TIM_PWM_PulseFinishedCallback
                0x0000000008005a8a        0x2 Drivers/STM32L4xx_HAL_Driver/Src/stm32l4xx_hal_tim.o
                0x0000000008005a8a                HAL_TIM_PWM_PulseFinishedCallback
 .text.HAL_TIM_TriggerCallback
                0x0000000008005a8c        0x2 Drivers/STM32L4xx_HAL_Driver/Src/stm32l4xx_hal_tim.o
                0x0000000008005a8c                HAL_TIM_TriggerCallback
 .text.HAL_TIM_IRQHandler
                0x0000000008005a8e      0x160 Drivers/STM32L4xx_HAL_Driver/Src/stm32l4xx_hal_tim.o
                0x0000000008005a8e                HAL_TIM_IRQHandler
 *fill*         0x0000000008005bee        0x2 
 .text.TIM_Base_SetConfig
                0x0000000008005bf0       0xcc Drivers/STM32L4xx_HAL_Driver/Src/stm32l4xx_hal_tim.o
                0x0000000008005bf0                TIM_Base_SetConfig
 .text.HAL_TIM_Base_Init
                0x0000000008005cbc       0x34 Drivers/STM32L4xx_HAL_Driver/Src/stm32l4xx_hal_tim.o
                0x0000000008005cbc                HAL_TIM_Base_Init
 .text.HAL_TIM_PWM_Init
                0x0000000008005cf0       0x34 Drivers/STM32L4xx_HAL_Driver/Src/stm32l4xx_hal_tim.o
                0x0000000008005cf0                HAL_TIM_PWM_Init
 .text.TIM_OC2_SetConfig
                0x0000000008005d24       0x8c Drivers/STM32L4xx_HAL_Driver/Src/stm32l4xx_hal_tim.o
                0x0000000008005d24                TIM_OC2_SetConfig
 .text.HAL_TIM_PWM_ConfigChannel
                0x0000000008005db0      0x10c Drivers/STM32L4xx_HAL_Driver/Src/stm32l4xx_hal_tim.o
                0x0000000008005db0                HAL_TIM_PWM_ConfigChannel
 .text.TIM_ETR_SetConfig
                0x0000000008005ebc       0x14 Drivers/STM32L4xx_HAL_Driver/Src/stm32l4xx_hal_tim.o
                0x0000000008005ebc                TIM_ETR_SetConfig
 .text.HAL_TIM_ConfigClockSource
                0x0000000008005ed0      0x128 Drivers/STM32L4xx_HAL_Driver/Src/stm32l4xx_hal_tim.o
                0x0000000008005ed0                HAL_TIM_ConfigClockSource
 .text.TIM_CCxChannelCmd
                0x0000000008005ff8       0x1c Drivers/STM32L4xx_HAL_Driver/Src/stm32l4xx_hal_tim.o
                0x0000000008005ff8                TIM_CCxChannelCmd
 .text.HAL_TIM_PWM_Start
                0x0000000008006014       0x64 Drivers/STM32L4xx_HAL_Driver/Src/stm32l4xx_hal_tim.o
                0x0000000008006014                HAL_TIM_PWM_Start
 .text.HAL_TIMEx_MasterConfigSynchronization
                0x0000000008006078       0x58 Drivers/STM32L4xx_HAL_Driver/Src/stm32l4xx_hal_tim_ex.o
                0x0000000008006078                HAL_TIMEx_MasterConfigSynchronization
 .text.HAL_TIMEx_CommutCallback
                0x00000000080060d0        0x2 Drivers/STM32L4xx_HAL_Driver/Src/stm32l4xx_hal_tim_ex.o
                0x00000000080060d0                HAL_TIMEx_CommutCallback
 .text.HAL_TIMEx_BreakCallback
                0x00000000080060d2        0x2 Drivers/STM32L4xx_HAL_Driver/Src/stm32l4xx_hal_tim_ex.o
                0x00000000080060d2                HAL_TIMEx_BreakCallback
 .text.HAL_TIMEx_Break2Callback
                0x00000000080060d4        0x2 Drivers/STM32L4xx_HAL_Driver/Src/stm32l4xx_hal_tim_ex.o
                0x00000000080060d4                HAL_TIMEx_Break2Callback
 *fill*         0x00000000080060d6        0x2 
 .text.UART_SetConfig
                0x00000000080060d8      0x330 Drivers/STM32L4xx_HAL_Driver/Src/stm32l4xx_hal_uart.o
                0x00000000080060d8                UART_SetConfig
 .text.UART_AdvFeatureConfig
                0x0000000008006408       0xa8 Drivers/STM32L4xx_HAL_Driver/Src/stm32l4xx_hal_uart.o
                0x0000000008006408                UART_AdvFeatureConfig
 .text.UART_WaitOnFlagUntilTimeout
                0x00000000080064b0       0x5e Drivers/STM32L4xx_HAL_Driver/Src/stm32l4xx_hal_uart.o
                0x00000000080064b0                UART_WaitOnFlagUntilTimeout
 .text.HAL_UART_Transmit
                0x000000000800650e       0xae Drivers/STM32L4xx_HAL_Driver/Src/stm32l4xx_hal_uart.o
                0x000000000800650e                HAL_UART_Transmit
 .text.UART_CheckIdleState
                0x00000000080065bc       0x60 Drivers/STM32L4xx_HAL_Driver/Src/stm32l4xx_hal_uart.o
                0x00000000080065bc                UART_CheckIdleState
 .text.HAL_UART_Init
                0x000000000800661c       0x5c Drivers/STM32L4xx_HAL_Driver/Src/stm32l4xx_hal_uart.o
                0x000000000800661c                HAL_UART_Init
 .text.USB_CoreReset
                0x0000000008006678       0x30 Drivers/STM32L4xx_HAL_Driver/Src/stm32l4xx_ll_usb.o
 .text.USB_CoreInit
                0x00000000080066a8       0x6e Drivers/STM32L4xx_HAL_Driver/Src/stm32l4xx_ll_usb.o
                0x00000000080066a8                USB_CoreInit
 *fill*         0x0000000008006716        0x2 
 .text.USB_SetTurnaroundTime
                0x0000000008006718       0xe8 Drivers/STM32L4xx_HAL_Driver/Src/stm32l4xx_ll_usb.o
                0x0000000008006718                USB_SetTurnaroundTime
 .text.USB_EnableGlobalInt
                0x0000000008006800        0xc Drivers/STM32L4xx_HAL_Driver/Src/stm32l4xx_ll_usb.o
                0x0000000008006800                USB_EnableGlobalInt
 .text.USB_DisableGlobalInt
                0x000000000800680c        0xc Drivers/STM32L4xx_HAL_Driver/Src/stm32l4xx_ll_usb.o
                0x000000000800680c                USB_DisableGlobalInt
 .text.USB_SetCurrentMode
                0x0000000008006818       0x2e Drivers/STM32L4xx_HAL_Driver/Src/stm32l4xx_ll_usb.o
                0x0000000008006818                USB_SetCurrentMode
 *fill*         0x0000000008006846        0x2 
 .text.USB_FlushTxFifo
                0x0000000008006848       0x24 Drivers/STM32L4xx_HAL_Driver/Src/stm32l4xx_ll_usb.o
                0x0000000008006848                USB_FlushTxFifo
 .text.USB_FlushRxFifo
                0x000000000800686c       0x20 Drivers/STM32L4xx_HAL_Driver/Src/stm32l4xx_ll_usb.o
                0x000000000800686c                USB_FlushRxFifo
 .text.USB_SetDevSpeed
                0x000000000800688c        0xe Drivers/STM32L4xx_HAL_Driver/Src/stm32l4xx_ll_usb.o
                0x000000000800688c                USB_SetDevSpeed
 *fill*         0x000000000800689a        0x2 
 .text.USB_DevInit
                0x000000000800689c      0x150 Drivers/STM32L4xx_HAL_Driver/Src/stm32l4xx_ll_usb.o
                0x000000000800689c                USB_DevInit
 .text.USB_GetDevSpeed
                0x00000000080069ec       0x14 Drivers/STM32L4xx_HAL_Driver/Src/stm32l4xx_ll_usb.o
                0x00000000080069ec                USB_GetDevSpeed
 .text.USB_ActivateEndpoint
                0x0000000008006a00       0x84 Drivers/STM32L4xx_HAL_Driver/Src/stm32l4xx_ll_usb.o
                0x0000000008006a00                USB_ActivateEndpoint
 .text.USB_DeactivateEndpoint
                0x0000000008006a84       0x64 Drivers/STM32L4xx_HAL_Driver/Src/stm32l4xx_ll_usb.o
                0x0000000008006a84                USB_DeactivateEndpoint
 .text.USB_EP0StartXfer
                0x0000000008006ae8       0xe4 Drivers/STM32L4xx_HAL_Driver/Src/stm32l4xx_ll_usb.o
                0x0000000008006ae8                USB_EP0StartXfer
 .text.USB_WritePacket
                0x0000000008006bcc       0x20 Drivers/STM32L4xx_HAL_Driver/Src/stm32l4xx_ll_usb.o
                0x0000000008006bcc                USB_WritePacket
 .text.USB_EPStartXfer
                0x0000000008006bec      0x170 Drivers/STM32L4xx_HAL_Driver/Src/stm32l4xx_ll_usb.o
                0x0000000008006bec                USB_EPStartXfer
 .text.USB_ReadPacket
                0x0000000008006d5c       0x1c Drivers/STM32L4xx_HAL_Driver/Src/stm32l4xx_ll_usb.o
                0x0000000008006d5c                USB_ReadPacket
 .text.USB_EPSetStall
                0x0000000008006d78       0x5a Drivers/STM32L4xx_HAL_Driver/Src/stm32l4xx_ll_usb.o
                0x0000000008006d78                USB_EPSetStall
 .text.USB_EPClearStall
                0x0000000008006dd2       0x56 Drivers/STM32L4xx_HAL_Driver/Src/stm32l4xx_ll_usb.o
                0x0000000008006dd2                USB_EPClearStall
 .text.USB_SetDevAddress
                0x0000000008006e28       0x20 Drivers/STM32L4xx_HAL_Driver/Src/stm32l4xx_ll_usb.o
                0x0000000008006e28                USB_SetDevAddress
 .text.USB_DevConnect
                0x0000000008006e48       0x18 Drivers/STM32L4xx_HAL_Driver/Src/stm32l4xx_ll_usb.o
                0x0000000008006e48                USB_DevConnect
 .text.USB_DevDisconnect
                0x0000000008006e60       0x18 Drivers/STM32L4xx_HAL_Driver/Src/stm32l4xx_ll_usb.o
                0x0000000008006e60                USB_DevDisconnect
 .text.USB_ReadInterrupts
                0x0000000008006e78        0x8 Drivers/STM32L4xx_HAL_Driver/Src/stm32l4xx_ll_usb.o
                0x0000000008006e78                USB_ReadInterrupts
 .text.USB_ReadDevAllOutEpInterrupt
                0x0000000008006e80       0x10 Drivers/STM32L4xx_HAL_Driver/Src/stm32l4xx_ll_usb.o
                0x0000000008006e80                USB_ReadDevAllOutEpInterrupt
 .text.USB_ReadDevAllInEpInterrupt
                0x0000000008006e90       0x10 Drivers/STM32L4xx_HAL_Driver/Src/stm32l4xx_ll_usb.o
                0x0000000008006e90                USB_ReadDevAllInEpInterrupt
 .text.USB_ReadDevOutEPInterrupt
                0x0000000008006ea0       0x12 Drivers/STM32L4xx_HAL_Driver/Src/stm32l4xx_ll_usb.o
                0x0000000008006ea0                USB_ReadDevOutEPInterrupt
 .text.USB_ReadDevInEPInterrupt
                0x0000000008006eb2       0x24 Drivers/STM32L4xx_HAL_Driver/Src/stm32l4xx_ll_usb.o
                0x0000000008006eb2                USB_ReadDevInEPInterrupt
 .text.USB_GetMode
                0x0000000008006ed6        0x8 Drivers/STM32L4xx_HAL_Driver/Src/stm32l4xx_ll_usb.o
                0x0000000008006ed6                USB_GetMode
 .text.USB_ActivateSetup
                0x0000000008006ede       0x36 Drivers/STM32L4xx_HAL_Driver/Src/stm32l4xx_ll_usb.o
                0x0000000008006ede                USB_ActivateSetup
 .text.USB_EP0_OutStart
                0x0000000008006f14       0x44 Drivers/STM32L4xx_HAL_Driver/Src/stm32l4xx_ll_usb.o
                0x0000000008006f14                USB_EP0_OutStart
 .text.MX_FATFS_Init
                0x0000000008006f58       0x1c FATFS/App/fatfs.o
                0x0000000008006f58                MX_FATFS_Init
 .text.USER_status
                0x0000000008006f74       0x10 FATFS/Target/user_diskio.o
                0x0000000008006f74                USER_status
 .text.USER_write
                0x0000000008006f84        0x4 FATFS/Target/user_diskio.o
                0x0000000008006f84                USER_write
 .text.USER_ioctl
                0x0000000008006f88        0x4 FATFS/Target/user_diskio.o
                0x0000000008006f88                USER_ioctl
 .text.USER_read
                0x0000000008006f8c        0x4 FATFS/Target/user_diskio.o
                0x0000000008006f8c                USER_read
 .text.USER_initialize
                0x0000000008006f90       0x10 FATFS/Target/user_diskio.o
                0x0000000008006f90                USER_initialize
 .text.USBD_MSC_GetHSCfgDesc
                0x0000000008006fa0        0xc Middlewares/ST/STM32_USB_Device_Library/Class/MSC/Src/usbd_msc.o
                0x0000000008006fa0                USBD_MSC_GetHSCfgDesc
 .text.USBD_MSC_GetFSCfgDesc
                0x0000000008006fac        0xc Middlewares/ST/STM32_USB_Device_Library/Class/MSC/Src/usbd_msc.o
                0x0000000008006fac                USBD_MSC_GetFSCfgDesc
 .text.USBD_MSC_GetOtherSpeedCfgDesc
                0x0000000008006fb8        0xc Middlewares/ST/STM32_USB_Device_Library/Class/MSC/Src/usbd_msc.o
                0x0000000008006fb8                USBD_MSC_GetOtherSpeedCfgDesc
 .text.USBD_MSC_GetDeviceQualifierDescriptor
                0x0000000008006fc4        0xc Middlewares/ST/STM32_USB_Device_Library/Class/MSC/Src/usbd_msc.o
                0x0000000008006fc4                USBD_MSC_GetDeviceQualifierDescriptor
 .text.USBD_MSC_Init
                0x0000000008006fd0       0x5a Middlewares/ST/STM32_USB_Device_Library/Class/MSC/Src/usbd_msc.o
                0x0000000008006fd0                USBD_MSC_Init
 .text.USBD_MSC_DeInit
                0x000000000800702a       0x32 Middlewares/ST/STM32_USB_Device_Library/Class/MSC/Src/usbd_msc.o
                0x000000000800702a                USBD_MSC_DeInit
 .text.USBD_MSC_Setup
                0x000000000800705c      0x128 Middlewares/ST/STM32_USB_Device_Library/Class/MSC/Src/usbd_msc.o
                0x000000000800705c                USBD_MSC_Setup
 .text.USBD_MSC_DataIn
                0x0000000008007184        0xa Middlewares/ST/STM32_USB_Device_Library/Class/MSC/Src/usbd_msc.o
                0x0000000008007184                USBD_MSC_DataIn
 .text.USBD_MSC_DataOut
                0x000000000800718e        0xa Middlewares/ST/STM32_USB_Device_Library/Class/MSC/Src/usbd_msc.o
                0x000000000800718e                USBD_MSC_DataOut
 .text.USBD_MSC_RegisterStorage
                0x0000000008007198        0xa Middlewares/ST/STM32_USB_Device_Library/Class/MSC/Src/usbd_msc.o
                0x0000000008007198                USBD_MSC_RegisterStorage
 .text.MSC_BOT_Abort
                0x00000000080071a2       0x40 Middlewares/ST/STM32_USB_Device_Library/Class/MSC/Src/usbd_msc_bot.o
 .text.MSC_BOT_Init
                0x00000000080071e2       0x40 Middlewares/ST/STM32_USB_Device_Library/Class/MSC/Src/usbd_msc_bot.o
                0x00000000080071e2                MSC_BOT_Init
 .text.MSC_BOT_Reset
                0x0000000008007222       0x16 Middlewares/ST/STM32_USB_Device_Library/Class/MSC/Src/usbd_msc_bot.o
                0x0000000008007222                MSC_BOT_Reset
 .text.MSC_BOT_DeInit
                0x0000000008007238        0xa Middlewares/ST/STM32_USB_Device_Library/Class/MSC/Src/usbd_msc_bot.o
                0x0000000008007238                MSC_BOT_DeInit
 *fill*         0x0000000008007242        0x2 
 .text.MSC_BOT_SendCSW
                0x0000000008007244       0x38 Middlewares/ST/STM32_USB_Device_Library/Class/MSC/Src/usbd_msc_bot.o
                0x0000000008007244                MSC_BOT_SendCSW
 .text.MSC_BOT_DataIn
                0x000000000800727c       0x38 Middlewares/ST/STM32_USB_Device_Library/Class/MSC/Src/usbd_msc_bot.o
                0x000000000800727c                MSC_BOT_DataIn
 .text.MSC_BOT_DataOut
                0x00000000080072b4       0xd8 Middlewares/ST/STM32_USB_Device_Library/Class/MSC/Src/usbd_msc_bot.o
                0x00000000080072b4                MSC_BOT_DataOut
 .text.MSC_BOT_CplClrFeature
                0x000000000800738c       0x2c Middlewares/ST/STM32_USB_Device_Library/Class/MSC/Src/usbd_msc_bot.o
                0x000000000800738c                MSC_BOT_CplClrFeature
 .text.SCSI_SenseCode.constprop.8
                0x00000000080073b8       0x2a Middlewares/ST/STM32_USB_Device_Library/Class/MSC/Src/usbd_msc_scsi.o
 *fill*         0x00000000080073e2        0x2 
 .text.SCSI_ProcessCmd
                0x00000000080073e4      0x45c Middlewares/ST/STM32_USB_Device_Library/Class/MSC/Src/usbd_msc_scsi.o
                0x00000000080073e4                SCSI_ProcessCmd
 .text.SCSI_SenseCode
                0x0000000008007840       0x2a Middlewares/ST/STM32_USB_Device_Library/Class/MSC/Src/usbd_msc_scsi.o
                0x0000000008007840                SCSI_SenseCode
 .text.USBD_Init
                0x000000000800786a       0x2a Middlewares/ST/STM32_USB_Device_Library/Core/Src/usbd_core.o
                0x000000000800786a                USBD_Init
 .text.USBD_RegisterClass
                0x0000000008007894        0xe Middlewares/ST/STM32_USB_Device_Library/Core/Src/usbd_core.o
                0x0000000008007894                USBD_RegisterClass
 .text.USBD_Start
                0x00000000080078a2        0xa Middlewares/ST/STM32_USB_Device_Library/Core/Src/usbd_core.o
                0x00000000080078a2                USBD_Start
 .text.USBD_SetClassConfig
                0x00000000080078ac       0x16 Middlewares/ST/STM32_USB_Device_Library/Core/Src/usbd_core.o
                0x00000000080078ac                USBD_SetClassConfig
 .text.USBD_ClrClassConfig
                0x00000000080078c2        0xe Middlewares/ST/STM32_USB_Device_Library/Core/Src/usbd_core.o
                0x00000000080078c2                USBD_ClrClassConfig
 .text.USBD_LL_SetupStage
                0x00000000080078d0       0x5a Middlewares/ST/STM32_USB_Device_Library/Core/Src/usbd_core.o
                0x00000000080078d0                USBD_LL_SetupStage
 .text.USBD_LL_DataOutStage
                0x000000000800792a       0x74 Middlewares/ST/STM32_USB_Device_Library/Core/Src/usbd_core.o
                0x000000000800792a                USBD_LL_DataOutStage
 .text.USBD_LL_DataInStage
                0x000000000800799e       0xb8 Middlewares/ST/STM32_USB_Device_Library/Core/Src/usbd_core.o
                0x000000000800799e                USBD_LL_DataInStage
 .text.USBD_LL_Reset
                0x0000000008007a56       0x4e Middlewares/ST/STM32_USB_Device_Library/Core/Src/usbd_core.o
                0x0000000008007a56                USBD_LL_Reset
 .text.USBD_LL_SetSpeed
                0x0000000008007aa4        0x6 Middlewares/ST/STM32_USB_Device_Library/Core/Src/usbd_core.o
                0x0000000008007aa4                USBD_LL_SetSpeed
 .text.USBD_LL_Suspend
                0x0000000008007aaa       0x12 Middlewares/ST/STM32_USB_Device_Library/Core/Src/usbd_core.o
                0x0000000008007aaa                USBD_LL_Suspend
 .text.USBD_LL_Resume
                0x0000000008007abc        0xc Middlewares/ST/STM32_USB_Device_Library/Core/Src/usbd_core.o
                0x0000000008007abc                USBD_LL_Resume
 .text.USBD_LL_SOF
                0x0000000008007ac8       0x18 Middlewares/ST/STM32_USB_Device_Library/Core/Src/usbd_core.o
                0x0000000008007ac8                USBD_LL_SOF
 .text.USBD_LL_IsoINIncomplete
                0x0000000008007ae0        0x4 Middlewares/ST/STM32_USB_Device_Library/Core/Src/usbd_core.o
                0x0000000008007ae0                USBD_LL_IsoINIncomplete
 .text.USBD_LL_IsoOUTIncomplete
                0x0000000008007ae4        0x4 Middlewares/ST/STM32_USB_Device_Library/Core/Src/usbd_core.o
                0x0000000008007ae4                USBD_LL_IsoOUTIncomplete
 .text.USBD_LL_DevConnected
                0x0000000008007ae8        0x4 Middlewares/ST/STM32_USB_Device_Library/Core/Src/usbd_core.o
                0x0000000008007ae8                USBD_LL_DevConnected
 .text.USBD_LL_DevDisconnected
                0x0000000008007aec       0x16 Middlewares/ST/STM32_USB_Device_Library/Core/Src/usbd_core.o
                0x0000000008007aec                USBD_LL_DevDisconnected
 .text.USBD_CtlError.constprop.1
                0x0000000008007b02       0x16 Middlewares/ST/STM32_USB_Device_Library/Core/Src/usbd_ctlreq.o
 .text.USBD_StdDevReq
                0x0000000008007b18      0x244 Middlewares/ST/STM32_USB_Device_Library/Core/Src/usbd_ctlreq.o
                0x0000000008007b18                USBD_StdDevReq
 .text.USBD_StdItfReq
                0x0000000008007d5c       0x4a Middlewares/ST/STM32_USB_Device_Library/Core/Src/usbd_ctlreq.o
                0x0000000008007d5c                USBD_StdItfReq
 .text.USBD_StdEPReq
                0x0000000008007da6      0x110 Middlewares/ST/STM32_USB_Device_Library/Core/Src/usbd_ctlreq.o
                0x0000000008007da6                USBD_StdEPReq
 .text.USBD_ParseSetupRequest
                0x0000000008007eb6       0x28 Middlewares/ST/STM32_USB_Device_Library/Core/Src/usbd_ctlreq.o
                0x0000000008007eb6                USBD_ParseSetupRequest
 .text.USBD_CtlError
                0x0000000008007ede       0x16 Middlewares/ST/STM32_USB_Device_Library/Core/Src/usbd_ctlreq.o
                0x0000000008007ede                USBD_CtlError
 .text.USBD_GetString
                0x0000000008007ef4       0x38 Middlewares/ST/STM32_USB_Device_Library/Core/Src/usbd_ctlreq.o
                0x0000000008007ef4                USBD_GetString
 .text.USBD_CtlSendData
                0x0000000008007f2c       0x1a Middlewares/ST/STM32_USB_Device_Library/Core/Src/usbd_ioreq.o
                0x0000000008007f2c                USBD_CtlSendData
 .text.USBD_CtlContinueSendData
                0x0000000008007f46       0x10 Middlewares/ST/STM32_USB_Device_Library/Core/Src/usbd_ioreq.o
                0x0000000008007f46                USBD_CtlContinueSendData
 .text.USBD_CtlContinueRx
                0x0000000008007f56       0x10 Middlewares/ST/STM32_USB_Device_Library/Core/Src/usbd_ioreq.o
                0x0000000008007f56                USBD_CtlContinueRx
 .text.USBD_CtlSendStatus
                0x0000000008007f66       0x16 Middlewares/ST/STM32_USB_Device_Library/Core/Src/usbd_ioreq.o
                0x0000000008007f66                USBD_CtlSendStatus
 .text.USBD_CtlReceiveStatus
                0x0000000008007f7c       0x16 Middlewares/ST/STM32_USB_Device_Library/Core/Src/usbd_ioreq.o
                0x0000000008007f7c                USBD_CtlReceiveStatus
 *fill*         0x0000000008007f92        0x2 
 .text.FATFS_LinkDriverEx
                0x0000000008007f94       0x44 Middlewares/Third_Party/FatFs/src/ff_gen_drv.o
                0x0000000008007f94                FATFS_LinkDriverEx
 .text.FATFS_LinkDriver
                0x0000000008007fd8        0x6 Middlewares/Third_Party/FatFs/src/ff_gen_drv.o
                0x0000000008007fd8                FATFS_LinkDriver
 *fill*         0x0000000008007fde        0x2 
 .text.memory_monitor
                0x0000000008007fe0       0x2c Sinteck/GUI/main_screen.o
 .text.update_main_screen
                0x000000000800800c      0x25c Sinteck/GUI/main_screen.o
 .text.print_frequencia
                0x0000000008008268       0xf8 Sinteck/GUI/main_screen.o
                0x0000000008008268                print_frequencia
 .text.print_pot
                0x0000000008008360      0x21c Sinteck/GUI/main_screen.o
                0x0000000008008360                print_pot
 .text.print_audio
                0x000000000800857c      0x124 Sinteck/GUI/main_screen.o
                0x000000000800857c                print_audio
 .text.print_temperatura
                0x00000000080086a0       0xa0 Sinteck/GUI/main_screen.o
                0x00000000080086a0                print_temperatura
 .text.print_alarme
                0x0000000008008740      0x1c4 Sinteck/GUI/main_screen.o
                0x0000000008008740                print_alarme
 .text.print_status
                0x0000000008008904       0xfc Sinteck/GUI/main_screen.o
                0x0000000008008904                print_status
 .text.create_vumeter
                0x0000000008008a00      0x1ec Sinteck/GUI/main_screen.o
                0x0000000008008a00                create_vumeter
 .text.main_screen
                0x0000000008008bec      0x114 Sinteck/GUI/main_screen.o
                0x0000000008008bec                main_screen
 .text.ButtonEventTelaPrincipal
                0x0000000008008d00       0x2c Sinteck/GUI/main_screen.o
                0x0000000008008d00                ButtonEventTelaPrincipal
 .text.btn_audio
                0x0000000008008d2c       0x9c Sinteck/GUI/screen_audio.o
 .text.btn_stereo
                0x0000000008008dc8       0x6c Sinteck/GUI/screen_audio.o
 .text.btn_processador
                0x0000000008008e34       0x6c Sinteck/GUI/screen_audio.o
 .text.btn_emphase
                0x0000000008008ea0       0x6c Sinteck/GUI/screen_audio.o
 .text.btn_clipper
                0x0000000008008f0c       0x6c Sinteck/GUI/screen_audio.o
 .text.btn_event_esc
                0x0000000008008f78       0x1c Sinteck/GUI/screen_audio.o
 .text.btn_mp3  0x0000000008008f94       0xb0 Sinteck/GUI/screen_audio.o
 .text.btn_next
                0x0000000008009044       0x68 Sinteck/GUI/screen_audio.o
                0x0000000008009044                btn_next
 .text.screen_audio
                0x00000000080090ac      0x4c0 Sinteck/GUI/screen_audio.o
                0x00000000080090ac                screen_audio
 .text.btn_event_prev1
                0x000000000800956c       0x1c Sinteck/GUI/screen_audio.o
 .text.btn_next1
                0x0000000008009588       0x68 Sinteck/GUI/screen_audio.o
                0x0000000008009588                btn_next1
 .text.btn_prev1
                0x00000000080095f0       0x68 Sinteck/GUI/screen_audio.o
                0x00000000080095f0                btn_prev1
 .text.screen_audio_1
                0x0000000008009658      0x3fc Sinteck/GUI/screen_audio.o
                0x0000000008009658                screen_audio_1
 .text.btn_event_next
                0x0000000008009a54       0x1c Sinteck/GUI/screen_audio.o
 .text.btn_event_prev2
                0x0000000008009a70       0x1c Sinteck/GUI/screen_audio.o
 .text.btn_prev2
                0x0000000008009a8c       0x68 Sinteck/GUI/screen_audio.o
                0x0000000008009a8c                btn_prev2
 .text.screen_audio_2
                0x0000000008009af4      0x47c Sinteck/GUI/screen_audio.o
                0x0000000008009af4                screen_audio_2
 .text.btn_event_next1
                0x0000000008009f70       0x1c Sinteck/GUI/screen_audio.o
 .text.update_sel_button_Audio
                0x0000000008009f8c       0xf8 Sinteck/GUI/screen_audio.o
                0x0000000008009f8c                update_sel_button_Audio
 .text.update_sel_button_Audio_1
                0x000000000800a084       0x90 Sinteck/GUI/screen_audio.o
                0x000000000800a084                update_sel_button_Audio_1
 .text.update_sel_button_Audio_2
                0x000000000800a114      0x154 Sinteck/GUI/screen_audio.o
                0x000000000800a114                update_sel_button_Audio_2
 .text.ButtonEventTelaAudio
                0x000000000800a268       0xc8 Sinteck/GUI/screen_audio.o
                0x000000000800a268                ButtonEventTelaAudio
 .text.ButtonEventTelaAudio_1
                0x000000000800a330       0xc4 Sinteck/GUI/screen_audio.o
                0x000000000800a330                ButtonEventTelaAudio_1
 .text.ButtonEventTelaAudio_2
                0x000000000800a3f4       0xe8 Sinteck/GUI/screen_audio.o
                0x000000000800a3f4                ButtonEventTelaAudio_2
 .text.btn_event_esc_freq
                0x000000000800a4dc       0x2c Sinteck/GUI/screen_frequency.o
 .text.event_handler
                0x000000000800a508       0xec Sinteck/GUI/screen_frequency.o
 .text.create_vumeter_freq
                0x000000000800a5f4       0x88 Sinteck/GUI/screen_frequency.o
                0x000000000800a5f4                create_vumeter_freq
 .text.update_vumeter
                0x000000000800a67c       0xa8 Sinteck/GUI/screen_frequency.o
                0x000000000800a67c                update_vumeter
 .text.prog_freq
                0x000000000800a724      0x55c Sinteck/GUI/screen_frequency.o
                0x000000000800a724                prog_freq
 .text.screen_freq
                0x000000000800ac80       0xb8 Sinteck/GUI/screen_frequency.o
                0x000000000800ac80                screen_freq
 .text.update_style_roller_freq
                0x000000000800ad38      0x234 Sinteck/GUI/screen_frequency.o
                0x000000000800ad38                update_style_roller_freq
 .text.ButtonEventTelaFrequencia
                0x000000000800af6c      0x2e0 Sinteck/GUI/screen_frequency.o
                0x000000000800af6c                ButtonEventTelaFrequencia
 .text.update_mpx_screen
                0x000000000800b24c      0x2bc Sinteck/GUI/screen_mpx.o
 .text.btn_event_esc_audio
                0x000000000800b508       0x28 Sinteck/GUI/screen_mpx.o
 .text.btn_event_next_audio
                0x000000000800b530       0x28 Sinteck/GUI/screen_mpx.o
 .text.create_style_vumeter
                0x000000000800b558      0x1f0 Sinteck/GUI/screen_mpx.o
                0x000000000800b558                create_style_vumeter
 .text.create_vumeter_m
                0x000000000800b748       0x6c Sinteck/GUI/screen_mpx.o
                0x000000000800b748                create_vumeter_m
 .text.create_vumeter_r
                0x000000000800b7b4       0x6c Sinteck/GUI/screen_mpx.o
                0x000000000800b7b4                create_vumeter_r
 .text.create_vumeter_l
                0x000000000800b820       0x6c Sinteck/GUI/screen_mpx.o
                0x000000000800b820                create_vumeter_l
 .text.btn_next_audio
                0x000000000800b88c       0x68 Sinteck/GUI/screen_mpx.o
                0x000000000800b88c                btn_next_audio
 .text.screen_reading_mpx
                0x000000000800b8f4       0x88 Sinteck/GUI/screen_mpx.o
                0x000000000800b8f4                screen_reading_mpx
 .text.ButtonEventTelaMpx
                0x000000000800b97c       0x2c Sinteck/GUI/screen_mpx.o
                0x000000000800b97c                ButtonEventTelaMpx
 .text.btn_event_next_efic
                0x000000000800b9a8       0x28 Sinteck/GUI/screen_reading_efic.o
 .text.btn_event_prev_efic
                0x000000000800b9d0       0x28 Sinteck/GUI/screen_reading_efic.o
 .text.btn_next_efic
                0x000000000800b9f8       0x68 Sinteck/GUI/screen_reading_efic.o
                0x000000000800b9f8                btn_next_efic
 .text.btn_prev_efic
                0x000000000800ba60       0x68 Sinteck/GUI/screen_reading_efic.o
                0x000000000800ba60                btn_prev_efic
 .text.create_vumeter_eficiencia
                0x000000000800bac8       0xf8 Sinteck/GUI/screen_reading_efic.o
                0x000000000800bac8                create_vumeter_eficiencia
 .text.update_vumeter_eficiencia
                0x000000000800bbc0       0x34 Sinteck/GUI/screen_reading_efic.o
                0x000000000800bbc0                update_vumeter_eficiencia
 *fill*         0x000000000800bbf4        0x4 
 .text.update_screen_efic
                0x000000000800bbf8       0x3c Sinteck/GUI/screen_reading_efic.o
 *fill*         0x000000000800bc34        0x4 
 .text.print_eficiencia
                0x000000000800bc38       0xbc Sinteck/GUI/screen_reading_efic.o
                0x000000000800bc38                print_eficiencia
 .text.screen_reading_efic
                0x000000000800bcf4       0x74 Sinteck/GUI/screen_reading_efic.o
                0x000000000800bcf4                screen_reading_efic
 .text.ButtonEventTelaReading_Efic
                0x000000000800bd68       0x2c Sinteck/GUI/screen_reading_efic.o
                0x000000000800bd68                ButtonEventTelaReading_Efic
 .text.update_screen_status
                0x000000000800bd94       0x9c Sinteck/GUI/screen_reading_status.o
 .text.btn_event_prev_status
                0x000000000800be30       0x28 Sinteck/GUI/screen_reading_status.o
 .text.btn_prev_status
                0x000000000800be58       0x68 Sinteck/GUI/screen_reading_status.o
                0x000000000800be58                btn_prev_status
 .text.print_reading_status
                0x000000000800bec0      0x1f0 Sinteck/GUI/screen_reading_status.o
                0x000000000800bec0                print_reading_status
 .text.screen_reading_status
                0x000000000800c0b0       0x68 Sinteck/GUI/screen_reading_status.o
                0x000000000800c0b0                screen_reading_status
 .text.ButtonEventTelaReading_Status
                0x000000000800c118       0x1c Sinteck/GUI/screen_reading_status.o
                0x000000000800c118                ButtonEventTelaReading_Status
 .text.btn_event_next_temp
                0x000000000800c134       0x28 Sinteck/GUI/screen_reading_temp.o
 .text.btn_event_prev_temp
                0x000000000800c15c       0x28 Sinteck/GUI/screen_reading_temp.o
 .text.btn_next_temp
                0x000000000800c184       0x68 Sinteck/GUI/screen_reading_temp.o
                0x000000000800c184                btn_next_temp
 .text.btn_prev_temp
                0x000000000800c1ec       0x68 Sinteck/GUI/screen_reading_temp.o
                0x000000000800c1ec                btn_prev_temp
 *fill*         0x000000000800c254        0x4 
 .text.print_temp_1
                0x000000000800c258       0xbc Sinteck/GUI/screen_reading_temp.o
                0x000000000800c258                print_temp_1
 .text.create_vumeter_temperatura
                0x000000000800c314       0xe0 Sinteck/GUI/screen_reading_temp.o
                0x000000000800c314                create_vumeter_temperatura
 .text.update_vumeter_temperatura
                0x000000000800c3f4       0x30 Sinteck/GUI/screen_reading_temp.o
                0x000000000800c3f4                update_vumeter_temperatura
 .text.screen_reading_temp
                0x000000000800c424       0x94 Sinteck/GUI/screen_reading_temp.o
                0x000000000800c424                screen_reading_temp
 .text.update_reading_temp
                0x000000000800c4b8       0x40 Sinteck/GUI/screen_reading_temp.o
 .text.ButtonEventTelaReading_Temp
                0x000000000800c4f8       0x2c Sinteck/GUI/screen_reading_temp.o
                0x000000000800c4f8                ButtonEventTelaReading_Temp
 .text.btn_event_next_vpa
                0x000000000800c524       0x28 Sinteck/GUI/screen_reading_vpa.o
 .text.btn_event_prev_vpa
                0x000000000800c54c       0x28 Sinteck/GUI/screen_reading_vpa.o
 .text.btn_next_vpa
                0x000000000800c574       0x68 Sinteck/GUI/screen_reading_vpa.o
                0x000000000800c574                btn_next_vpa
 .text.btn_prev_vpa
                0x000000000800c5dc       0x68 Sinteck/GUI/screen_reading_vpa.o
                0x000000000800c5dc                btn_prev_vpa
 *fill*         0x000000000800c644        0x4 
 .text.print_vpa_1
                0x000000000800c648       0xbc Sinteck/GUI/screen_reading_vpa.o
                0x000000000800c648                print_vpa_1
 *fill*         0x000000000800c704        0x4 
 .text.print_ipa_1
                0x000000000800c708       0xbc Sinteck/GUI/screen_reading_vpa.o
                0x000000000800c708                print_ipa_1
 .text.create_vumeter_vpa_1
                0x000000000800c7c4       0xe0 Sinteck/GUI/screen_reading_vpa.o
                0x000000000800c7c4                create_vumeter_vpa_1
 .text.create_vumeter_ipa_1
                0x000000000800c8a4       0xe0 Sinteck/GUI/screen_reading_vpa.o
                0x000000000800c8a4                create_vumeter_ipa_1
 .text.update_vumeter_vpa_1
                0x000000000800c984       0x34 Sinteck/GUI/screen_reading_vpa.o
                0x000000000800c984                update_vumeter_vpa_1
 .text.update_vumeter_ipa_1
                0x000000000800c9b8       0x34 Sinteck/GUI/screen_reading_vpa.o
                0x000000000800c9b8                update_vumeter_ipa_1
 .text.screen_reading_vpa
                0x000000000800c9ec       0x90 Sinteck/GUI/screen_reading_vpa.o
                0x000000000800c9ec                screen_reading_vpa
 *fill*         0x000000000800ca7c        0x4 
 .text.update_screen_vpa
                0x000000000800ca80       0x70 Sinteck/GUI/screen_reading_vpa.o
 .text.ButtonEventTelaReading_Vpa
                0x000000000800caf0       0x2c Sinteck/GUI/screen_reading_vpa.o
                0x000000000800caf0                ButtonEventTelaReading_Vpa
 .text.btn_event_esc_r
                0x000000000800cb1c       0x28 Sinteck/GUI/screen_readings.o
 .text.btn_event_next_r
                0x000000000800cb44       0x28 Sinteck/GUI/screen_readings.o
 .text.create_vumeter_swr_1
                0x000000000800cb6c       0xe0 Sinteck/GUI/screen_readings.o
                0x000000000800cb6c                create_vumeter_swr_1
 .text.create_vumeter_fwd_1
                0x000000000800cc4c       0xe0 Sinteck/GUI/screen_readings.o
                0x000000000800cc4c                create_vumeter_fwd_1
 .text.print_fwd_1
                0x000000000800cd2c       0xc4 Sinteck/GUI/screen_readings.o
                0x000000000800cd2c                print_fwd_1
 .text.print_swr_1
                0x000000000800cdf0       0xc4 Sinteck/GUI/screen_readings.o
                0x000000000800cdf0                print_swr_1
 .text.update_vumeter_swr_1
                0x000000000800ceb4       0x3c Sinteck/GUI/screen_readings.o
                0x000000000800ceb4                update_vumeter_swr_1
 .text.update_vumeter_fwd_1
                0x000000000800cef0       0x30 Sinteck/GUI/screen_readings.o
                0x000000000800cef0                update_vumeter_fwd_1
 .text.update_reading
                0x000000000800cf20       0x70 Sinteck/GUI/screen_readings.o
 .text.btn_next_r
                0x000000000800cf90       0x68 Sinteck/GUI/screen_readings.o
                0x000000000800cf90                btn_next_r
 .text.screen_readings
                0x000000000800cff8       0xbc Sinteck/GUI/screen_readings.o
                0x000000000800cff8                screen_readings
 .text.ButtonEventTelaReadings
                0x000000000800d0b4       0x2c Sinteck/GUI/screen_readings.o
                0x000000000800d0b4                ButtonEventTelaReadings
 .text.btn_event_esc_rf
                0x000000000800d0e0       0x28 Sinteck/GUI/screen_rf.o
 .text.btn_power
                0x000000000800d108       0x48 Sinteck/GUI/screen_rf.o
 .text.event_handler_swr
                0x000000000800d150       0x8c Sinteck/GUI/screen_rf.o
 .text.event_handler_target
                0x000000000800d1dc       0x80 Sinteck/GUI/screen_rf.o
 .text.create_vumeter_swr
                0x000000000800d25c       0xe0 Sinteck/GUI/screen_rf.o
                0x000000000800d25c                create_vumeter_swr
 .text.create_vumeter_pwr
                0x000000000800d33c       0xe0 Sinteck/GUI/screen_rf.o
                0x000000000800d33c                create_vumeter_pwr
 .text.update_vumeter_swr
                0x000000000800d41c       0x9c Sinteck/GUI/screen_rf.o
                0x000000000800d41c                update_vumeter_swr
 .text.update_rf
                0x000000000800d4b8        0xc Sinteck/GUI/screen_rf.o
 .text.update_vumeter_fwd
                0x000000000800d4c4       0xa4 Sinteck/GUI/screen_rf.o
                0x000000000800d4c4                update_vumeter_fwd
 .text.update_rf_1
                0x000000000800d568       0x10 Sinteck/GUI/screen_rf.o
 .text.update_vumeter_pwr
                0x000000000800d578       0x30 Sinteck/GUI/screen_rf.o
                0x000000000800d578                update_vumeter_pwr
 .text.print_pwr
                0x000000000800d5a8       0xb0 Sinteck/GUI/screen_rf.o
                0x000000000800d5a8                print_pwr
 .text.screen_RF_2
                0x000000000800d658      0x15c Sinteck/GUI/screen_rf.o
                0x000000000800d658                screen_RF_2
 .text.btn_event_next_rf1
                0x000000000800d7b4       0x28 Sinteck/GUI/screen_rf.o
 .text.create_vumeter_fwd
                0x000000000800d7dc       0xe0 Sinteck/GUI/screen_rf.o
                0x000000000800d7dc                create_vumeter_fwd
 .text.btn_next_rf
                0x000000000800d8bc       0x68 Sinteck/GUI/screen_rf.o
                0x000000000800d8bc                btn_next_rf
 .text.btn_next_rf1
                0x000000000800d924       0x68 Sinteck/GUI/screen_rf.o
                0x000000000800d924                btn_next_rf1
 .text.prog_swr
                0x000000000800d98c      0x2c0 Sinteck/GUI/screen_rf.o
                0x000000000800d98c                prog_swr
 .text.screen_rf
                0x000000000800dc4c       0x8c Sinteck/GUI/screen_rf.o
                0x000000000800dc4c                screen_rf
 .text.btn_event_esc_rf1
                0x000000000800dcd8       0x28 Sinteck/GUI/screen_rf.o
 .text.prog_target
                0x000000000800dd00      0x258 Sinteck/GUI/screen_rf.o
                0x000000000800dd00                prog_target
 .text.screen_RF_1
                0x000000000800df58       0x90 Sinteck/GUI/screen_rf.o
                0x000000000800df58                screen_RF_1
 .text.btn_event_esc_rf2
                0x000000000800dfe8       0x1c Sinteck/GUI/screen_rf.o
 .text.btn_event_next_rf
                0x000000000800e004       0x28 Sinteck/GUI/screen_rf.o
 .text.update_style_roller_rf
                0x000000000800e02c       0x7c Sinteck/GUI/screen_rf.o
                0x000000000800e02c                update_style_roller_rf
 .text.update_style_roller_rf_1
                0x000000000800e0a8       0x7c Sinteck/GUI/screen_rf.o
                0x000000000800e0a8                update_style_roller_rf_1
 .text.ButtonEventTelaRF
                0x000000000800e124      0x238 Sinteck/GUI/screen_rf.o
                0x000000000800e124                ButtonEventTelaRF
 .text.ButtonEventTelaRF_1
                0x000000000800e35c      0x238 Sinteck/GUI/screen_rf.o
                0x000000000800e35c                ButtonEventTelaRF_1
 .text.ButtonEventTelaRF_2
                0x000000000800e594       0xdc Sinteck/GUI/screen_rf.o
                0x000000000800e594                ButtonEventTelaRF_2
 .text.btn_event_esc_sel
                0x000000000800e670       0x1c Sinteck/GUI/screen_sel.o
 .text.btn_event_btn1
                0x000000000800e68c       0x48 Sinteck/GUI/screen_sel.o
 .text.create_buttons
                0x000000000800e6d4      0x1a0 Sinteck/GUI/screen_sel.o
                0x000000000800e6d4                create_buttons
 .text.screen_sel
                0x000000000800e874       0xe0 Sinteck/GUI/screen_sel.o
                0x000000000800e874                screen_sel
 .text.sel_screen_send_button
                0x000000000800e954       0x7c Sinteck/GUI/screen_sel.o
                0x000000000800e954                sel_screen_send_button
 .text.ButtonEventTelaSelecao
                0x000000000800e9d0       0x94 Sinteck/GUI/screen_sel.o
                0x000000000800e9d0                ButtonEventTelaSelecao
 .text.MX_USB_DEVICE_Init
                0x000000000800ea64       0x50 USB_DEVICE/App/usb_device.o
                0x000000000800ea64                MX_USB_DEVICE_Init
 .text.USBD_FS_DeviceDescriptor
                0x000000000800eab4        0xc USB_DEVICE/App/usbd_desc.o
                0x000000000800eab4                USBD_FS_DeviceDescriptor
 .text.USBD_FS_LangIDStrDescriptor
                0x000000000800eac0        0xc USB_DEVICE/App/usbd_desc.o
                0x000000000800eac0                USBD_FS_LangIDStrDescriptor
 .text.USBD_FS_USR_BOSDescriptor
                0x000000000800eacc        0xc USB_DEVICE/App/usbd_desc.o
                0x000000000800eacc                USBD_FS_USR_BOSDescriptor
 .text.IntToUnicode
                0x000000000800ead8       0x28 USB_DEVICE/App/usbd_desc.o
 .text.USBD_FS_SerialStrDescriptor
                0x000000000800eb00       0x40 USB_DEVICE/App/usbd_desc.o
                0x000000000800eb00                USBD_FS_SerialStrDescriptor
 .text.USBD_FS_ManufacturerStrDescriptor
                0x000000000800eb40       0x1c USB_DEVICE/App/usbd_desc.o
                0x000000000800eb40                USBD_FS_ManufacturerStrDescriptor
 .text.USBD_FS_ProductStrDescriptor
                0x000000000800eb5c       0x1c USB_DEVICE/App/usbd_desc.o
                0x000000000800eb5c                USBD_FS_ProductStrDescriptor
 .text.USBD_FS_ConfigStrDescriptor
                0x000000000800eb78       0x1c USB_DEVICE/App/usbd_desc.o
                0x000000000800eb78                USBD_FS_ConfigStrDescriptor
 .text.USBD_FS_InterfaceStrDescriptor
                0x000000000800eb94       0x1c USB_DEVICE/App/usbd_desc.o
                0x000000000800eb94                USBD_FS_InterfaceStrDescriptor
 .text.STORAGE_GetCapacity_FS
                0x000000000800ebb0       0x10 USB_DEVICE/App/usbd_storage_if.o
 .text.STORAGE_IsWriteProtected_FS
                0x000000000800ebc0        0x4 USB_DEVICE/App/usbd_storage_if.o
 .text.STORAGE_Write_FS
                0x000000000800ebc4        0x4 USB_DEVICE/App/usbd_storage_if.o
 .text.STORAGE_GetMaxLun_FS
                0x000000000800ebc8        0x4 USB_DEVICE/App/usbd_storage_if.o
 .text.STORAGE_Read_FS
                0x000000000800ebcc        0x4 USB_DEVICE/App/usbd_storage_if.o
 .text.STORAGE_Init_FS
                0x000000000800ebd0        0x4 USB_DEVICE/App/usbd_storage_if.o
 .text.STORAGE_IsReady_FS
                0x000000000800ebd4        0x4 USB_DEVICE/App/usbd_storage_if.o
 .text.HAL_PCD_MspInit
                0x000000000800ebd8       0x9c USB_DEVICE/Target/usbd_conf.o
                0x000000000800ebd8                HAL_PCD_MspInit
 .text.HAL_PCD_SetupStageCallback
                0x000000000800ec74        0xc USB_DEVICE/Target/usbd_conf.o
                0x000000000800ec74                HAL_PCD_SetupStageCallback
 .text.HAL_PCD_DataOutStageCallback
                0x000000000800ec80       0x12 USB_DEVICE/Target/usbd_conf.o
                0x000000000800ec80                HAL_PCD_DataOutStageCallback
 .text.HAL_PCD_DataInStageCallback
                0x000000000800ec92       0x10 USB_DEVICE/Target/usbd_conf.o
                0x000000000800ec92                HAL_PCD_DataInStageCallback
 .text.HAL_PCD_SOFCallback
                0x000000000800eca2        0x8 USB_DEVICE/Target/usbd_conf.o
                0x000000000800eca2                HAL_PCD_SOFCallback
 .text.HAL_PCD_ResetCallback
                0x000000000800ecaa       0x24 USB_DEVICE/Target/usbd_conf.o
                0x000000000800ecaa                HAL_PCD_ResetCallback
 *fill*         0x000000000800ecce        0x2 
 .text.HAL_PCD_SuspendCallback
                0x000000000800ecd0       0x30 USB_DEVICE/Target/usbd_conf.o
                0x000000000800ecd0                HAL_PCD_SuspendCallback
 .text.HAL_PCD_ResumeCallback
                0x000000000800ed00       0x34 USB_DEVICE/Target/usbd_conf.o
                0x000000000800ed00                HAL_PCD_ResumeCallback
 .text.HAL_PCD_ISOOUTIncompleteCallback
                0x000000000800ed34        0x8 USB_DEVICE/Target/usbd_conf.o
                0x000000000800ed34                HAL_PCD_ISOOUTIncompleteCallback
 .text.HAL_PCD_ISOINIncompleteCallback
                0x000000000800ed3c        0x8 USB_DEVICE/Target/usbd_conf.o
                0x000000000800ed3c                HAL_PCD_ISOINIncompleteCallback
 .text.HAL_PCD_ConnectCallback
                0x000000000800ed44        0x8 USB_DEVICE/Target/usbd_conf.o
                0x000000000800ed44                HAL_PCD_ConnectCallback
 .text.HAL_PCD_DisconnectCallback
                0x000000000800ed4c        0x8 USB_DEVICE/Target/usbd_conf.o
                0x000000000800ed4c                HAL_PCD_DisconnectCallback
 .text.USBD_LL_Init
                0x000000000800ed54       0x5c USB_DEVICE/Target/usbd_conf.o
                0x000000000800ed54                USBD_LL_Init
 .text.USBD_LL_Start
                0x000000000800edb0       0x1c USB_DEVICE/Target/usbd_conf.o
                0x000000000800edb0                USBD_LL_Start
 .text.USBD_LL_OpenEP
                0x000000000800edcc       0x20 USB_DEVICE/Target/usbd_conf.o
                0x000000000800edcc                USBD_LL_OpenEP
 .text.USBD_LL_CloseEP
                0x000000000800edec       0x1c USB_DEVICE/Target/usbd_conf.o
                0x000000000800edec                USBD_LL_CloseEP
 .text.USBD_LL_FlushEP
                0x000000000800ee08       0x1c USB_DEVICE/Target/usbd_conf.o
                0x000000000800ee08                USBD_LL_FlushEP
 .text.USBD_LL_StallEP
                0x000000000800ee24       0x1c USB_DEVICE/Target/usbd_conf.o
                0x000000000800ee24                USBD_LL_StallEP
 .text.USBD_LL_ClearStallEP
                0x000000000800ee40       0x1c USB_DEVICE/Target/usbd_conf.o
                0x000000000800ee40                USBD_LL_ClearStallEP
 .text.USBD_LL_IsStallEP
                0x000000000800ee5c       0x26 USB_DEVICE/Target/usbd_conf.o
                0x000000000800ee5c                USBD_LL_IsStallEP
 *fill*         0x000000000800ee82        0x2 
 .text.USBD_LL_SetUSBAddress
                0x000000000800ee84       0x1c USB_DEVICE/Target/usbd_conf.o
                0x000000000800ee84                USBD_LL_SetUSBAddress
 .text.USBD_LL_Transmit
                0x000000000800eea0       0x1c USB_DEVICE/Target/usbd_conf.o
                0x000000000800eea0                USBD_LL_Transmit
 .text.USBD_LL_PrepareReceive
                0x000000000800eebc       0x1c USB_DEVICE/Target/usbd_conf.o
                0x000000000800eebc                USBD_LL_PrepareReceive
 .text.USBD_LL_GetRxDataSize
                0x000000000800eed8        0x8 USB_DEVICE/Target/usbd_conf.o
                0x000000000800eed8                USBD_LL_GetRxDataSize
 .text.HAL_PCDEx_LPM_Callback
                0x000000000800eee0       0x64 USB_DEVICE/Target/usbd_conf.o
                0x000000000800eee0                HAL_PCDEx_LPM_Callback
 .text.USBD_static_malloc
                0x000000000800ef44        0x8 USB_DEVICE/Target/usbd_conf.o
                0x000000000800ef44                USBD_static_malloc
 .text.USBD_static_free
                0x000000000800ef4c        0x2 USB_DEVICE/Target/usbd_conf.o
                0x000000000800ef4c                USBD_static_free
 .text.lv_disp_get_scr_act
                0x000000000800ef4e        0xe lvgl/src/lv_core/lv_disp.o
                0x000000000800ef4e                lv_disp_get_scr_act
 .text.lv_disp_load_scr
                0x000000000800ef5c       0x14 lvgl/src/lv_core/lv_disp.o
                0x000000000800ef5c                lv_disp_load_scr
 .text.lv_disp_get_layer_top
                0x000000000800ef70        0xe lvgl/src/lv_core/lv_disp.o
                0x000000000800ef70                lv_disp_get_layer_top
 .text.lv_disp_get_layer_sys
                0x000000000800ef7e        0xe lvgl/src/lv_core/lv_disp.o
                0x000000000800ef7e                lv_disp_get_layer_sys
 .text.lv_indev_reset.part.3
                0x000000000800ef8c       0x1a lvgl/src/lv_core/lv_indev.o
 .text.lv_indev_init
                0x000000000800efa6        0x4 lvgl/src/lv_core/lv_indev.o
                0x000000000800efa6                lv_indev_init
 *fill*         0x000000000800efaa        0x2 
 .text.lv_indev_get_act