Archive member included to satisfy reference by file (symbol)

/opt/Atollic_TrueSTUDIO_for_STM32_x86_64_9.3.0/ARMTools/bin/../lib/gcc/arm-atollic-eabi/6.3.1/../../../../arm-atollic-eabi/lib/armv7e-m/fpu/libc.a(lib_a-atoi.o)
                              Sinteck/GUI/screen_frequency.o (atoi)
/opt/Atollic_TrueSTUDIO_for_STM32_x86_64_9.3.0/ARMTools/bin/../lib/gcc/arm-atollic-eabi/6.3.1/../../../../arm-atollic-eabi/lib/armv7e-m/fpu/libc.a(lib_a-calloc.o)
                              Core/Src/log.o (calloc)
/opt/Atollic_TrueSTUDIO_for_STM32_x86_64_9.3.0/ARMTools/bin/../lib/gcc/arm-atollic-eabi/6.3.1/../../../../arm-atollic-eabi/lib/armv7e-m/fpu/libc.a(lib_a-callocr.o)
                              /opt/Atollic_TrueSTUDIO_for_STM32_x86_64_9.3.0/ARMTools/bin/../lib/gcc/arm-atollic-eabi/6.3.1/../../../../arm-atollic-eabi/lib/armv7e-m/fpu/libc.a(lib_a-calloc.o) (_calloc_r)
/opt/Atollic_TrueSTUDIO_for_STM32_x86_64_9.3.0/ARMTools/bin/../lib/gcc/arm-atollic-eabi/6.3.1/../../../../arm-atollic-eabi/lib/armv7e-m/fpu/libc.a(lib_a-errno.o)
                              Core/Src/syscalls.o (__errno)
/opt/Atollic_TrueSTUDIO_for_STM32_x86_64_9.3.0/ARMTools/bin/../lib/gcc/arm-atollic-eabi/6.3.1/../../../../arm-atollic-eabi/lib/armv7e-m/fpu/libc.a(lib_a-impure.o)
                              /opt/Atollic_TrueSTUDIO_for_STM32_x86_64_9.3.0/ARMTools/bin/../lib/gcc/arm-atollic-eabi/6.3.1/../../../../arm-atollic-eabi/lib/armv7e-m/fpu/libc.a(lib_a-calloc.o) (_impure_ptr)
/opt/Atollic_TrueSTUDIO_for_STM32_x86_64_9.3.0/ARMTools/bin/../lib/gcc/arm-atollic-eabi/6.3.1/../../../../arm-atollic-eabi/lib/armv7e-m/fpu/libc.a(lib_a-init.o)
                              startup/startup_stm32l476xx.o (__libc_init_array)
/opt/Atollic_TrueSTUDIO_for_STM32_x86_64_9.3.0/ARMTools/bin/../lib/gcc/arm-atollic-eabi/6.3.1/../../../../arm-atollic-eabi/lib/armv7e-m/fpu/libc.a(lib_a-mallocr.o)
                              /opt/Atollic_TrueSTUDIO_for_STM32_x86_64_9.3.0/ARMTools/bin/../lib/gcc/arm-atollic-eabi/6.3.1/../../../../arm-atollic-eabi/lib/armv7e-m/fpu/libc.a(lib_a-callocr.o) (_malloc_r)
/opt/Atollic_TrueSTUDIO_for_STM32_x86_64_9.3.0/ARMTools/bin/../lib/gcc/arm-atollic-eabi/6.3.1/../../../../arm-atollic-eabi/lib/armv7e-m/fpu/libc.a(lib_a-memcpy-stub.o)
                              lvgl/src/lv_core/lv_refr.o (memcpy)
/opt/Atollic_TrueSTUDIO_for_STM32_x86_64_9.3.0/ARMTools/bin/../lib/gcc/arm-atollic-eabi/6.3.1/../../../../arm-atollic-eabi/lib/armv7e-m/fpu/libc.a(lib_a-memset.o)
                              Core/Src/main.o (memset)
/opt/Atollic_TrueSTUDIO_for_STM32_x86_64_9.3.0/ARMTools/bin/../lib/gcc/arm-atollic-eabi/6.3.1/../../../../arm-atollic-eabi/lib/armv7e-m/fpu/libc.a(lib_a-mlock.o)
                              /opt/Atollic_TrueSTUDIO_for_STM32_x86_64_9.3.0/ARMTools/bin/../lib/gcc/arm-atollic-eabi/6.3.1/../../../../arm-atollic-eabi/lib/armv7e-m/fpu/libc.a(lib_a-mallocr.o) (__malloc_lock)
/opt/Atollic_TrueSTUDIO_for_STM32_x86_64_9.3.0/ARMTools/bin/../lib/gcc/arm-atollic-eabi/6.3.1/../../../../arm-atollic-eabi/lib/armv7e-m/fpu/libc.a(lib_a-sbrkr.o)
                              /opt/Atollic_TrueSTUDIO_for_STM32_x86_64_9.3.0/ARMTools/bin/../lib/gcc/arm-atollic-eabi/6.3.1/../../../../arm-atollic-eabi/lib/armv7e-m/fpu/libc.a(lib_a-mallocr.o) (_sbrk_r)
/opt/Atollic_TrueSTUDIO_for_STM32_x86_64_9.3.0/ARMTools/bin/../lib/gcc/arm-atollic-eabi/6.3.1/../../../../arm-atollic-eabi/lib/armv7e-m/fpu/libc.a(lib_a-sprintf.o)
                              Core/Src/main.o (sprintf)
/opt/Atollic_TrueSTUDIO_for_STM32_x86_64_9.3.0/ARMTools/bin/../lib/gcc/arm-atollic-eabi/6.3.1/../../../../arm-atollic-eabi/lib/armv7e-m/fpu/libc.a(lib_a-strcmp.o)
                              lvgl/src/lv_objx/lv_btnm.o (strcmp)
/opt/Atollic_TrueSTUDIO_for_STM32_x86_64_9.3.0/ARMTools/bin/../lib/gcc/arm-atollic-eabi/6.3.1/../../../../arm-atollic-eabi/lib/armv7e-m/fpu/libc.a(lib_a-strcpy.o)
                              Core/Src/log.o (strcpy)
/opt/Atollic_TrueSTUDIO_for_STM32_x86_64_9.3.0/ARMTools/bin/../lib/gcc/arm-atollic-eabi/6.3.1/../../../../arm-atollic-eabi/lib/armv7e-m/fpu/libc.a(lib_a-strlen.o)
                              Core/Src/log.o (strlen)
/opt/Atollic_TrueSTUDIO_for_STM32_x86_64_9.3.0/ARMTools/bin/../lib/gcc/arm-atollic-eabi/6.3.1/../../../../arm-atollic-eabi/lib/armv7e-m/fpu/libc.a(lib_a-strtol.o)
                              /opt/Atollic_TrueSTUDIO_for_STM32_x86_64_9.3.0/ARMTools/bin/../lib/gcc/arm-atollic-eabi/6.3.1/../../../../arm-atollic-eabi/lib/armv7e-m/fpu/libc.a(lib_a-atoi.o) (_strtol_r)
/opt/Atollic_TrueSTUDIO_for_STM32_x86_64_9.3.0/ARMTools/bin/../lib/gcc/arm-atollic-eabi/6.3.1/../../../../arm-atollic-eabi/lib/armv7e-m/fpu/libc.a(lib_a-svfprintf.o)
                              /opt/Atollic_TrueSTUDIO_for_STM32_x86_64_9.3.0/ARMTools/bin/../lib/gcc/arm-atollic-eabi/6.3.1/../../../../arm-atollic-eabi/lib/armv7e-m/fpu/libc.a(lib_a-sprintf.o) (_svfprintf_r)
[...]
Memory Configuration

Name             Origin             Length             Attributes
RAM              0x0000000020000000 0x0000000000018000 xrw
RAM2             0x0000000010000000 0x0000000000008000 xrw
FLASH            0x0000000008000000 0x0000000000100000 xr
*default*        0x0000000000000000 0xffffffffffffffff

Linker script and memory map

LOAD /opt/Atollic_TrueSTUDIO_for_STM32_x86_64_9.3.0/ARMTools/bin/../lib/gcc/arm-atollic-eabi/6.3.1/armv7e-m/fpu/crti.o
LOAD /opt/Atollic_TrueSTUDIO_for_STM32_x86_64_9.3.0/ARMTools/bin/../lib/gcc/arm-atollic-eabi/6.3.1/armv7e-m/fpu/crtbegin.o
LOAD Core/Src/ST7735.o
LOAD Core/Src/key.o
LOAD Core/Src/log.o
LOAD Core/Src/main.o
LOAD Core/Src/misc.o
LOAD Core/Src/stm32l4xx_hal_msp.o
LOAD Core/Src/stm32l4xx_hal_timebase_tim.o
LOAD Core/Src/stm32l4xx_it.o
LOAD Core/Src/syscalls.o
LOAD Core/Src/system_stm32l4xx.o
LOAD Core/Src/w25qxx.o
LOAD Drivers/STM32L4xx_HAL_Driver/Src/stm32l4xx_hal.o
LOAD Drivers/STM32L4xx_HAL_Driver/Src/stm32l4xx_hal_adc.o
LOAD Drivers/STM32L4xx_HAL_Driver/Src/stm32l4xx_hal_adc_ex.o
LOAD Drivers/STM32L4xx_HAL_Driver/Src/stm32l4xx_hal_cortex.o
LOAD Drivers/STM32L4xx_HAL_Driver/Src/stm32l4xx_hal_dac.o
LOAD Drivers/STM32L4xx_HAL_Driver/Src/stm32l4xx_hal_dac_ex.o
LOAD Drivers/STM32L4xx_HAL_Driver/Src/stm32l4xx_hal_dma.o
LOAD Drivers/STM32L4xx_HAL_Driver/Src/stm32l4xx_hal_dma_ex.o
LOAD Drivers/STM32L4xx_HAL_Driver/Src/stm32l4xx_hal_exti.o
LOAD Drivers/STM32L4xx_HAL_Driver/Src/stm32l4xx_hal_flash.o
LOAD Drivers/STM32L4xx_HAL_Driver/Src/stm32l4xx_hal_flash_ex.o
LOAD Drivers/STM32L4xx_HAL_Driver/Src/stm32l4xx_hal_flash_ramfunc.o
LOAD Drivers/STM32L4xx_HAL_Driver/Src/stm32l4xx_hal_gpio.o
LOAD Drivers/STM32L4xx_HAL_Driver/Src/stm32l4xx_hal_i2c.o
LOAD Drivers/STM32L4xx_HAL_Driver/Src/stm32l4xx_hal_i2c_ex.o
LOAD Drivers/STM32L4xx_HAL_Driver/Src/stm32l4xx_hal_pcd.o
LOAD Drivers/STM32L4xx_HAL_Driver/Src/stm32l4xx_hal_pcd_ex.o
LOAD Drivers/STM32L4xx_HAL_Driver/Src/stm32l4xx_hal_pwr.o
LOAD Drivers/STM32L4xx_HAL_Driver/Src/stm32l4xx_hal_pwr_ex.o
LOAD Drivers/STM32L4xx_HAL_Driver/Src/stm32l4xx_hal_qspi.o
LOAD Drivers/STM32L4xx_HAL_Driver/Src/stm32l4xx_hal_rcc.o
LOAD Drivers/STM32L4xx_HAL_Driver/Src/stm32l4xx_hal_rcc_ex.o
LOAD Drivers/STM32L4xx_HAL_Driver/Src/stm32l4xx_hal_rtc.o
LOAD Drivers/STM32L4xx_HAL_Driver/Src/stm32l4xx_hal_rtc_ex.o
LOAD Drivers/STM32L4xx_HAL_Driver/Src/stm32l4xx_hal_spi.o
LOAD Drivers/STM32L4xx_HAL_Driver/Src/stm32l4xx_hal_spi_ex.o
LOAD Drivers/STM32L4xx_HAL_Driver/Src/stm32l4xx_hal_tim.o
LOAD Drivers/STM32L4xx_HAL_Driver/Src/stm32l4xx_hal_tim_ex.o
LOAD Drivers/STM32L4xx_HAL_Driver/Src/stm32l4xx_hal_uart.o
LOAD Drivers/STM32L4xx_HAL_Driver/Src/stm32l4xx_hal_uart_ex.o
LOAD Drivers/STM32L4xx_HAL_Driver/Src/stm32l4xx_ll_usb.o
LOAD FATFS/App/fatfs.o
LOAD FATFS/Target/user_diskio.o
LOAD Middlewares/ST/STM32_USB_Device_Library/Class/MSC/Src/usbd_msc.o
LOAD Middlewares/ST/STM32_USB_Device_Library/Class/MSC/Src/usbd_msc_bot.o
LOAD Middlewares/ST/STM32_USB_Device_Library/Class/MSC/Src/usbd_msc_data.o
LOAD Middlewares/ST/STM32_USB_Device_Library/Class/MSC/Src/usbd_msc_scsi.o
LOAD Middlewares/ST/STM32_USB_Device_Library/Core/Src/usbd_core.o
LOAD Middlewares/ST/STM32_USB_Device_Library/Core/Src/usbd_ctlreq.o
LOAD Middlewares/ST/STM32_USB_Device_Library/Core/Src/usbd_ioreq.o
LOAD Middlewares/Third_Party/FatFs/src/diskio.o
LOAD Middlewares/Third_Party/FatFs/src/ff.o
LOAD Middlewares/Third_Party/FatFs/src/ff_gen_drv.o
LOAD Middlewares/Third_Party/FatFs/src/option/syscall.o
LOAD Sinteck/Fonts/lv_font_eurostile_10.o
LOAD Sinteck/Fonts/lv_font_eurostile_24.o
LOAD Sinteck/GUI/main_screen.o
LOAD Sinteck/GUI/screen_audio.o
LOAD Sinteck/GUI/screen_frequency.o
LOAD Sinteck/GUI/screen_mpx.o
LOAD Sinteck/GUI/screen_reading_efic.o
LOAD Sinteck/GUI/screen_reading_status.o
LOAD Sinteck/GUI/screen_reading_temp.o
LOAD Sinteck/GUI/screen_reading_vpa.o
LOAD Sinteck/GUI/screen_readings.o
LOAD Sinteck/GUI/screen_rf.o
LOAD Sinteck/GUI/screen_sel.o
LOAD Sinteck/img_inc/Btn_50u.o
LOAD Sinteck/img_inc/Btn_50u_am.o
LOAD Sinteck/img_inc/Btn_75u.o
LOAD Sinteck/img_inc/Btn_75u_am.o
LOAD Sinteck/img_inc/Btn_Audio.o
LOAD Sinteck/img_inc/Btn_Audio_am.o
LOAD Sinteck/img_inc/Btn_Frequency.o
LOAD Sinteck/img_inc/Btn_Frequency_am.o
LOAD Sinteck/img_inc/Btn_RF.o
LOAD Sinteck/img_inc/Btn_RF_am.o
LOAD Sinteck/img_inc/Btn_Readings.o
LOAD Sinteck/img_inc/Btn_Readings_am.o
LOAD Sinteck/img_inc/Btn_mic.o
LOAD Sinteck/img_inc/Btn_mic_am.o
LOAD Sinteck/img_inc/Btn_mono.o
LOAD Sinteck/img_inc/Btn_mono_am.o
LOAD Sinteck/img_inc/Btn_mp3.o
LOAD Sinteck/img_inc/Btn_mp3Next.o
LOAD Sinteck/img_inc/Btn_mp3Next_am.o
LOAD Sinteck/img_inc/Btn_mp3Next_vd.o
LOAD Sinteck/img_inc/Btn_mp3Pause.o
LOAD Sinteck/img_inc/Btn_mp3Pause_am.o
LOAD Sinteck/img_inc/Btn_mp3Pause_vd.o
LOAD Sinteck/img_inc/Btn_mp3Play.o
LOAD Sinteck/img_inc/Btn_mp3Play_am.o
LOAD Sinteck/img_inc/Btn_mp3Play_vd.o
LOAD Sinteck/img_inc/Btn_mp3Prev.o
LOAD Sinteck/img_inc/Btn_mp3Prev_am.o
LOAD Sinteck/img_inc/Btn_mp3Prev_vd.o
LOAD Sinteck/img_inc/Btn_mp3Stop.o
LOAD Sinteck/img_inc/Btn_mp3Stop_am.o
LOAD Sinteck/img_inc/Btn_mp3Stop_vd.o
LOAD Sinteck/img_inc/Btn_mp3_am.o
LOAD Sinteck/img_inc/Btn_mpxext.o
LOAD Sinteck/img_inc/Btn_mpxext_am.o
LOAD Sinteck/img_inc/Btn_mpxint.o
LOAD Sinteck/img_inc/Btn_mpxint_am.o
LOAD Sinteck/img_inc/Btn_next.o
LOAD Sinteck/img_inc/Btn_off.o
LOAD Sinteck/img_inc/Btn_off_am.o
LOAD Sinteck/img_inc/Btn_on.o
LOAD Sinteck/img_inc/Btn_on_am.o
LOAD Sinteck/img_inc/Btn_poweroff.o
LOAD Sinteck/img_inc/Btn_poweroff_am.o
LOAD Sinteck/img_inc/Btn_poweroff_vm.o
LOAD Sinteck/img_inc/Btn_poweron.o
LOAD Sinteck/img_inc/Btn_poweron_am.o
LOAD Sinteck/img_inc/Btn_poweron_vd.o
LOAD Sinteck/img_inc/Btn_prev.o
LOAD Sinteck/img_inc/Btn_stereo.o
LOAD Sinteck/img_inc/Btn_stereo_am.o
LOAD Sinteck/img_inc/stereo_off.o
LOAD Sinteck/img_inc/stereo_vd.o
LOAD Sinteck/img_inc/tela_0.o
LOAD Sinteck/img_inc/tela_audio.o
LOAD Sinteck/img_inc/tela_audio_1.o
LOAD Sinteck/img_inc/tela_audio_2.o
LOAD Sinteck/img_inc/tela_freq.o
LOAD Sinteck/img_inc/tela_reading_audio.o
LOAD Sinteck/img_inc/tela_reading_efic.o
LOAD Sinteck/img_inc/tela_reading_rf.o
LOAD Sinteck/img_inc/tela_reading_temp.o
LOAD Sinteck/img_inc/tela_reading_vpa.o
LOAD Sinteck/img_inc/tela_rf.o
LOAD Sinteck/img_inc/tela_rf_1.o
LOAD Sinteck/img_inc/tela_rf_2.o
LOAD Sinteck/img_inc/tela_sel.o
LOAD Sinteck/img_inc/tela_status.o
LOAD USB_DEVICE/App/usb_device.o
LOAD USB_DEVICE/App/usbd_desc.o
LOAD USB_DEVICE/App/usbd_storage_if.o
LOAD USB_DEVICE/Target/usbd_conf.o
LOAD lvgl/porting/lv_port_disp_template.o
LOAD lvgl/porting/lv_port_fs_template.o
LOAD lvgl/porting/lv_port_indev_template.o
LOAD lvgl/src/lv_core/lv_disp.o
LOAD lvgl/src/lv_core/lv_group.o
LOAD lvgl/src/lv_core/lv_indev.o
LOAD lvgl/src/lv_core/lv_obj.o
LOAD lvgl/src/lv_core/lv_refr.o
LOAD lvgl/src/lv_core/lv_style.o
LOAD lvgl/src/lv_draw/lv_draw.o
LOAD lvgl/src/lv_draw/lv_draw_arc.o
LOAD lvgl/src/lv_draw/lv_draw_basic.o
LOAD lvgl/src/lv_draw/lv_draw_img.o
LOAD lvgl/src/lv_draw/lv_draw_label.o
LOAD lvgl/src/lv_draw/lv_draw_line.o
LOAD lvgl/src/lv_draw/lv_draw_rect.o
LOAD lvgl/src/lv_draw/lv_draw_triangle.o
LOAD lvgl/src/lv_draw/lv_img_cache.o
LOAD lvgl/src/lv_draw/lv_img_decoder.o
LOAD lvgl/src/lv_font/lv_font.o
LOAD lvgl/src/lv_font/lv_font_fmt_txt.o
LOAD lvgl/src/lv_font/lv_font_roboto_12.o
LOAD lvgl/src/lv_font/lv_font_roboto_16.o
LOAD lvgl/src/lv_font/lv_font_roboto_22.o
LOAD lvgl/src/lv_font/lv_font_roboto_28.o
LOAD lvgl/src/lv_font/lv_font_unscii_8.o
LOAD lvgl/src/lv_hal/lv_hal_disp.o
LOAD lvgl/src/lv_hal/lv_hal_indev.o
LOAD lvgl/src/lv_hal/lv_hal_tick.o
LOAD lvgl/src/lv_misc/lv_anim.o
LOAD lvgl/src/lv_misc/lv_area.o
LOAD lvgl/src/lv_misc/lv_async.o
LOAD lvgl/src/lv_misc/lv_circ.o
LOAD lvgl/src/lv_misc/lv_color.o
LOAD lvgl/src/lv_misc/lv_fs.o
LOAD lvgl/src/lv_misc/lv_gc.o
LOAD lvgl/src/lv_misc/lv_ll.o
LOAD lvgl/src/lv_misc/lv_log.o
LOAD lvgl/src/lv_misc/lv_math.o
LOAD lvgl/src/lv_misc/lv_mem.o
LOAD lvgl/src/lv_misc/lv_task.o
LOAD lvgl/src/lv_misc/lv_templ.o
LOAD lvgl/src/lv_misc/lv_txt.o
LOAD lvgl/src/lv_misc/lv_utils.o
LOAD lvgl/src/lv_objx/lv_arc.o
LOAD lvgl/src/lv_objx/lv_bar.o
LOAD lvgl/src/lv_objx/lv_btn.o
LOAD lvgl/src/lv_objx/lv_btnm.o
LOAD lvgl/src/lv_objx/lv_calendar.o
LOAD lvgl/src/lv_objx/lv_canvas.o
LOAD lvgl/src/lv_objx/lv_cb.o
LOAD lvgl/src/lv_objx/lv_chart.o
LOAD lvgl/src/lv_objx/lv_cont.o
LOAD lvgl/src/lv_objx/lv_ddlist.o
LOAD lvgl/src/lv_objx/lv_gauge.o
LOAD lvgl/src/lv_objx/lv_img.o
LOAD lvgl/src/lv_objx/lv_imgbtn.o
LOAD lvgl/src/lv_objx/lv_kb.o
LOAD lvgl/src/lv_objx/lv_label.o
LOAD lvgl/src/lv_objx/lv_led.o
LOAD lvgl/src/lv_objx/lv_line.o
LOAD lvgl/src/lv_objx/lv_list.o
LOAD lvgl/src/lv_objx/lv_lmeter.o
LOAD lvgl/src/lv_objx/lv_mbox.o
LOAD lvgl/src/lv_objx/lv_objx_templ.o
LOAD lvgl/src/lv_objx/lv_page.o
LOAD lvgl/src/lv_objx/lv_preload.o
LOAD lvgl/src/lv_objx/lv_roller.o
LOAD lvgl/src/lv_objx/lv_slider.o
LOAD lvgl/src/lv_objx/lv_spinbox.o
LOAD lvgl/src/lv_objx/lv_sw.o
LOAD lvgl/src/lv_objx/lv_ta.o
LOAD lvgl/src/lv_objx/lv_table.o
LOAD lvgl/src/lv_objx/lv_tabview.o
LOAD lvgl/src/lv_objx/lv_tileview.o
LOAD lvgl/src/lv_objx/lv_win.o
LOAD lvgl/src/lv_themes/lv_theme.o
LOAD lvgl/src/lv_themes/lv_theme_alien.o
LOAD lvgl/src/lv_themes/lv_theme_default.o
LOAD lvgl/src/lv_themes/lv_theme_material.o
LOAD lvgl/src/lv_themes/lv_theme_mono.o
LOAD lvgl/src/lv_themes/lv_theme_nemo.o
LOAD lvgl/src/lv_themes/lv_theme_night.o
LOAD lvgl/src/lv_themes/lv_theme_templ.o
LOAD lvgl/src/lv_themes/lv_theme_zen.o
LOAD startup/startup_stm32l476xx.o
                0x0000000000001000                malloc_getpagesize_P = 0x1000
START GROUP
LOAD /opt/Atollic_TrueSTUDIO_for_STM32_x86_64_9.3.0/ARMTools/bin/../lib/gcc/arm-atollic-eabi/6.3.1/../../../../arm-atollic-eabi/lib/armv7e-m/fpu/libc.a
LOAD /opt/Atollic_TrueSTUDIO_for_STM32_x86_64_9.3.0/ARMTools/bin/../lib/gcc/arm-atollic-eabi/6.3.1/../../../../arm-atollic-eabi/lib/armv7e-m/fpu/libm.a
END GROUP
START GROUP
LOAD /opt/Atollic_TrueSTUDIO_for_STM32_x86_64_9.3.0/ARMTools/bin/../lib/gcc/arm-atollic-eabi/6.3.1/armv7e-m/fpu/libgcc.a
LOAD /opt/Atollic_TrueSTUDIO_for_STM32_x86_64_9.3.0/ARMTools/bin/../lib/gcc/arm-atollic-eabi/6.3.1/../../../../arm-atollic-eabi/lib/armv7e-m/fpu/libc.a
END GROUP
START GROUP
LOAD /opt/Atollic_TrueSTUDIO_for_STM32_x86_64_9.3.0/ARMTools/bin/../lib/gcc/arm-atollic-eabi/6.3.1/armv7e-m/fpu/libgcc.a
LOAD /opt/Atollic_TrueSTUDIO_for_STM32_x86_64_9.3.0/ARMTools/bin/../lib/gcc/arm-atollic-eabi/6.3.1/../../../../arm-atollic-eabi/lib/armv7e-m/fpu/libc.a
LOAD /opt/Atollic_TrueSTUDIO_for_STM32_x86_64_9.3.0/ARMTools/bin/../lib/gcc/arm-atollic-eabi/6.3.1/../../../../arm-atollic-eabi/lib/armv7e-m/fpu/libnosys.a
END GROUP
LOAD /opt/Atollic_TrueSTUDIO_for_STM32_x86_64_9.3.0/ARMTools/bin/../lib/gcc/arm-atollic-eabi/6.3.1/armv7e-m/fpu/crtend.o
LOAD /opt/Atollic_TrueSTUDIO_for_STM32_x86_64_9.3.0/ARMTools/bin/../lib/gcc/arm-atollic-eabi/6.3.1/armv7e-m/fpu/crtn.o
                0x0000000020018000                _estack = 0x20018000
                0x0000000000000200                _Min_Heap_Size = 0x200
                0x0000000000000400                _Min_Stack_Size = 0x400

.isr_vector     0x0000000008000000      0x188
                0x0000000008000000                . = ALIGN (0x4)
 *(.isr_vector)
 .isr_vector    0x0000000008000000      0x188 startup/startup_stm32l476xx.o
                0x0000000008000000                g_pfnVectors
                0x0000000008000188                . = ALIGN (0x4)

.text           0x0000000008000190    0x1bda8
                0x0000000008000190                . = ALIGN (0x4)
 *(.text)
 .text          0x0000000008000190       0x40 /opt/Atollic_TrueSTUDIO_for_STM32_x86_64_9.3.0/ARMTools/bin/../lib/gcc/arm-atollic-eabi/6.3.1/armv7e-m/fpu/crtbegin.o
 .text          0x00000000080001d0       0x10 /opt/Atollic_TrueSTUDIO_for_STM32_x86_64_9.3.0/ARMTools/bin/../lib/gcc/arm-atollic-eabi/6.3.1/../../../../arm-atollic-eabi/lib/armv7e-m/fpu/libc.a(lib_a-strlen.o)
                0x00000000080001d0                strlen
 .text          0x00000000080001e0       0xa0 /opt/Atollic_TrueSTUDIO_for_STM32_x86_64_9.3.0/ARMTools/bin/../lib/gcc/arm-atollic-eabi/6.3.1/../../../../arm-atollic-eabi/lib/armv7e-m/fpu/libc.a(lib_a-memchr.o)
                0x00000000080001e0                memchr
 .text          0x0000000008000280      0x370 /opt/Atollic_TrueSTUDIO_for_STM32_x86_64_9.3.0/ARMTools/bin/../lib/gcc/arm-atollic-eabi/6.3.1/armv7e-m/fpu/libgcc.a(_arm_addsubdf3.o)
                0x0000000008000280                __aeabi_drsub
                0x0000000008000288                __aeabi_dsub
                0x0000000008000288                __subdf3
                0x000000000800028c                __adddf3
                0x000000000800028c                __aeabi_dadd
                0x0000000008000504                __aeabi_ui2d
                0x0000000008000504                __floatunsidf
                0x0000000008000524                __floatsidf
                0x0000000008000524                __aeabi_i2d
                0x0000000008000548                __extendsfdf2
                0x0000000008000548                __aeabi_f2d
                0x0000000008000584                __aeabi_ul2d
                0x0000000008000584                __floatundidf
                0x0000000008000594                __floatdidf
                0x0000000008000594                __aeabi_l2d
 .text          0x00000000080005f0      0x424 /opt/Atollic_TrueSTUDIO_for_STM32_x86_64_9.3.0/ARMTools/bin/../lib/gcc/arm-atollic-eabi/6.3.1/armv7e-m/fpu/libgcc.a(_arm_muldivdf3.o)
                0x00000000080005f0                __aeabi_dmul
                0x00000000080005f0                __muldf3
                0x0000000008000844                __aeabi_ddiv
                0x0000000008000844                __divdf3
 .text          0x0000000008000a14      0x110 /opt/Atollic_TrueSTUDIO_for_STM32_x86_64_9.3.0/ARMTools/bin/../lib/gcc/arm-atollic-eabi/6.3.1/armv7e-m/fpu/libgcc.a(_arm_cmpdf2.o)
                0x0000000008000a14                __gtdf2
                0x0000000008000a14                __gedf2
                0x0000000008000a1c                __ltdf2
                0x0000000008000a1c                __ledf2
                0x0000000008000a24                __cmpdf2
                0x0000000008000a24                __eqdf2
                0x0000000008000a24                __nedf2
                0x0000000008000aa0                __aeabi_cdrcmple
                0x0000000008000ab0                __aeabi_cdcmple
                0x0000000008000ab0                __aeabi_cdcmpeq
                0x0000000008000ac0                __aeabi_dcmpeq
                0x0000000008000ad4                __aeabi_dcmplt
                0x0000000008000ae8                __aeabi_dcmple
                0x0000000008000afc                __aeabi_dcmpge
                0x0000000008000b10                __aeabi_dcmpgt
 .text          0x0000000008000b24       0x2c /opt/Atollic_TrueSTUDIO_for_STM32_x86_64_9.3.0/ARMTools/bin/../lib/gcc/arm-atollic-eabi/6.3.1/armv7e-m/fpu/libgcc.a(_arm_unorddf2.o)
                0x0000000008000b24                __aeabi_dcmpun
                0x0000000008000b24                __unorddf2
 .text          0x0000000008000b50       0x50 /opt/Atollic_TrueSTUDIO_for_STM32_x86_64_9.3.0/ARMTools/bin/../lib/gcc/arm-atollic-eabi/6.3.1/armv7e-m/fpu/libgcc.a(_arm_fixdfsi.o)
                0x0000000008000b50                __fixdfsi
                0x0000000008000b50                __aeabi_d2iz
 .text          0x0000000008000ba0       0x30 /opt/Atollic_TrueSTUDIO_for_STM32_x86_64_9.3.0/ARMTools/bin/../lib/gcc/arm-atollic-eabi/6.3.1/armv7e-m/fpu/libgcc.a(_aeabi_uldivmod.o)
                0x0000000008000ba0                __aeabi_uldivmod
 .text          0x0000000008000bd0      0x2dc /opt/Atollic_TrueSTUDIO_for_STM32_x86_64_9.3.0/ARMTools/bin/../lib/gcc/arm-atollic-eabi/6.3.1/armv7e-m/fpu/libgcc.a(_udivmoddi4.o)
                0x0000000008000bd0                __udivmoddi4
 .text          0x0000000008000eac        0x4 /opt/Atollic_TrueSTUDIO_for_STM32_x86_64_9.3.0/ARMTools/bin/../lib/gcc/arm-atollic-eabi/6.3.1/armv7e-m/fpu/libgcc.a(_dvmd_tls.o)
                0x0000000008000eac                __aeabi_ldiv0
                0x0000000008000eac                __aeabi_idiv0
 *(.text*)
 .text.ST7735_write
                0x0000000008000eb0       0x20 Core/Src/ST7735.o
                0x0000000008000eb0                ST7735_write
 .text.ST7735_cmd
                0x0000000008000ed0       0x1c Core/Src/ST7735.o
                0x0000000008000ed0                ST7735_cmd
 .text.ST7735_data
                0x0000000008000eec       0x1c Core/Src/ST7735.o
                0x0000000008000eec                ST7735_data
 .text.ST7735_Orientation
                0x0000000008000f08       0x6c Core/Src/ST7735.o
                0x0000000008000f08                ST7735_Orientation
 .text.ST7735_Init
                0x0000000008000f74      0x11c Core/Src/ST7735.o
                0x0000000008000f74                ST7735_Init
 .text.ST7735_AddrSet
                0x0000000008001090       0x70 Core/Src/ST7735.o
                0x0000000008001090                ST7735_AddrSet
 .text.ST7735_Clear
                0x0000000008001100       0x70 Core/Src/ST7735.o
                0x0000000008001100                ST7735_Clear
 .text.ST7735_Flush_3
                0x0000000008001170       0xe4 Core/Src/ST7735.o
                0x0000000008001170                ST7735_Flush_3
 .text.ClearLog
                0x0000000008001254       0x1c Core/Src/key.o
                0x0000000008001254                ClearLog
 .text.KeyboardInit
                0x0000000008001270       0x40 Core/Src/key.o
                0x0000000008001270                KeyboardInit
 .text.KeyboardSetMode
                0x00000000080012b0       0x38 Core/Src/key.o
                0x00000000080012b0                KeyboardSetMode
 .text.PushButton_Read
                0x00000000080012e8       0x48 Core/Src/key.o
                0x00000000080012e8                PushButton_Read
 .text.Evt_EnQueue
                0x0000000008001330       0x38 Core/Src/key.o
                0x0000000008001330                Evt_EnQueue
 .text.KeyboardRead
                0x0000000008001368      0x114 Core/Src/key.o
                0x0000000008001368                KeyboardRead
 .text.Key_Read
                0x000000000800147c       0x12 Core/Src/key.o
                0x000000000800147c                Key_Read
 *fill*         0x000000000800148e        0x2 
 .text.Evt_DeQueue
                0x0000000008001490       0x3c Core/Src/key.o
                0x0000000008001490                Evt_DeQueue
 .text.Evt_InitQueue
                0x00000000080014cc       0x14 Core/Src/key.o
                0x00000000080014cc                Evt_InitQueue
 .text.ButtonEvent
                0x00000000080014e0      0x148 Core/Src/key.o
                0x00000000080014e0                ButtonEvent
 .text.HAL_printf_valist
                0x0000000008001628       0x44 Core/Src/log.o
                0x0000000008001628                HAL_printf_valist
 .text.logI     0x000000000800166c       0x1a Core/Src/log.o
                0x000000000800166c                logI
 *fill*         0x0000000008001686        0x2 
 .text.SystemClock_Config
                0x0000000008001688       0xc8 Core/Src/main.o
                0x0000000008001688                SystemClock_Config
 .text.startup.main
                0x0000000008001750      0x4ec Core/Src/main.o
                0x0000000008001750                main
 .text.HAL_TIM_PeriodElapsedCallback
                0x0000000008001c3c       0x48 Core/Src/main.o
                0x0000000008001c3c                HAL_TIM_PeriodElapsedCallback
 .text.Error_Handler
                0x0000000008001c84        0x2 Core/Src/main.o
                0x0000000008001c84                Error_Handler
 *fill*         0x0000000008001c86        0x2 
 .text.Read_Encoder
                0x0000000008001c88       0x98 Core/Src/misc.o
                0x0000000008001c88                Read_Encoder
 .text.tft_backlight
                0x0000000008001d20       0x2c Core/Src/misc.o
                0x0000000008001d20                tft_backlight
 .text.HAL_MspInit
                0x0000000008001d4c       0x30 Core/Src/stm32l4xx_hal_msp.o
                0x0000000008001d4c                HAL_MspInit
 .text.HAL_ADC_MspInit
                0x0000000008001d7c       0x60 Core/Src/stm32l4xx_hal_msp.o
                0x0000000008001d7c                HAL_ADC_MspInit
 .text.HAL_DAC_MspInit
                0x0000000008001ddc       0x6c Core/Src/stm32l4xx_hal_msp.o
                0x0000000008001ddc                HAL_DAC_MspInit
 .text.HAL_I2C_MspInit
                0x0000000008001e48       0x6c Core/Src/stm32l4xx_hal_msp.o
                0x0000000008001e48                HAL_I2C_MspInit
 .text.HAL_QSPI_MspInit
                0x0000000008001eb4       0x94 Core/Src/stm32l4xx_hal_msp.o
                0x0000000008001eb4                HAL_QSPI_MspInit
 .text.HAL_RTC_MspInit
                0x0000000008001f48       0x20 Core/Src/stm32l4xx_hal_msp.o
                0x0000000008001f48                HAL_RTC_MspInit
 .text.HAL_SPI_MspInit
                0x0000000008001f68       0x68 Core/Src/stm32l4xx_hal_msp.o
                0x0000000008001f68                HAL_SPI_MspInit
 .text.HAL_TIM_Base_MspInit
                0x0000000008001fd0       0x28 Core/Src/stm32l4xx_hal_msp.o
                0x0000000008001fd0                HAL_TIM_Base_MspInit
 .text.HAL_TIM_MspPostInit
                0x0000000008001ff8       0x4c Core/Src/stm32l4xx_hal_msp.o
                0x0000000008001ff8                HAL_TIM_MspPostInit
 .text.HAL_UART_MspInit
                0x0000000008002044       0x64 Core/Src/stm32l4xx_hal_msp.o
                0x0000000008002044                HAL_UART_MspInit
 .text.HAL_InitTick
                0x00000000080020a8       0x78 Core/Src/stm32l4xx_hal_timebase_tim.o
                0x00000000080020a8                HAL_InitTick
 .text.NMI_Handler
                0x0000000008002120        0x2 Core/Src/stm32l4xx_it.o
                0x0000000008002120                NMI_Handler
 .text.HardFault_Handler
                0x0000000008002122        0x2 Core/Src/stm32l4xx_it.o
                0x0000000008002122                HardFault_Handler
 .text.MemManage_Handler
                0x0000000008002124        0x2 Core/Src/stm32l4xx_it.o
                0x0000000008002124                MemManage_Handler
 .text.BusFault_Handler
                0x0000000008002126        0x2 Core/Src/stm32l4xx_it.o
                0x0000000008002126                BusFault_Handler
 .text.UsageFault_Handler
                0x0000000008002128        0x2 Core/Src/stm32l4xx_it.o
                0x0000000008002128                UsageFault_Handler
 .text.SVC_Handler
                0x000000000800212a        0x2 Core/Src/stm32l4xx_it.o
                0x000000000800212a                SVC_Handler
 .text.DebugMon_Handler
                0x000000000800212c        0x2 Core/Src/stm32l4xx_it.o
                0x000000000800212c                DebugMon_Handler
 .text.PendSV_Handler
                0x000000000800212e        0x2 Core/Src/stm32l4xx_it.o
                0x000000000800212e                PendSV_Handler
 .text.SysTick_Handler
                0x0000000008002130        0x2 Core/Src/stm32l4xx_it.o
                0x0000000008002130                SysTick_Handler
 *fill*         0x0000000008002132        0x2 
 .text.TIM6_DAC_IRQHandler
                0x0000000008002134       0x1c Core/Src/stm32l4xx_it.o
                0x0000000008002134                TIM6_DAC_IRQHandler
 .text.OTG_FS_IRQHandler
                0x0000000008002150        0xc Core/Src/stm32l4xx_it.o
                0x0000000008002150                OTG_FS_IRQHandler
 .text._sbrk    0x000000000800215c       0x34 Core/Src/syscalls.o
                0x000000000800215c                _sbrk
 .text.SystemInit
                0x0000000008002190       0x48 Core/Src/system_stm32l4xx.o
                0x0000000008002190                SystemInit
 .text.W25qxx_Spi
                0x00000000080021d8       0x28 Core/Src/w25qxx.o
                0x00000000080021d8                W25qxx_Spi
 .text.W25qxx_ReadID
                0x0000000008002200       0x44 Core/Src/w25qxx.o
                0x0000000008002200                W25qxx_ReadID
 .text.W25qxx_ReadUniqID
                0x0000000008002244       0x54 Core/Src/w25qxx.o
                0x0000000008002244                W25qxx_ReadUniqID
 .text.W25qxx_ReadStatusRegister
                0x0000000008002298       0x68 Core/Src/w25qxx.o
                0x0000000008002298                W25qxx_ReadStatusRegister
 .text.W25qxx_Init
                0x0000000008002300      0x1b0 Core/Src/w25qxx.o
                0x0000000008002300                W25qxx_Init
 .text.HAL_Init
                0x00000000080024b0       0x2c Drivers/STM32L4xx_HAL_Driver/Src/stm32l4xx_hal.o
                0x00000000080024b0                HAL_Init
 .text.HAL_IncTick
                0x00000000080024dc       0x18 Drivers/STM32L4xx_HAL_Driver/Src/stm32l4xx_hal.o
                0x00000000080024dc                HAL_IncTick
 .text.HAL_GetTick
                0x00000000080024f4        0xc Drivers/STM32L4xx_HAL_Driver/Src/stm32l4xx_hal.o
                0x00000000080024f4                HAL_GetTick
 .text.HAL_Delay
                0x0000000008002500       0x28 Drivers/STM32L4xx_HAL_Driver/Src/stm32l4xx_hal.o
                0x0000000008002500                HAL_Delay
 .text.LL_ADC_SetChannelSamplingTime
                0x0000000008002528       0x22 Drivers/STM32L4xx_HAL_Driver/Src/stm32l4xx_hal_adc.o
 .text.LL_ADC_IsEnabled
                0x000000000800254a        0x8 Drivers/STM32L4xx_HAL_Driver/Src/stm32l4xx_hal_adc.o
 .text.LL_ADC_REG_IsConversionOngoing
                0x0000000008002552        0x8 Drivers/STM32L4xx_HAL_Driver/Src/stm32l4xx_hal_adc.o
 *fill*         0x000000000800255a        0x2 
 .text.HAL_ADC_Init
                0x000000000800255c      0x1c0 Drivers/STM32L4xx_HAL_Driver/Src/stm32l4xx_hal_adc.o
                0x000000000800255c                HAL_ADC_Init
 .text.HAL_ADC_ConfigChannel
                0x000000000800271c      0x3ac Drivers/STM32L4xx_HAL_Driver/Src/stm32l4xx_hal_adc.o
                0x000000000800271c                HAL_ADC_ConfigChannel
 .text.LL_ADC_IsEnabled
                0x0000000008002ac8        0x8 Drivers/STM32L4xx_HAL_Driver/Src/stm32l4xx_hal_adc_ex.o
 .text.LL_ADC_REG_IsConversionOngoing
                0x0000000008002ad0        0x8 Drivers/STM32L4xx_HAL_Driver/Src/stm32l4xx_hal_adc_ex.o
 .text.HAL_ADCEx_MultiModeConfigChannel
                0x0000000008002ad8       0xf0 Drivers/STM32L4xx_HAL_Driver/Src/stm32l4xx_hal_adc_ex.o
                0x0000000008002ad8                HAL_ADCEx_MultiModeConfigChannel
 .text.HAL_NVIC_SetPriorityGrouping
                0x0000000008002bc8       0x24 Drivers/STM32L4xx_HAL_Driver/Src/stm32l4xx_hal_cortex.o
                0x0000000008002bc8                HAL_NVIC_SetPriorityGrouping
 .text.HAL_NVIC_SetPriority
                0x0000000008002bec       0x68 Drivers/STM32L4xx_HAL_Driver/Src/stm32l4xx_hal_cortex.o
                0x0000000008002bec                HAL_NVIC_SetPriority
 .text.HAL_NVIC_EnableIRQ
                0x0000000008002c54       0x1c Drivers/STM32L4xx_HAL_Driver/Src/stm32l4xx_hal_cortex.o
                0x0000000008002c54                HAL_NVIC_EnableIRQ
 .text.HAL_DAC_Init
                0x0000000008002c70       0x26 Drivers/STM32L4xx_HAL_Driver/Src/stm32l4xx_hal_dac.o
                0x0000000008002c70                HAL_DAC_Init
 .text.HAL_DAC_DMAUnderrunCallbackCh1
                0x0000000008002c96        0x2 Drivers/STM32L4xx_HAL_Driver/Src/stm32l4xx_hal_dac.o
                0x0000000008002c96                HAL_DAC_DMAUnderrunCallbackCh1
 .text.HAL_DAC_IRQHandler
                0x0000000008002c98       0x64 Drivers/STM32L4xx_HAL_Driver/Src/stm32l4xx_hal_dac.o
                0x0000000008002c98                HAL_DAC_IRQHandler
 .text.HAL_DAC_ConfigChannel
                0x0000000008002cfc      0x112 Drivers/STM32L4xx_HAL_Driver/Src/stm32l4xx_hal_dac.o
                0x0000000008002cfc                HAL_DAC_ConfigChannel
 .text.HAL_DACEx_DMAUnderrunCallbackCh2
                0x0000000008002e0e        0x2 Drivers/STM32L4xx_HAL_Driver/Src/stm32l4xx_hal_dac_ex.o
                0x0000000008002e0e                HAL_DACEx_DMAUnderrunCallbackCh2
 .text.HAL_GPIO_Init
                0x0000000008002e10      0x1b8 Drivers/STM32L4xx_HAL_Driver/Src/stm32l4xx_hal_gpio.o
                0x0000000008002e10                HAL_GPIO_Init
 .text.HAL_GPIO_ReadPin
                0x0000000008002fc8        0xc Drivers/STM32L4xx_HAL_Driver/Src/stm32l4xx_hal_gpio.o
                0x0000000008002fc8                HAL_GPIO_ReadPin
 .text.HAL_GPIO_WritePin
                0x0000000008002fd4        0xa Drivers/STM32L4xx_HAL_Driver/Src/stm32l4xx_hal_gpio.o
                0x0000000008002fd4                HAL_GPIO_WritePin
 .text.HAL_GPIO_TogglePin
                0x0000000008002fde        0xc Drivers/STM32L4xx_HAL_Driver/Src/stm32l4xx_hal_gpio.o
                0x0000000008002fde                HAL_GPIO_TogglePin
 .text.HAL_I2C_Init
                0x0000000008002fea       0xa2 Drivers/STM32L4xx_HAL_Driver/Src/stm32l4xx_hal_i2c.o
                0x0000000008002fea                HAL_I2C_Init
 .text.HAL_I2CEx_ConfigAnalogFilter
                0x000000000800308c       0x4c Drivers/STM32L4xx_HAL_Driver/Src/stm32l4xx_hal_i2c_ex.o
                0x000000000800308c                HAL_I2CEx_ConfigAnalogFilter
 .text.HAL_I2CEx_ConfigDigitalFilter
                0x00000000080030d8       0x4a Drivers/STM32L4xx_HAL_Driver/Src/stm32l4xx_hal_i2c_ex.o
                0x00000000080030d8                HAL_I2CEx_ConfigDigitalFilter
 .text.HAL_PCD_Init
                0x0000000008003122      0x11a Drivers/STM32L4xx_HAL_Driver/Src/stm32l4xx_hal_pcd.o
                0x0000000008003122                HAL_PCD_Init
 .text.HAL_PCD_Start
                0x000000000800323c       0x38 Drivers/STM32L4xx_HAL_Driver/Src/stm32l4xx_hal_pcd.o
                0x000000000800323c                HAL_PCD_Start
 .text.HAL_PCD_IRQHandler
                0x0000000008003274      0x4d0 Drivers/STM32L4xx_HAL_Driver/Src/stm32l4xx_hal_pcd.o
                0x0000000008003274                HAL_PCD_IRQHandler
 .text.HAL_PCD_SetAddress
                0x0000000008003744       0x28 Drivers/STM32L4xx_HAL_Driver/Src/stm32l4xx_hal_pcd.o
                0x0000000008003744                HAL_PCD_SetAddress
 .text.HAL_PCD_EP_Open
                0x000000000800376c       0x6a Drivers/STM32L4xx_HAL_Driver/Src/stm32l4xx_hal_pcd.o
                0x000000000800376c                HAL_PCD_EP_Open
 .text.HAL_PCD_EP_Close
                0x00000000080037d6       0x54 Drivers/STM32L4xx_HAL_Driver/Src/stm32l4xx_hal_pcd.o
                0x00000000080037d6                HAL_PCD_EP_Close
 .text.HAL_PCD_EP_Receive
                0x000000000800382a       0x3c Drivers/STM32L4xx_HAL_Driver/Src/stm32l4xx_hal_pcd.o
                0x000000000800382a                HAL_PCD_EP_Receive
 .text.HAL_PCD_EP_GetRxCount
                0x0000000008003866       0x10 Drivers/STM32L4xx_HAL_Driver/Src/stm32l4xx_hal_pcd.o
                0x0000000008003866                HAL_PCD_EP_GetRxCount
 .text.HAL_PCD_EP_Transmit
                0x0000000008003876       0x36 Drivers/STM32L4xx_HAL_Driver/Src/stm32l4xx_hal_pcd.o
                0x0000000008003876                HAL_PCD_EP_Transmit
 .text.HAL_PCD_EP_SetStall
                0x00000000080038ac       0x72 Drivers/STM32L4xx_HAL_Driver/Src/stm32l4xx_hal_pcd.o
                0x00000000080038ac                HAL_PCD_EP_SetStall
 .text.HAL_PCD_EP_ClrStall
                0x000000000800391e       0x64 Drivers/STM32L4xx_HAL_Driver/Src/stm32l4xx_hal_pcd.o
                0x000000000800391e                HAL_PCD_EP_ClrStall
 .text.HAL_PCD_EP_Flush
                0x0000000008003982       0x34 Drivers/STM32L4xx_HAL_Driver/Src/stm32l4xx_hal_pcd.o
                0x0000000008003982                HAL_PCD_EP_Flush
 .text.HAL_PCDEx_SetTxFiFo
                0x00000000080039b6       0x42 Drivers/STM32L4xx_HAL_Driver/Src/stm32l4xx_hal_pcd_ex.o
                0x00000000080039b6                HAL_PCDEx_SetTxFiFo
 .text.HAL_PCDEx_SetRxFiFo
                0x00000000080039f8        0x8 Drivers/STM32L4xx_HAL_Driver/Src/stm32l4xx_hal_pcd_ex.o
                0x00000000080039f8                HAL_PCDEx_SetRxFiFo
 .text.HAL_PCDEx_ActivateLPM
                0x0000000008003a00       0x26 Drivers/STM32L4xx_HAL_Driver/Src/stm32l4xx_hal_pcd_ex.o
                0x0000000008003a00                HAL_PCDEx_ActivateLPM
 *fill*         0x0000000008003a26        0x2 
 .text.HAL_PWR_EnableBkUpAccess
                0x0000000008003a28       0x10 Drivers/STM32L4xx_HAL_Driver/Src/stm32l4xx_hal_pwr.o
                0x0000000008003a28                HAL_PWR_EnableBkUpAccess
 .text.HAL_PWREx_GetVoltageRange
                0x0000000008003a38       0x10 Drivers/STM32L4xx_HAL_Driver/Src/stm32l4xx_hal_pwr_ex.o
                0x0000000008003a38                HAL_PWREx_GetVoltageRange
 .text.HAL_PWREx_ControlVoltageScaling
                0x0000000008003a48       0x6c Drivers/STM32L4xx_HAL_Driver/Src/stm32l4xx_hal_pwr_ex.o
                0x0000000008003a48                HAL_PWREx_ControlVoltageScaling
 .text.HAL_PWREx_EnableVddUSB
                0x0000000008003ab4       0x10 Drivers/STM32L4xx_HAL_Driver/Src/stm32l4xx_hal_pwr_ex.o
                0x0000000008003ab4                HAL_PWREx_EnableVddUSB
 .text.QSPI_WaitFlagStateUntilTimeout
                0x0000000008003ac4       0x4c Drivers/STM32L4xx_HAL_Driver/Src/stm32l4xx_hal_qspi.o
 .text.HAL_QSPI_Init
                0x0000000008003b10       0xb0 Drivers/STM32L4xx_HAL_Driver/Src/stm32l4xx_hal_qspi.o
                0x0000000008003b10                HAL_QSPI_Init
 .text.RCC_SetFlashLatencyFromMSIRange
                0x0000000008003bc0       0x84 Drivers/STM32L4xx_HAL_Driver/Src/stm32l4xx_hal_rcc.o
 .text.HAL_RCC_GetSysClockFreq
                0x0000000008003c44       0x9c Drivers/STM32L4xx_HAL_Driver/Src/stm32l4xx_hal_rcc.o
                0x0000000008003c44                HAL_RCC_GetSysClockFreq
 .text.HAL_RCC_OscConfig
                0x0000000008003ce0      0x4c4 Drivers/STM32L4xx_HAL_Driver/Src/stm32l4xx_hal_rcc.o
                0x0000000008003ce0                HAL_RCC_OscConfig
 .text.HAL_RCC_ClockConfig
                0x00000000080041a4      0x12c Drivers/STM32L4xx_HAL_Driver/Src/stm32l4xx_hal_rcc.o
                0x00000000080041a4                HAL_RCC_ClockConfig
 .text.HAL_RCC_GetHCLKFreq
                0x00000000080042d0        0xc Drivers/STM32L4xx_HAL_Driver/Src/stm32l4xx_hal_rcc.o
                0x00000000080042d0                HAL_RCC_GetHCLKFreq
 .text.HAL_RCC_GetPCLK1Freq
                0x00000000080042dc       0x24 Drivers/STM32L4xx_HAL_Driver/Src/stm32l4xx_hal_rcc.o
                0x00000000080042dc                HAL_RCC_GetPCLK1Freq
 .text.HAL_RCC_GetPCLK2Freq
                0x0000000008004300       0x24 Drivers/STM32L4xx_HAL_Driver/Src/stm32l4xx_hal_rcc.o
                0x0000000008004300                HAL_RCC_GetPCLK2Freq
 .text.HAL_RCC_GetClockConfig
                0x0000000008004324       0x3c Drivers/STM32L4xx_HAL_Driver/Src/stm32l4xx_hal_rcc.o
                0x0000000008004324                HAL_RCC_GetClockConfig
 .text.RCCEx_PLLSAI1_Config
                0x0000000008004360      0x11c Drivers/STM32L4xx_HAL_Driver/Src/stm32l4xx_hal_rcc_ex.o
 .text.RCCEx_PLLSAI2_Config
                0x000000000800447c       0xfc Drivers/STM32L4xx_HAL_Driver/Src/stm32l4xx_hal_rcc_ex.o
 .text.HAL_RCCEx_PeriphCLKConfig
                0x0000000008004578      0x3d0 Drivers/STM32L4xx_HAL_Driver/Src/stm32l4xx_hal_rcc_ex.o
                0x0000000008004578                HAL_RCCEx_PeriphCLKConfig
 .text.HAL_RTC_WaitForSynchro
                0x0000000008004948       0x30 Drivers/STM32L4xx_HAL_Driver/Src/stm32l4xx_hal_rtc.o
                0x0000000008004948                HAL_RTC_WaitForSynchro
 .text.RTC_EnterInitMode
                0x0000000008004978       0x44 Drivers/STM32L4xx_HAL_Driver/Src/stm32l4xx_hal_rtc.o
                0x0000000008004978                RTC_EnterInitMode
 .text.RTC_ExitInitMode
                0x00000000080049bc       0x44 Drivers/STM32L4xx_HAL_Driver/Src/stm32l4xx_hal_rtc.o
                0x00000000080049bc                RTC_ExitInitMode
 .text.HAL_RTC_Init
                0x0000000008004a00       0x8e Drivers/STM32L4xx_HAL_Driver/Src/stm32l4xx_hal_rtc.o
                0x0000000008004a00                HAL_RTC_Init
 .text.RTC_ByteToBcd2
                0x0000000008004a8e       0x16 Drivers/STM32L4xx_HAL_Driver/Src/stm32l4xx_hal_rtc.o
                0x0000000008004a8e                RTC_ByteToBcd2
 .text.HAL_RTC_SetTime
                0x0000000008004aa4       0xbe Drivers/STM32L4xx_HAL_Driver/Src/stm32l4xx_hal_rtc.o
                0x0000000008004aa4                HAL_RTC_SetTime
 .text.HAL_RTC_SetDate
                0x0000000008004b62       0x9a Drivers/STM32L4xx_HAL_Driver/Src/stm32l4xx_hal_rtc.o
                0x0000000008004b62                HAL_RTC_SetDate
 .text.SPI_WaitFifoStateUntilTimeout.part.1
                0x0000000008004bfc       0x50 Drivers/STM32L4xx_HAL_Driver/Src/stm32l4xx_hal_spi.o
 .text.SPI_WaitFlagStateUntilTimeout.constprop.10
                0x0000000008004c4c       0x2c Drivers/STM32L4xx_HAL_Driver/Src/stm32l4xx_hal_spi.o
 .text.SPI_WaitFifoStateUntilTimeout.constprop.11
                0x0000000008004c78       0x34 Drivers/STM32L4xx_HAL_Driver/Src/stm32l4xx_hal_spi.o
 .text.SPI_EndRxTxTransaction
                0x0000000008004cac       0x44 Drivers/STM32L4xx_HAL_Driver/Src/stm32l4xx_hal_spi.o
 .text.HAL_SPI_Init
                0x0000000008004cf0       0xa2 Drivers/STM32L4xx_HAL_Driver/Src/stm32l4xx_hal_spi.o
                0x0000000008004cf0                HAL_SPI_Init
 .text.HAL_SPI_Transmit
                0x0000000008004d92      0x17c Drivers/STM32L4xx_HAL_Driver/Src/stm32l4xx_hal_spi.o
                0x0000000008004d92                HAL_SPI_Transmit
 .text.HAL_SPI_TransmitReceive
                0x0000000008004f0e      0x248 Drivers/STM32L4xx_HAL_Driver/Src/stm32l4xx_hal_spi.o
                0x0000000008004f0e                HAL_SPI_TransmitReceive
 *fill*         0x0000000008005156        0x2 
 .text.TIM_OC1_SetConfig
                0x0000000008005158       0x98 Drivers/STM32L4xx_HAL_Driver/Src/stm32l4xx_hal_tim.o
 .text.TIM_OC3_SetConfig
                0x00000000080051f0       0x88 Drivers/STM32L4xx_HAL_Driver/Src/stm32l4xx_hal_tim.o
 .text.TIM_OC4_SetConfig
                0x0000000008005278       0x68 Drivers/STM32L4xx_HAL_Driver/Src/stm32l4xx_hal_tim.o
 .text.TIM_OC5_SetConfig
                0x00000000080052e0       0x68 Drivers/STM32L4xx_HAL_Driver/Src/stm32l4xx_hal_tim.o
 .text.TIM_OC6_SetConfig
                0x0000000008005348       0x68 Drivers/STM32L4xx_HAL_Driver/Src/stm32l4xx_hal_tim.o
 .text.HAL_TIM_Base_Start_IT
                0x00000000080053b0       0x2c Drivers/STM32L4xx_HAL_Driver/Src/stm32l4xx_hal_tim.o
                0x00000000080053b0                HAL_TIM_Base_Start_IT
 .text.HAL_TIM_PWM_MspInit
                0x00000000080053dc        0x2 Drivers/STM32L4xx_HAL_Driver/Src/stm32l4xx_hal_tim.o
                0x00000000080053dc                HAL_TIM_PWM_MspInit
 .text.HAL_TIM_OC_DelayElapsedCallback
                0x00000000080053de        0x2 Drivers/STM32L4xx_HAL_Driver/Src/stm32l4xx_hal_tim.o
                0x00000000080053de                HAL_TIM_OC_DelayElapsedCallback
 .text.HAL_TIM_IC_CaptureCallback
                0x00000000080053e0        0x2 Drivers/STM32L4xx_HAL_Driver/Src/stm32l4xx_hal_tim.o
                0x00000000080053e0                HAL_TIM_IC_CaptureCallback
 .text.HAL_TIM_PWM_PulseFinishedCallback
                0x00000000080053e2        0x2 Drivers/STM32L4xx_HAL_Driver/Src/stm32l4xx_hal_tim.o
                0x00000000080053e2                HAL_TIM_PWM_PulseFinishedCallback
 .text.HAL_TIM_TriggerCallback
                0x00000000080053e4        0x2 Drivers/STM32L4xx_HAL_Driver/Src/stm32l4xx_hal_tim.o
                0x00000000080053e4                HAL_TIM_TriggerCallback
 .text.HAL_TIM_IRQHandler
                0x00000000080053e6      0x160 Drivers/STM32L4xx_HAL_Driver/Src/stm32l4xx_hal_tim.o
                0x00000000080053e6                HAL_TIM_IRQHandler
 *fill*         0x0000000008005546        0x2 
 .text.TIM_Base_SetConfig
                0x0000000008005548       0xcc Drivers/STM32L4xx_HAL_Driver/Src/stm32l4xx_hal_tim.o
                0x0000000008005548                TIM_Base_SetConfig
 .text.HAL_TIM_Base_Init
                0x0000000008005614       0x34 Drivers/STM32L4xx_HAL_Driver/Src/stm32l4xx_hal_tim.o
                0x0000000008005614                HAL_TIM_Base_Init
 .text.HAL_TIM_PWM_Init
                0x0000000008005648       0x34 Drivers/STM32L4xx_HAL_Driver/Src/stm32l4xx_hal_tim.o
                0x0000000008005648                HAL_TIM_PWM_Init
 .text.TIM_OC2_SetConfig
                0x000000000800567c       0x8c Drivers/STM32L4xx_HAL_Driver/Src/stm32l4xx_hal_tim.o
                0x000000000800567c                TIM_OC2_SetConfig
 .text.HAL_TIM_PWM_ConfigChannel
                0x0000000008005708      0x10c Drivers/STM32L4xx_HAL_Driver/Src/stm32l4xx_hal_tim.o
                0x0000000008005708                HAL_TIM_PWM_ConfigChannel
 .text.TIM_ETR_SetConfig
                0x0000000008005814       0x14 Drivers/STM32L4xx_HAL_Driver/Src/stm32l4xx_hal_tim.o
                0x0000000008005814                TIM_ETR_SetConfig
 .text.HAL_TIM_ConfigClockSource
                0x0000000008005828      0x128 Drivers/STM32L4xx_HAL_Driver/Src/stm32l4xx_hal_tim.o
                0x0000000008005828                HAL_TIM_ConfigClockSource
 .text.TIM_CCxChannelCmd
                0x0000000008005950       0x1c Drivers/STM32L4xx_HAL_Driver/Src/stm32l4xx_hal_tim.o
                0x0000000008005950                TIM_CCxChannelCmd
 .text.HAL_TIM_PWM_Start
                0x000000000800596c       0x64 Drivers/STM32L4xx_HAL_Driver/Src/stm32l4xx_hal_tim.o
                0x000000000800596c                HAL_TIM_PWM_Start
 .text.HAL_TIMEx_MasterConfigSynchronization
                0x00000000080059d0       0x58 Drivers/STM32L4xx_HAL_Driver/Src/stm32l4xx_hal_tim_ex.o
                0x00000000080059d0                HAL_TIMEx_MasterConfigSynchronization
 .text.HAL_TIMEx_CommutCallback
                0x0000000008005a28        0x2 Drivers/STM32L4xx_HAL_Driver/Src/stm32l4xx_hal_tim_ex.o
                0x0000000008005a28                HAL_TIMEx_CommutCallback
 .text.HAL_TIMEx_BreakCallback
                0x0000000008005a2a        0x2 Drivers/STM32L4xx_HAL_Driver/Src/stm32l4xx_hal_tim_ex.o
                0x0000000008005a2a                HAL_TIMEx_BreakCallback
 .text.HAL_TIMEx_Break2Callback
                0x0000000008005a2c        0x2 Drivers/STM32L4xx_HAL_Driver/Src/stm32l4xx_hal_tim_ex.o
                0x0000000008005a2c                HAL_TIMEx_Break2Callback
 *fill*         0x0000000008005a2e        0x2 
 .text.UART_SetConfig
                0x0000000008005a30      0x330 Drivers/STM32L4xx_HAL_Driver/Src/stm32l4xx_hal_uart.o
                0x0000000008005a30                UART_SetConfig
 .text.UART_AdvFeatureConfig
                0x0000000008005d60       0xa8 Drivers/STM32L4xx_HAL_Driver/Src/stm32l4xx_hal_uart.o
                0x0000000008005d60                UART_AdvFeatureConfig
 .text.UART_WaitOnFlagUntilTimeout
                0x0000000008005e08       0x5e Drivers/STM32L4xx_HAL_Driver/Src/stm32l4xx_hal_uart.o
                0x0000000008005e08                UART_WaitOnFlagUntilTimeout
 .text.HAL_UART_Transmit
                0x0000000008005e66       0xae Drivers/STM32L4xx_HAL_Driver/Src/stm32l4xx_hal_uart.o
                0x0000000008005e66                HAL_UART_Transmit
 .text.UART_CheckIdleState
                0x0000000008005f14       0x60 Drivers/STM32L4xx_HAL_Driver/Src/stm32l4xx_hal_uart.o
                0x0000000008005f14                UART_CheckIdleState
 .text.HAL_UART_Init
                0x0000000008005f74       0x5c Drivers/STM32L4xx_HAL_Driver/Src/stm32l4xx_hal_uart.o
                0x0000000008005f74                HAL_UART_Init
 .text.USB_CoreReset
                0x0000000008005fd0       0x30 Drivers/STM32L4xx_HAL_Driver/Src/stm32l4xx_ll_usb.o
 .text.USB_CoreInit
                0x0000000008006000       0x6e Drivers/STM32L4xx_HAL_Driver/Src/stm32l4xx_ll_usb.o
                0x0000000008006000                USB_CoreInit
 *fill*         0x000000000800606e        0x2 
 .text.USB_SetTurnaroundTime
                0x0000000008006070       0xe8 Drivers/STM32L4xx_HAL_Driver/Src/stm32l4xx_ll_usb.o
                0x0000000008006070                USB_SetTurnaroundTime
 .text.USB_EnableGlobalInt
                0x0000000008006158        0xc Drivers/STM32L4xx_HAL_Driver/Src/stm32l4xx_ll_usb.o
                0x0000000008006158                USB_EnableGlobalInt
 .text.USB_DisableGlobalInt
                0x0000000008006164        0xc Drivers/STM32L4xx_HAL_Driver/Src/stm32l4xx_ll_usb.o
                0x0000000008006164                USB_DisableGlobalInt
 .text.USB_SetCurrentMode
                0x0000000008006170       0x2e Drivers/STM32L4xx_HAL_Driver/Src/stm32l4xx_ll_usb.o
                0x0000000008006170                USB_SetCurrentMode
 *fill*         0x000000000800619e        0x2 
 .text.USB_FlushTxFifo
                0x00000000080061a0       0x24 Drivers/STM32L4xx_HAL_Driver/Src/stm32l4xx_ll_usb.o
                0x00000000080061a0                USB_FlushTxFifo
 .text.USB_FlushRxFifo
                0x00000000080061c4       0x20 Drivers/STM32L4xx_HAL_Driver/Src/stm32l4xx_ll_usb.o
                0x00000000080061c4                USB_FlushRxFifo
 .text.USB_SetDevSpeed
                0x00000000080061e4        0xe Drivers/STM32L4xx_HAL_Driver/Src/stm32l4xx_ll_usb.o
                0x00000000080061e4                USB_SetDevSpeed
 *fill*         0x00000000080061f2        0x2 
 .text.USB_DevInit
                0x00000000080061f4      0x150 Drivers/STM32L4xx_HAL_Driver/Src/stm32l4xx_ll_usb.o
                0x00000000080061f4                USB_DevInit
 .text.USB_GetDevSpeed
                0x0000000008006344       0x14 Drivers/STM32L4xx_HAL_Driver/Src/stm32l4xx_ll_usb.o
                0x0000000008006344                USB_GetDevSpeed
 .text.USB_ActivateEndpoint
                0x0000000008006358       0x84 Drivers/STM32L4xx_HAL_Driver/Src/stm32l4xx_ll_usb.o
                0x0000000008006358                USB_ActivateEndpoint
 .text.USB_DeactivateEndpoint
                0x00000000080063dc       0x64 Drivers/STM32L4xx_HAL_Driver/Src/stm32l4xx_ll_usb.o
                0x00000000080063dc                USB_DeactivateEndpoint
 .text.USB_EP0StartXfer
                0x0000000008006440       0xe4 Drivers/STM32L4xx_HAL_Driver/Src/stm32l4xx_ll_usb.o
                0x0000000008006440                USB_EP0StartXfer
 .text.USB_WritePacket
                0x0000000008006524       0x20 Drivers/STM32L4xx_HAL_Driver/Src/stm32l4xx_ll_usb.o
                0x0000000008006524                USB_WritePacket
 .text.USB_EPStartXfer
                0x0000000008006544      0x170 Drivers/STM32L4xx_HAL_Driver/Src/stm32l4xx_ll_usb.o
                0x0000000008006544                USB_EPStartXfer
 .text.USB_ReadPacket
                0x00000000080066b4       0x1c Drivers/STM32L4xx_HAL_Driver/Src/stm32l4xx_ll_usb.o
                0x00000000080066b4                USB_ReadPacket
 .text.USB_EPSetStall
                0x00000000080066d0       0x5a Drivers/STM32L4xx_HAL_Driver/Src/stm32l4xx_ll_usb.o
                0x00000000080066d0                USB_EPSetStall
 .text.USB_EPClearStall
                0x000000000800672a       0x56 Drivers/STM32L4xx_HAL_Driver/Src/stm32l4xx_ll_usb.o
                0x000000000800672a                USB_EPClearStall
 .text.USB_SetDevAddress
                0x0000000008006780       0x20 Drivers/STM32L4xx_HAL_Driver/Src/stm32l4xx_ll_usb.o
                0x0000000008006780                USB_SetDevAddress
 .text.USB_DevConnect
                0x00000000080067a0       0x18 Drivers/STM32L4xx_HAL_Driver/Src/stm32l4xx_ll_usb.o
                0x00000000080067a0                USB_DevConnect
 .text.USB_DevDisconnect
                0x00000000080067b8       0x18 Drivers/STM32L4xx_HAL_Driver/Src/stm32l4xx_ll_usb.o
                0x00000000080067b8                USB_DevDisconnect
 .text.USB_ReadInterrupts
                0x00000000080067d0        0x8 Drivers/STM32L4xx_HAL_Driver/Src/stm32l4xx_ll_usb.o
                0x00000000080067d0                USB_ReadInterrupts
 .text.USB_ReadDevAllOutEpInterrupt
                0x00000000080067d8       0x10 Drivers/STM32L4xx_HAL_Driver/Src/stm32l4xx_ll_usb.o
                0x00000000080067d8                USB_ReadDevAllOutEpInterrupt
 .text.USB_ReadDevAllInEpInterrupt
                0x00000000080067e8       0x10 Drivers/STM32L4xx_HAL_Driver/Src/stm32l4xx_ll_usb.o
                0x00000000080067e8                USB_ReadDevAllInEpInterrupt
 .text.USB_ReadDevOutEPInterrupt
                0x00000000080067f8       0x12 Drivers/STM32L4xx_HAL_Driver/Src/stm32l4xx_ll_usb.o
                0x00000000080067f8                USB_ReadDevOutEPInterrupt
 .text.USB_ReadDevInEPInterrupt
                0x000000000800680a       0x24 Drivers/STM32L4xx_HAL_Driver/Src/stm32l4xx_ll_usb.o
                0x000000000800680a                USB_ReadDevInEPInterrupt
 .text.USB_GetMode
                0x000000000800682e        0x8 Drivers/STM32L4xx_HAL_Driver/Src/stm32l4xx_ll_usb.o
                0x000000000800682e                USB_GetMode
 .text.USB_ActivateSetup
                0x0000000008006836       0x36 Drivers/STM32L4xx_HAL_Driver/Src/stm32l4xx_ll_usb.o
                0x0000000008006836                USB_ActivateSetup
 .text.USB_EP0_OutStart
                0x000000000800686c       0x44 Drivers/STM32L4xx_HAL_Driver/Src/stm32l4xx_ll_usb.o
                0x000000000800686c                USB_EP0_OutStart
 .text.MX_FATFS_Init
                0x00000000080068b0       0x1c FATFS/App/fatfs.o
                0x00000000080068b0                MX_FATFS_Init
 .text.USER_status
                0x00000000080068cc       0x10 FATFS/Target/user_diskio.o
                0x00000000080068cc                USER_status
 .text.USER_write
                0x00000000080068dc        0x4 FATFS/Target/user_diskio.o
                0x00000000080068dc                USER_write
 .text.USER_ioctl
                0x00000000080068e0        0x4 FATFS/Target/user_diskio.o
                0x00000000080068e0                USER_ioctl
 .text.USER_read
                0x00000000080068e4        0x4 FATFS/Target/user_diskio.o
                0x00000000080068e4                USER_read
 .text.USER_initialize
                0x00000000080068e8       0x10 FATFS/Target/user_diskio.o
                0x00000000080068e8                USER_initialize
 .text.USBD_MSC_GetHSCfgDesc
                0x00000000080068f8        0xc Middlewares/ST/STM32_USB_Device_Library/Class/MSC/Src/usbd_msc.o
                0x00000000080068f8                USBD_MSC_GetHSCfgDesc
 .text.USBD_MSC_GetFSCfgDesc
                0x0000000008006904        0xc Middlewares/ST/STM32_USB_Device_Library/Class/MSC/Src/usbd_msc.o
                0x0000000008006904                USBD_MSC_GetFSCfgDesc
 .text.USBD_MSC_GetOtherSpeedCfgDesc
                0x0000000008006910        0xc Middlewares/ST/STM32_USB_Device_Library/Class/MSC/Src/usbd_msc.o
                0x0000000008006910                USBD_MSC_GetOtherSpeedCfgDesc
 .text.USBD_MSC_GetDeviceQualifierDescriptor
                0x000000000800691c        0xc Middlewares/ST/STM32_USB_Device_Library/Class/MSC/Src/usbd_msc.o
                0x000000000800691c                USBD_MSC_GetDeviceQualifierDescriptor
 .text.USBD_MSC_Init
                0x0000000008006928       0x5a Middlewares/ST/STM32_USB_Device_Library/Class/MSC/Src/usbd_msc.o
                0x0000000008006928                USBD_MSC_Init
 .text.USBD_MSC_DeInit
                0x0000000008006982       0x32 Middlewares/ST/STM32_USB_Device_Library/Class/MSC/Src/usbd_msc.o
                0x0000000008006982                USBD_MSC_DeInit
 .text.USBD_MSC_Setup
                0x00000000080069b4      0x128 Middlewares/ST/STM32_USB_Device_Library/Class/MSC/Src/usbd_msc.o
                0x00000000080069b4                USBD_MSC_Setup
 .text.USBD_MSC_DataIn
                0x0000000008006adc        0xa Middlewares/ST/STM32_USB_Device_Library/Class/MSC/Src/usbd_msc.o
                0x0000000008006adc                USBD_MSC_DataIn
 .text.USBD_MSC_DataOut
                0x0000000008006ae6        0xa Middlewares/ST/STM32_USB_Device_Library/Class/MSC/Src/usbd_msc.o
                0x0000000008006ae6                USBD_MSC_DataOut
 .text.USBD_MSC_RegisterStorage
                0x0000000008006af0        0xa Middlewares/ST/STM32_USB_Device_Library/Class/MSC/Src/usbd_msc.o
                0x0000000008006af0                USBD_MSC_RegisterStorage
 .text.MSC_BOT_Abort
                0x0000000008006afa       0x40 Middlewares/ST/STM32_USB_Device_Library/Class/MSC/Src/usbd_msc_bot.o
 .text.MSC_BOT_Init
                0x0000000008006b3a       0x40 Middlewares/ST/STM32_USB_Device_Library/Class/MSC/Src/usbd_msc_bot.o
                0x0000000008006b3a                MSC_BOT_Init
 .text.MSC_BOT_Reset
                0x0000000008006b7a       0x16 Middlewares/ST/STM32_USB_Device_Library/Class/MSC/Src/usbd_msc_bot.o
                0x0000000008006b7a                MSC_BOT_Reset
 .text.MSC_BOT_DeInit
                0x0000000008006b90        0xa Middlewares/ST/STM32_USB_Device_Library/Class/MSC/Src/usbd_msc_bot.o
                0x0000000008006b90                MSC_BOT_DeInit
 *fill*         0x0000000008006b9a        0x2 
 .text.MSC_BOT_SendCSW
                0x0000000008006b9c       0x38 Middlewares/ST/STM32_USB_Device_Library/Class/MSC/Src/usbd_msc_bot.o
                0x0000000008006b9c                MSC_BOT_SendCSW
 .text.MSC_BOT_DataIn
                0x0000000008006bd4       0x38 Middlewares/ST/STM32_USB_Device_Library/Class/MSC/Src/usbd_msc_bot.o
                0x0000000008006bd4                MSC_BOT_DataIn
 .text.MSC_BOT_DataOut
                0x0000000008006c0c       0xd8 Middlewares/ST/STM32_USB_Device_Library/Class/MSC/Src/usbd_msc_bot.o
                0x0000000008006c0c                MSC_BOT_DataOut
 .text.MSC_BOT_CplClrFeature
                0x0000000008006ce4       0x2c Middlewares/ST/STM32_USB_Device_Library/Class/MSC/Src/usbd_msc_bot.o
                0x0000000008006ce4                MSC_BOT_CplClrFeature
 .text.SCSI_SenseCode.constprop.8
                0x0000000008006d10       0x2a Middlewares/ST/STM32_USB_Device_Library/Class/MSC/Src/usbd_msc_scsi.o
 *fill*         0x0000000008006d3a        0x2 
 .text.SCSI_ProcessCmd
                0x0000000008006d3c      0x45c Middlewares/ST/STM32_USB_Device_Library/Class/MSC/Src/usbd_msc_scsi.o
                0x0000000008006d3c                SCSI_ProcessCmd
 .text.SCSI_SenseCode
                0x0000000008007198       0x2a Middlewares/ST/STM32_USB_Device_Library/Class/MSC/Src/usbd_msc_scsi.o
                0x0000000008007198                SCSI_SenseCode
 .text.USBD_Init
                0x00000000080071c2       0x2a Middlewares/ST/STM32_USB_Device_Library/Core/Src/usbd_core.o
                0x00000000080071c2                USBD_Init
 .text.USBD_RegisterClass
                0x00000000080071ec        0xe Middlewares/ST/STM32_USB_Device_Library/Core/Src/usbd_core.o
                0x00000000080071ec                USBD_RegisterClass
 .text.USBD_Start
                0x00000000080071fa        0xa Middlewares/ST/STM32_USB_Device_Library/Core/Src/usbd_core.o
                0x00000000080071fa                USBD_Start
 .text.USBD_SetClassConfig
                0x0000000008007204       0x16 Middlewares/ST/STM32_USB_Device_Library/Core/Src/usbd_core.o
                0x0000000008007204                USBD_SetClassConfig
 .text.USBD_ClrClassConfig
                0x000000000800721a        0xe Middlewares/ST/STM32_USB_Device_Library/Core/Src/usbd_core.o
                0x000000000800721a                USBD_ClrClassConfig
 .text.USBD_LL_SetupStage
                0x0000000008007228       0x5a Middlewares/ST/STM32_USB_Device_Library/Core/Src/usbd_core.o
                0x0000000008007228                USBD_LL_SetupStage
 .text.USBD_LL_DataOutStage
                0x0000000008007282       0x74 Middlewares/ST/STM32_USB_Device_Library/Core/Src/usbd_core.o
                0x0000000008007282                USBD_LL_DataOutStage
 .text.USBD_LL_DataInStage
                0x00000000080072f6       0xb8 Middlewares/ST/STM32_USB_Device_Library/Core/Src/usbd_core.o
                0x00000000080072f6                USBD_LL_DataInStage
 .text.USBD_LL_Reset
                0x00000000080073ae       0x4e Middlewares/ST/STM32_USB_Device_Library/Core/Src/usbd_core.o
                0x00000000080073ae                USBD_LL_Reset
 .text.USBD_LL_SetSpeed
                0x00000000080073fc        0x6 Middlewares/ST/STM32_USB_Device_Library/Core/Src/usbd_core.o
                0x00000000080073fc                USBD_LL_SetSpeed
 .text.USBD_LL_Suspend
                0x0000000008007402       0x12 Middlewares/ST/STM32_USB_Device_Library/Core/Src/usbd_core.o
                0x0000000008007402                USBD_LL_Suspend
 .text.USBD_LL_Resume
                0x0000000008007414        0xc Middlewares/ST/STM32_USB_Device_Library/Core/Src/usbd_core.o
                0x0000000008007414                USBD_LL_Resume
 .text.USBD_LL_SOF
                0x0000000008007420       0x18 Middlewares/ST/STM32_USB_Device_Library/Core/Src/usbd_core.o
                0x0000000008007420                USBD_LL_SOF
 .text.USBD_LL_IsoINIncomplete
                0x0000000008007438        0x4 Middlewares/ST/STM32_USB_Device_Library/Core/Src/usbd_core.o
                0x0000000008007438                USBD_LL_IsoINIncomplete
 .text.USBD_LL_IsoOUTIncomplete
                0x000000000800743c        0x4 Middlewares/ST/STM32_USB_Device_Library/Core/Src/usbd_core.o
                0x000000000800743c                USBD_LL_IsoOUTIncomplete
 .text.USBD_LL_DevConnected
                0x0000000008007440        0x4 Middlewares/ST/STM32_USB_Device_Library/Core/Src/usbd_core.o
                0x0000000008007440                USBD_LL_DevConnected
 .text.USBD_LL_DevDisconnected
                0x0000000008007444       0x16 Middlewares/ST/STM32_USB_Device_Library/Core/Src/usbd_core.o
                0x0000000008007444                USBD_LL_DevDisconnected
 .text.USBD_CtlError.constprop.1
                0x000000000800745a       0x16 Middlewares/ST/STM32_USB_Device_Library/Core/Src/usbd_ctlreq.o
 .text.USBD_StdDevReq
                0x0000000008007470      0x244 Middlewares/ST/STM32_USB_Device_Library/Core/Src/usbd_ctlreq.o
                0x0000000008007470                USBD_StdDevReq
 .text.USBD_StdItfReq
                0x00000000080076b4       0x4a Middlewares/ST/STM32_USB_Device_Library/Core/Src/usbd_ctlreq.o
                0x00000000080076b4                USBD_StdItfReq
 .text.USBD_StdEPReq
                0x00000000080076fe      0x110 Middlewares/ST/STM32_USB_Device_Library/Core/Src/usbd_ctlreq.o
                0x00000000080076fe                USBD_StdEPReq
 .text.USBD_ParseSetupRequest
                0x000000000800780e       0x28 Middlewares/ST/STM32_USB_Device_Library/Core/Src/usbd_ctlreq.o
                0x000000000800780e                USBD_ParseSetupRequest
 .text.USBD_CtlError
                0x0000000008007836       0x16 Middlewares/ST/STM32_USB_Device_Library/Core/Src/usbd_ctlreq.o
                0x0000000008007836                USBD_CtlError
 .text.USBD_GetString
                0x000000000800784c       0x38 Middlewares/ST/STM32_USB_Device_Library/Core/Src/usbd_ctlreq.o
                0x000000000800784c                USBD_GetString
 .text.USBD_CtlSendData
                0x0000000008007884       0x1a Middlewares/ST/STM32_USB_Device_Library/Core/Src/usbd_ioreq.o
                0x0000000008007884                USBD_CtlSendData
 .text.USBD_CtlContinueSendData
                0x000000000800789e       0x10 Middlewares/ST/STM32_USB_Device_Library/Core/Src/usbd_ioreq.o
                0x000000000800789e                USBD_CtlContinueSendData
 .text.USBD_CtlContinueRx
                0x00000000080078ae       0x10 Middlewares/ST/STM32_USB_Device_Library/Core/Src/usbd_ioreq.o
                0x00000000080078ae                USBD_CtlContinueRx
 .text.USBD_CtlSendStatus
                0x00000000080078be       0x16 Middlewares/ST/STM32_USB_Device_Library/Core/Src/usbd_ioreq.o
                0x00000000080078be                USBD_CtlSendStatus
 .text.USBD_CtlReceiveStatus
                0x00000000080078d4       0x16 Middlewares/ST/STM32_USB_Device_Library/Core/Src/usbd_ioreq.o
                0x00000000080078d4                USBD_CtlReceiveStatus
 *fill*         0x00000000080078ea        0x2 
 .text.FATFS_LinkDriverEx
                0x00000000080078ec       0x44 Middlewares/Third_Party/FatFs/src/ff_gen_drv.o
                0x00000000080078ec                FATFS_LinkDriverEx
 .text.FATFS_LinkDriver
                0x0000000008007930        0x6 Middlewares/Third_Party/FatFs/src/ff_gen_drv.o
                0x0000000008007930                FATFS_LinkDriver
 *fill*         0x0000000008007936        0x2 
 .text.update_main_screen
                0x0000000008007938      0x200 Sinteck/GUI/main_screen.o
 .text.main_screen_event
                0x0000000008007b38       0x28 Sinteck/GUI/main_screen.o
 .text.print_frequencia
                0x0000000008007b60      0x104 Sinteck/GUI/main_screen.o
                0x0000000008007b60                print_frequencia
 .text.print_pot
                0x0000000008007c64      0x21c Sinteck/GUI/main_screen.o
                0x0000000008007c64                print_pot
 .text.print_audio
                0x0000000008007e80      0x124 Sinteck/GUI/main_screen.o
                0x0000000008007e80                print_audio
 *fill*         0x0000000008007fa4        0x4 
 .text.print_temperatura
                0x0000000008007fa8       0xa0 Sinteck/GUI/main_screen.o
                0x0000000008007fa8                print_temperatura
 .text.print_alarme
                0x0000000008008048      0x1c4 Sinteck/GUI/main_screen.o
                0x0000000008008048                print_alarme
 .text.print_status
                0x000000000800820c       0xfc Sinteck/GUI/main_screen.o
                0x000000000800820c                print_status
 .text.create_vumeter
                0x0000000008008308      0x1ec Sinteck/GUI/main_screen.o
                0x0000000008008308                create_vumeter
 .text.main_screen
                0x00000000080084f4       0xc8 Sinteck/GUI/main_screen.o
                0x00000000080084f4                main_screen
 .text.ButtonEventTelaPrincipal
                0x00000000080085bc       0x1c Sinteck/GUI/main_screen.o
                0x00000000080085bc                ButtonEventTelaPrincipal
 .text.btn_audio
                0x00000000080085d8       0x9c Sinteck/GUI/screen_audio.o
 .text.btn_stereo
                0x0000000008008674       0x6c Sinteck/GUI/screen_audio.o
 .text.btn_processador
                0x00000000080086e0       0x6c Sinteck/GUI/screen_audio.o
 .text.btn_emphase
                0x000000000800874c       0x6c Sinteck/GUI/screen_audio.o
 .text.btn_clipper
                0x00000000080087b8       0x6c Sinteck/GUI/screen_audio.o
 .text.btn_event_esc
                0x0000000008008824       0x1c Sinteck/GUI/screen_audio.o
 .text.btn_mp3  0x0000000008008840       0xb0 Sinteck/GUI/screen_audio.o
 .text.btn_next
                0x00000000080088f0       0x68 Sinteck/GUI/screen_audio.o
                0x00000000080088f0                btn_next
 .text.screen_audio
                0x0000000008008958      0x474 Sinteck/GUI/screen_audio.o
                0x0000000008008958                screen_audio
 .text.btn_event_prev1
                0x0000000008008dcc       0x1c Sinteck/GUI/screen_audio.o
 .text.btn_next1
                0x0000000008008de8       0x68 Sinteck/GUI/screen_audio.o
                0x0000000008008de8                btn_next1
 .text.btn_prev1
                0x0000000008008e50       0x68 Sinteck/GUI/screen_audio.o
                0x0000000008008e50                btn_prev1
 .text.screen_audio_1
                0x0000000008008eb8      0x3ac Sinteck/GUI/screen_audio.o
                0x0000000008008eb8                screen_audio_1
 .text.btn_event_next
                0x0000000008009264       0x1c Sinteck/GUI/screen_audio.o
 .text.btn_event_prev2
                0x0000000008009280       0x1c Sinteck/GUI/screen_audio.o
 .text.btn_prev2
                0x000000000800929c       0x68 Sinteck/GUI/screen_audio.o
                0x000000000800929c                btn_prev2
 .text.screen_audio_2
                0x0000000008009304      0x434 Sinteck/GUI/screen_audio.o
                0x0000000008009304                screen_audio_2
 .text.btn_event_next1
                0x0000000008009738       0x1c Sinteck/GUI/screen_audio.o
 .text.update_sel_button_Audio
                0x0000000008009754       0xf8 Sinteck/GUI/screen_audio.o
                0x0000000008009754                update_sel_button_Audio
 .text.update_sel_button_Audio_1
                0x000000000800984c       0x90 Sinteck/GUI/screen_audio.o
                0x000000000800984c                update_sel_button_Audio_1
 .text.update_sel_button_Audio_2
                0x00000000080098dc      0x154 Sinteck/GUI/screen_audio.o
                0x00000000080098dc                update_sel_button_Audio_2
 .text.ButtonEventTelaAudio
                0x0000000008009a30       0xbc Sinteck/GUI/screen_audio.o
                0x0000000008009a30                ButtonEventTelaAudio
 .text.ButtonEventTelaAudio_1
                0x0000000008009aec       0xc4 Sinteck/GUI/screen_audio.o
                0x0000000008009aec                ButtonEventTelaAudio_1
 .text.ButtonEventTelaAudio_2
                0x0000000008009bb0       0xe8 Sinteck/GUI/screen_audio.o
                0x0000000008009bb0                ButtonEventTelaAudio_2
 .text.btn_event_esc_freq
                0x0000000008009c98       0x1c Sinteck/GUI/screen_frequency.o
 .text.event_handler
                0x0000000008009cb4       0xec Sinteck/GUI/screen_frequency.o
 .text.create_vumeter_freq
                0x0000000008009da0       0xe0 Sinteck/GUI/screen_frequency.o
                0x0000000008009da0                create_vumeter_freq
 .text.update_vumeter
                0x0000000008009e80       0xa8 Sinteck/GUI/screen_frequency.o
                0x0000000008009e80                update_vumeter
 .text.prog_freq
                0x0000000008009f28      0x538 Sinteck/GUI/screen_frequency.o
                0x0000000008009f28                prog_freq
 .text.screen_freq
                0x000000000800a460       0x6c Sinteck/GUI/screen_frequency.o
                0x000000000800a460                screen_freq
 .text.update_style_roller_freq
                0x000000000800a4cc      0x234 Sinteck/GUI/screen_frequency.o
                0x000000000800a4cc                update_style_roller_freq
 .text.ButtonEventTelaFrequencia
                0x000000000800a700      0x254 Sinteck/GUI/screen_frequency.o
                0x000000000800a700                ButtonEventTelaFrequencia
 .text.update_mpx_screen
                0x000000000800a954      0x1a8 Sinteck/GUI/screen_mpx.o
 .text.btn_event_esc_audio
                0x000000000800aafc       0x28 Sinteck/GUI/screen_mpx.o
 .text.btn_event_next_audio
                0x000000000800ab24       0x28 Sinteck/GUI/screen_mpx.o
 .text.create_vumeter_m
                0x000000000800ab4c       0xe0 Sinteck/GUI/screen_mpx.o
                0x000000000800ab4c                create_vumeter_m
 .text.create_vumeter_r
                0x000000000800ac2c       0xe0 Sinteck/GUI/screen_mpx.o
                0x000000000800ac2c                create_vumeter_r
 .text.create_vumeter_l
                0x000000000800ad0c       0xe0 Sinteck/GUI/screen_mpx.o
                0x000000000800ad0c                create_vumeter_l
 .text.btn_next_audio
                0x000000000800adec       0x68 Sinteck/GUI/screen_mpx.o
                0x000000000800adec                btn_next_audio
 .text.screen_reading_mpx
                0x000000000800ae54       0x84 Sinteck/GUI/screen_mpx.o
                0x000000000800ae54                screen_reading_mpx
 .text.ButtonEventTelaMpx
                0x000000000800aed8       0x2c Sinteck/GUI/screen_mpx.o
                0x000000000800aed8                ButtonEventTelaMpx
 .text.btn_event_next_efic
                0x000000000800af04       0x28 Sinteck/GUI/screen_reading_efic.o
 .text.btn_event_prev_efic
                0x000000000800af2c       0x28 Sinteck/GUI/screen_reading_efic.o
 .text.btn_next_efic
                0x000000000800af54       0x68 Sinteck/GUI/screen_reading_efic.o
                0x000000000800af54                btn_next_efic
 .text.btn_prev_efic
                0x000000000800afbc       0x68 Sinteck/GUI/screen_reading_efic.o
                0x000000000800afbc                btn_prev_efic
 .text.create_vumeter_eficiencia
                0x000000000800b024       0xf8 Sinteck/GUI/screen_reading_efic.o
                0x000000000800b024                create_vumeter_eficiencia
 .text.update_vumeter_eficiencia
                0x000000000800b11c       0x34 Sinteck/GUI/screen_reading_efic.o
                0x000000000800b11c                update_vumeter_eficiencia
 .text.update_screen_efic
                0x000000000800b150       0x3c Sinteck/GUI/screen_reading_efic.o
 *fill*         0x000000000800b18c        0x4 
 .text.print_eficiencia
                0x000000000800b190       0xbc Sinteck/GUI/screen_reading_efic.o
                0x000000000800b190                print_eficiencia
 .text.screen_reading_efic
                0x000000000800b24c       0x74 Sinteck/GUI/screen_reading_efic.o
                0x000000000800b24c                screen_reading_efic
 .text.ButtonEventTelaReading_Efic
                0x000000000800b2c0       0x2c Sinteck/GUI/screen_reading_efic.o
                0x000000000800b2c0                ButtonEventTelaReading_Efic
 .text.update_screen_status
                0x000000000800b2ec       0x9c Sinteck/GUI/screen_reading_status.o
 .text.btn_event_prev_status
                0x000000000800b388       0x28 Sinteck/GUI/screen_reading_status.o
 .text.btn_prev_status
                0x000000000800b3b0       0x68 Sinteck/GUI/screen_reading_status.o
                0x000000000800b3b0                btn_prev_status
 .text.print_reading_status
                0x000000000800b418      0x1f0 Sinteck/GUI/screen_reading_status.o
                0x000000000800b418                print_reading_status
 .text.screen_reading_status
                0x000000000800b608       0x68 Sinteck/GUI/screen_reading_status.o
                0x000000000800b608                screen_reading_status
 .text.ButtonEventTelaReading_Status
                0x000000000800b670       0x1c Sinteck/GUI/screen_reading_status.o
                0x000000000800b670                ButtonEventTelaReading_Status
 .text.btn_event_next_temp
                0x000000000800b68c       0x28 Sinteck/GUI/screen_reading_temp.o
 .text.btn_event_prev_temp
                0x000000000800b6b4       0x28 Sinteck/GUI/screen_reading_temp.o
 .text.btn_next_temp
                0x000000000800b6dc       0x68 Sinteck/GUI/screen_reading_temp.o
                0x000000000800b6dc                btn_next_temp
 .text.btn_prev_temp
                0x000000000800b744       0x68 Sinteck/GUI/screen_reading_temp.o
                0x000000000800b744                btn_prev_temp
 *fill*         0x000000000800b7ac        0x4 
 .text.print_temp_1
                0x000000000800b7b0       0xbc Sinteck/GUI/screen_reading_temp.o
                0x000000000800b7b0                print_temp_1
 .text.create_vumeter_temperatura
                0x000000000800b86c       0xe0 Sinteck/GUI/screen_reading_temp.o
                0x000000000800b86c                create_vumeter_temperatura
 .text.update_vumeter_temperatura
                0x000000000800b94c       0x30 Sinteck/GUI/screen_reading_temp.o
                0x000000000800b94c                update_vumeter_temperatura
 .text.screen_reading_temp
                0x000000000800b97c       0x94 Sinteck/GUI/screen_reading_temp.o
                0x000000000800b97c                screen_reading_temp
 .text.update_reading_temp
                0x000000000800ba10       0x40 Sinteck/GUI/screen_reading_temp.o
 .text.ButtonEventTelaReading_Temp
                0x000000000800ba50       0x2c Sinteck/GUI/screen_reading_temp.o
                0x000000000800ba50                ButtonEventTelaReading_Temp
 .text.btn_event_next_vpa
                0x000000000800ba7c       0x28 Sinteck/GUI/screen_reading_vpa.o
 .text.btn_event_prev_vpa
                0x000000000800baa4       0x28 Sinteck/GUI/screen_reading_vpa.o
 .text.btn_next_vpa
                0x000000000800bacc       0x68 Sinteck/GUI/screen_reading_vpa.o
                0x000000000800bacc                btn_next_vpa
 .text.btn_prev_vpa
                0x000000000800bb34       0x68 Sinteck/GUI/screen_reading_vpa.o
                0x000000000800bb34                btn_prev_vpa
 *fill*         0x000000000800bb9c        0x4 
 .text.print_vpa_1
                0x000000000800bba0       0xbc Sinteck/GUI/screen_reading_vpa.o
                0x000000000800bba0                print_vpa_1
 *fill*         0x000000000800bc5c        0x4 
 .text.print_ipa_1
                0x000000000800bc60       0xbc Sinteck/GUI/screen_reading_vpa.o
                0x000000000800bc60                print_ipa_1
 .text.create_vumeter_vpa_1
                0x000000000800bd1c       0xe0 Sinteck/GUI/screen_reading_vpa.o
                0x000000000800bd1c                create_vumeter_vpa_1
 .text.create_vumeter_ipa_1
                0x000000000800bdfc       0xe0 Sinteck/GUI/screen_reading_vpa.o
                0x000000000800bdfc                create_vumeter_ipa_1
 .text.update_vumeter_vpa_1
                0x000000000800bedc       0x34 Sinteck/GUI/screen_reading_vpa.o
                0x000000000800bedc                update_vumeter_vpa_1
 .text.update_vumeter_ipa_1
                0x000000000800bf10       0x34 Sinteck/GUI/screen_reading_vpa.o
                0x000000000800bf10                update_vumeter_ipa_1
 .text.screen_reading_vpa
                0x000000000800bf44       0x90 Sinteck/GUI/screen_reading_vpa.o
                0x000000000800bf44                screen_reading_vpa
 *fill*         0x000000000800bfd4        0x4 
 .text.update_screen_vpa
                0x000000000800bfd8       0x70 Sinteck/GUI/screen_reading_vpa.o
 .text.ButtonEventTelaReading_Vpa
                0x000000000800c048       0x2c Sinteck/GUI/screen_reading_vpa.o
                0x000000000800c048                ButtonEventTelaReading_Vpa
 .text.btn_event_esc_r
                0x000000000800c074       0x28 Sinteck/GUI/screen_readings.o
 .text.btn_event_next_r
                0x000000000800c09c       0x28 Sinteck/GUI/screen_readings.o
 .text.create_vumeter_swr_1
                0x000000000800c0c4       0xe0 Sinteck/GUI/screen_readings.o
                0x000000000800c0c4                create_vumeter_swr_1
 .text.create_vumeter_fwd_1
                0x000000000800c1a4       0xe0 Sinteck/GUI/screen_readings.o
                0x000000000800c1a4                create_vumeter_fwd_1
 .text.print_fwd_1
                0x000000000800c284       0xc4 Sinteck/GUI/screen_readings.o
                0x000000000800c284                print_fwd_1
 .text.print_swr_1
                0x000000000800c348       0xc4 Sinteck/GUI/screen_readings.o
                0x000000000800c348                print_swr_1
 .text.update_vumeter_swr_1
                0x000000000800c40c       0x3c Sinteck/GUI/screen_readings.o
                0x000000000800c40c                update_vumeter_swr_1
 .text.update_vumeter_fwd_1
                0x000000000800c448       0x30 Sinteck/GUI/screen_readings.o
                0x000000000800c448                update_vumeter_fwd_1
 .text.update_reading
                0x000000000800c478       0x70 Sinteck/GUI/screen_readings.o
 .text.btn_next_r
                0x000000000800c4e8       0x68 Sinteck/GUI/screen_readings.o
                0x000000000800c4e8                btn_next_r
 .text.screen_readings
                0x000000000800c550       0xbc Sinteck/GUI/screen_readings.o
                0x000000000800c550                screen_readings
 .text.ButtonEventTelaReadings
                0x000000000800c60c       0x2c Sinteck/GUI/screen_readings.o
                0x000000000800c60c                ButtonEventTelaReadings
 .text.btn_event_esc_rf
                0x000000000800c638       0x28 Sinteck/GUI/screen_rf.o
 .text.btn_power
                0x000000000800c660       0x48 Sinteck/GUI/screen_rf.o
 .text.event_handler_swr
                0x000000000800c6a8       0x8c Sinteck/GUI/screen_rf.o
 .text.event_handler_target
                0x000000000800c734       0x80 Sinteck/GUI/screen_rf.o
 .text.create_vumeter_swr
                0x000000000800c7b4       0xe0 Sinteck/GUI/screen_rf.o
                0x000000000800c7b4                create_vumeter_swr
 .text.create_vumeter_pwr
                0x000000000800c894       0xe0 Sinteck/GUI/screen_rf.o
                0x000000000800c894                create_vumeter_pwr
 .text.update_vumeter_swr
                0x000000000800c974       0x9c Sinteck/GUI/screen_rf.o
                0x000000000800c974                update_vumeter_swr
 .text.update_rf
                0x000000000800ca10        0xc Sinteck/GUI/screen_rf.o
 .text.update_vumeter_fwd
                0x000000000800ca1c       0xa4 Sinteck/GUI/screen_rf.o
                0x000000000800ca1c                update_vumeter_fwd
 .text.update_rf_1
                0x000000000800cac0       0x10 Sinteck/GUI/screen_rf.o
 .text.update_vumeter_pwr
                0x000000000800cad0       0x30 Sinteck/GUI/screen_rf.o
                0x000000000800cad0                update_vumeter_pwr
 .text.print_pwr
                0x000000000800cb00       0xb0 Sinteck/GUI/screen_rf.o
                0x000000000800cb00                print_pwr
 .text.screen_RF_2
                0x000000000800cbb0      0x15c Sinteck/GUI/screen_rf.o
                0x000000000800cbb0                screen_RF_2
 .text.btn_event_next_rf1
                0x000000000800cd0c       0x28 Sinteck/GUI/screen_rf.o
 .text.create_vumeter_fwd
                0x000000000800cd34       0xe0 Sinteck/GUI/screen_rf.o
                0x000000000800cd34                create_vumeter_fwd
 .text.btn_next_rf
                0x000000000800ce14       0x68 Sinteck/GUI/screen_rf.o
                0x000000000800ce14                btn_next_rf
 .text.btn_next_rf1
                0x000000000800ce7c       0x68 Sinteck/GUI/screen_rf.o
                0x000000000800ce7c                btn_next_rf1
 .text.prog_swr
                0x000000000800cee4      0x2c0 Sinteck/GUI/screen_rf.o
                0x000000000800cee4                prog_swr
 .text.screen_rf
                0x000000000800d1a4       0x8c Sinteck/GUI/screen_rf.o
                0x000000000800d1a4                screen_rf
 .text.btn_event_esc_rf1
                0x000000000800d230       0x28 Sinteck/GUI/screen_rf.o
 .text.prog_target
                0x000000000800d258      0x258 Sinteck/GUI/screen_rf.o
                0x000000000800d258                prog_target
 .text.screen_RF_1
                0x000000000800d4b0       0x90 Sinteck/GUI/screen_rf.o
                0x000000000800d4b0                screen_RF_1
 .text.btn_event_esc_rf2
                0x000000000800d540       0x1c Sinteck/GUI/screen_rf.o
 .text.btn_event_next_rf
                0x000000000800d55c       0x28 Sinteck/GUI/screen_rf.o
 .text.update_style_roller_rf
                0x000000000800d584       0x7c Sinteck/GUI/screen_rf.o
                0x000000000800d584                update_style_roller_rf
 .text.update_style_roller_rf_1
                0x000000000800d600       0x7c Sinteck/GUI/screen_rf.o
                0x000000000800d600                update_style_roller_rf_1
 .text.ButtonEventTelaRF
                0x000000000800d67c      0x238 Sinteck/GUI/screen_rf.o
                0x000000000800d67c                ButtonEventTelaRF
 .text.ButtonEventTelaRF_1
                0x000000000800d8b4      0x238 Sinteck/GUI/screen_rf.o
                0x000000000800d8b4                ButtonEventTelaRF_1
 .text.ButtonEventTelaRF_2
                0x000000000800daec       0xdc Sinteck/GUI/screen_rf.o
                0x000000000800daec                ButtonEventTelaRF_2
 .text.btn_event_esc_sel
                0x000000000800dbc8       0x20 Sinteck/GUI/screen_sel.o
 .text.btn_event_btn1
                0x000000000800dbe8       0x48 Sinteck/GUI/screen_sel.o
 .text.create_buttons
                0x000000000800dc30      0x1a0 Sinteck/GUI/screen_sel.o
                0x000000000800dc30                create_buttons
 .text.screen_sel
                0x000000000800ddd0       0x94 Sinteck/GUI/screen_sel.o
                0x000000000800ddd0                screen_sel
 .text.sel_screen_send_button
                0x000000000800de64       0x7c Sinteck/GUI/screen_sel.o
                0x000000000800de64                sel_screen_send_button
 .text.ButtonEventTelaSelecao
                0x000000000800dee0       0x94 Sinteck/GUI/screen_sel.o
                0x000000000800dee0                ButtonEventTelaSelecao
 .text.MX_USB_DEVICE_Init
                0x000000000800df74       0x50 USB_DEVICE/App/usb_device.o
                0x000000000800df74                MX_USB_DEVICE_Init
 .text.USBD_FS_DeviceDescriptor
                0x000000000800dfc4        0xc USB_DEVICE/App/usbd_desc.o
                0x000000000800dfc4                USBD_FS_DeviceDescriptor
 .text.USBD_FS_LangIDStrDescriptor
                0x000000000800dfd0        0xc USB_DEVICE/App/usbd_desc.o
                0x000000000800dfd0                USBD_FS_LangIDStrDescriptor
 .text.USBD_FS_USR_BOSDescriptor
                0x000000000800dfdc        0xc USB_DEVICE/App/usbd_desc.o
                0x000000000800dfdc                USBD_FS_USR_BOSDescriptor
 .text.IntToUnicode
                0x000000000800dfe8       0x28 USB_DEVICE/App/usbd_desc.o
 .text.USBD_FS_SerialStrDescriptor
                0x000000000800e010       0x40 USB_DEVICE/App/usbd_desc.o
                0x000000000800e010                USBD_FS_SerialStrDescriptor
 .text.USBD_FS_ManufacturerStrDescriptor
                0x000000000800e050       0x1c USB_DEVICE/App/usbd_desc.o
                0x000000000800e050                USBD_FS_ManufacturerStrDescriptor
 .text.USBD_FS_ProductStrDescriptor
                0x000000000800e06c       0x1c USB_DEVICE/App/usbd_desc.o
                0x000000000800e06c                USBD_FS_ProductStrDescriptor
 .text.USBD_FS_ConfigStrDescriptor
                0x000000000800e088       0x1c USB_DEVICE/App/usbd_desc.o
                0x000000000800e088                USBD_FS_ConfigStrDescriptor
 .text.USBD_FS_InterfaceStrDescriptor
                0x000000000800e0a4       0x1c USB_DEVICE/App/usbd_desc.o
                0x000000000800e0a4                USBD_FS_InterfaceStrDescriptor
 .text.STORAGE_GetCapacity_FS
                0x000000000800e0c0       0x10 USB_DEVICE/App/usbd_storage_if.o
 .text.STORAGE_IsWriteProtected_FS
                0x000000000800e0d0        0x4 USB_DEVICE/App/usbd_storage_if.o
 .text.STORAGE_Write_FS
                0x000000000800e0d4        0x4 USB_DEVICE/App/usbd_storage_if.o
 .text.STORAGE_GetMaxLun_FS
                0x000000000800e0d8        0x4 USB_DEVICE/App/usbd_storage_if.o
 .text.STORAGE_Read_FS
                0x000000000800e0dc        0x4 USB_DEVICE/App/usbd_storage_if.o
 .text.STORAGE_Init_FS
                0x000000000800e0e0        0x4 USB_DEVICE/App/usbd_storage_if.o
 .text.STORAGE_IsReady_FS
                0x000000000800e0e4        0x4 USB_DEVICE/App/usbd_storage_if.o
 .text.HAL_PCD_MspInit
                0x000000000800e0e8       0x9c USB_DEVICE/Target/usbd_conf.o
                0x000000000800e0e8                HAL_PCD_MspInit
 .text.HAL_PCD_SetupStageCallback
                0x000000000800e184        0xc USB_DEVICE/Target/usbd_conf.o
                0x000000000800e184                HAL_PCD_SetupStageCallback
 .text.HAL_PCD_DataOutStageCallback
                0x000000000800e190       0x12 USB_DEVICE/Target/usbd_conf.o
                0x000000000800e190                HAL_PCD_DataOutStageCallback
 .text.HAL_PCD_DataInStageCallback
                0x000000000800e1a2       0x10 USB_DEVICE/Target/usbd_conf.o
                0x000000000800e1a2                HAL_PCD_DataInStageCallback
 .text.HAL_PCD_SOFCallback
                0x000000000800e1b2        0x8 USB_DEVICE/Target/usbd_conf.o
                0x000000000800e1b2                HAL_PCD_SOFCallback
 .text.HAL_PCD_ResetCallback
                0x000000000800e1ba       0x24 USB_DEVICE/Target/usbd_conf.o
                0x000000000800e1ba                HAL_PCD_ResetCallback
 *fill*         0x000000000800e1de        0x2 
 .text.HAL_PCD_SuspendCallback
                0x000000000800e1e0       0x30 USB_DEVICE/Target/usbd_conf.o
                0x000000000800e1e0                HAL_PCD_SuspendCallback
 .text.HAL_PCD_ResumeCallback
                0x000000000800e210       0x34 USB_DEVICE/Target/usbd_conf.o
                0x000000000800e210                HAL_PCD_ResumeCallback
 .text.HAL_PCD_ISOOUTIncompleteCallback
                0x000000000800e244        0x8 USB_DEVICE/Target/usbd_conf.o
                0x000000000800e244                HAL_PCD_ISOOUTIncompleteCallback
 .text.HAL_PCD_ISOINIncompleteCallback
                0x000000000800e24c        0x8 USB_DEVICE/Target/usbd_conf.o
                0x000000000800e24c                HAL_PCD_ISOINIncompleteCallback
 .text.HAL_PCD_ConnectCallback
                0x000000000800e254        0x8 USB_DEVICE/Target/usbd_conf.o
                0x000000000800e254                HAL_PCD_ConnectCallback
 .text.HAL_PCD_DisconnectCallback
                0x000000000800e25c        0x8 USB_DEVICE/Target/usbd_conf.o
                0x000000000800e25c                HAL_PCD_DisconnectCallback
 .text.USBD_LL_Init
                0x000000000800e264       0x5c USB_DEVICE/Target/usbd_conf.o
                0x000000000800e264                USBD_LL_Init
 .text.USBD_LL_Start
                0x000000000800e2c0       0x1c USB_DEVICE/Target/usbd_conf.o
                0x000000000800e2c0                USBD_LL_Start
 .text.USBD_LL_OpenEP
                0x000000000800e2dc       0x20 USB_DEVICE/Target/usbd_conf.o
                0x000000000800e2dc                USBD_LL_OpenEP
 .text.USBD_LL_CloseEP
                0x000000000800e2fc       0x1c USB_DEVICE/Target/usbd_conf.o
                0x000000000800e2fc                USBD_LL_CloseEP
 .text.USBD_LL_FlushEP
                0x000000000800e318       0x1c USB_DEVICE/Target/usbd_conf.o
                0x000000000800e318                USBD_LL_FlushEP
 .text.USBD_LL_StallEP
                0x000000000800e334       0x1c USB_DEVICE/Target/usbd_conf.o
                0x000000000800e334                USBD_LL_StallEP
 .text.USBD_LL_ClearStallEP
                0x000000000800e350       0x1c USB_DEVICE/Target/usbd_conf.o
                0x000000000800e350                USBD_LL_ClearStallEP
 .text.USBD_LL_IsStallEP
                0x000000000800e36c       0x26 USB_DEVICE/Target/usbd_conf.o
                0x000000000800e36c                USBD_LL_IsStallEP
 *fill*         0x000000000800e392        0x2 
 .text.USBD_LL_SetUSBAddress
                0x000000000800e394       0x1c USB_DEVICE/Target/usbd_conf.o
                0x000000000800e394                USBD_LL_SetUSBAddress
 .text.USBD_LL_Transmit
                0x000000000800e3b0       0x1c USB_DEVICE/Target/usbd_conf.o
                0x000000000800e3b0                USBD_LL_Transmit
 .text.USBD_LL_PrepareReceive
                0x000000000800e3cc       0x1c USB_DEVICE/Target/usbd_conf.o
                0x000000000800e3cc                USBD_LL_PrepareReceive
 .text.USBD_LL_GetRxDataSize
                0x000000000800e3e8        0x8 USB_DEVICE/Target/usbd_conf.o
                0x000000000800e3e8                USBD_LL_GetRxDataSize
 .text.HAL_PCDEx_LPM_Callback
                0x000000000800e3f0       0x64 USB_DEVICE/Target/usbd_conf.o
                0x000000000800e3f0                HAL_PCDEx_LPM_Callback
 .text.USBD_static_malloc
                0x000000000800e454        0x8 USB_DEVICE/Target/usbd_conf.o
                0x000000000800e454                USBD_static_malloc
 .text.USBD_static_free
                0x000000000800e45c        0x2 USB_DEVICE/Target/usbd_conf.o
                0x000000000800e45c                USBD_static_free
 .text.lv_disp_get_scr_act
                0x000000000800e45e        0xe lvgl/src/lv_core/lv_disp.o
                0x000000000800e45e                lv_disp_get_scr_act
 .text.lv_disp_load_scr
                0x000000000800e46c       0x14 lvgl/src/lv_core/lv_disp.o
                0x000000000800e46c                lv_disp_load_scr
 .text.lv_disp_get_layer_top
                0x000000000800e480        0xe lvgl/src/lv_core/lv_disp.o
                0x000000000800e480                lv_disp_get_layer_top
 .text.lv_disp_get_layer_sys
                0x000000000800e48e        0xe lvgl/src/lv_core/lv_disp.o
                0x000000000800e48e                lv_disp_get_layer_sys
 .text.lv_indev_reset.part.3
                0x000000000800e49c       0x1a lvgl/src/lv_core/lv_indev.o
 .text.lv_indev_init
                0x000000000800e4b6        0x4 lvgl/src/lv_core/lv_indev.o
                0x000000000800e4b6                lv_indev_init
 *fill*         0x000000000800e4ba        0x2 
 .text.lv_indev_get_act
                0x000000000800e4bc        0xc lvgl/src/lv_core/lv_indev.o
                0x000000000800e4bc                lv_indev_get_act
 .text.lv_indev_get_type
                0x000000000800e4c8        0x6 lvgl/src/lv_core/lv_indev.o
                0x000000000800e4c8                lv_indev_get_type
 .text.lv_indev_reset
                0x000000000800e4ce       0x14 lvgl/src/lv_core/lv_indev.o
                0x000000000800e4ce                lv_indev_reset
 .text.lv_indev_get_point
                0x000000000800e4e2       0x20 lvgl/src/lv_core/lv_indev.o
                0x000000000800e4e2                lv_indev_get_point
 .text.lv_indev_is_dragging
                0x000000000800e502       0x1a lvgl/src/lv_core/lv_indev.o
                0x000000000800e502                lv_indev_is_dragging
 .text.lv_indev_get_vect
                0x000000000800e51c       0x20 lvgl/src/lv_core/lv_indev.o
                0x000000000800e51c                lv_indev_get_vect
 .text.lv_event_mark_deleted
                0x000000000800e53c       0x1c lvgl/src/lv_core/lv_obj.o
 .text.refresh_children_position
                0x000000000800e558       0x4e lvgl/src/lv_core/lv_obj.o
 *fill*         0x000000000800e5a6        0x2 
 .text.lv_init  0x000000000800e5a8       0x50 lvgl/src/lv_core/lv_obj.o
                0x000000000800e5a8                lv_init
 .text.lv_obj_set_click
                0x000000000800e5f8        0xe lvgl/src/lv_core/lv_obj.o
                0x000000000800e5f8                lv_obj_set_click
 .text.lv_obj_set_drag
                0x000000000800e606       0x1c lvgl/src/lv_core/lv_obj.o
                0x000000000800e606                lv_obj_set_drag
 .text.lv_obj_set_drag_throw
                0x000000000800e622        0xe lvgl/src/lv_core/lv_obj.o
                0x000000000800e622                lv_obj_set_drag_throw
 .text.lv_obj_set_protect
                0x000000000800e630        0xc lvgl/src/lv_core/lv_obj.o
                0x000000000800e630                lv_obj_set_protect
 .text.lv_obj_clear_protect
                0x000000000800e63c        0xe lvgl/src/lv_core/lv_obj.o
                0x000000000800e63c                lv_obj_clear_protect
 .text.lv_obj_set_event_cb
                0x000000000800e64a        0x4 lvgl/src/lv_core/lv_obj.o
                0x000000000800e64a                lv_obj_set_event_cb
 *fill*         0x000000000800e64e        0x2 
 .text.lv_event_send_func
                0x000000000800e650       0x88 lvgl/src/lv_core/lv_obj.o
                0x000000000800e650                lv_event_send_func
 .text.lv_event_send
                0x000000000800e6d8       0x12 lvgl/src/lv_core/lv_obj.o
                0x000000000800e6d8                lv_event_send
 .text.delete_children
                0x000000000800e6ea       0x8a lvgl/src/lv_core/lv_obj.o
 .text.lv_event_get_data
                0x000000000800e774        0xc lvgl/src/lv_core/lv_obj.o
                0x000000000800e774                lv_event_get_data
 .text.lv_obj_set_signal_cb
                0x000000000800e780        0x4 lvgl/src/lv_core/lv_obj.o
                0x000000000800e780                lv_obj_set_signal_cb
 .text.lv_obj_set_design_cb
                0x000000000800e784        0x4 lvgl/src/lv_core/lv_obj.o
                0x000000000800e784                lv_obj_set_design_cb
 .text.lv_obj_allocate_ext_attr
                0x000000000800e788        0xe lvgl/src/lv_core/lv_obj.o
                0x000000000800e788                lv_obj_allocate_ext_attr
 *fill*         0x000000000800e796        0x2 
 .text.lv_obj_get_disp
                0x000000000800e798       0x4c lvgl/src/lv_core/lv_obj.o
                0x000000000800e798                lv_obj_get_disp
 .text.lv_obj_invalidate
                0x000000000800e7e4       0xa0 lvgl/src/lv_core/lv_obj.o
                0x000000000800e7e4                lv_obj_invalidate
 .text.lv_obj_set_pos
                0x000000000800e884       0x86 lvgl/src/lv_core/lv_obj.o
                0x000000000800e884                lv_obj_set_pos
 .text.lv_obj_set_x
                0x000000000800e90a       0x14 lvgl/src/lv_core/lv_obj.o
                0x000000000800e90a                lv_obj_set_x
 .text.lv_obj_set_y
                0x000000000800e91e       0x10 lvgl/src/lv_core/lv_obj.o
                0x000000000800e91e                lv_obj_set_y
 .text.lv_obj_align
                0x000000000800e92e      0x282 lvgl/src/lv_core/lv_obj.o