lv_calendar.c:905:16:get_month_length	0	static
lv_calendar.c:614:19:get_header_height	8	static
lv_calendar.c:846:13:is_highlighted	24	static
lv_calendar.c:938:16:get_day_of_week.constprop	8	static
lv_calendar.c:196:6:lv_calendar_set_today_date	16	static
lv_calendar.c:212:6:lv_calendar_set_showed_date	16	static
lv_calendar.c:229:6:lv_calendar_set_highlighted_dates	16	static
lv_calendar.c:245:6:lv_calendar_set_day_names	16	static
lv_calendar.c:259:6:lv_calendar_set_month_names	16	static
lv_calendar.c:272:6:lv_calendar_set_style	16	static
lv_calendar.c:74:12:lv_calendar_create	32	static
lv_calendar.c:299:22:lv_calendar_get_today_date	8	static
lv_calendar.c:310:22:lv_calendar_get_showed_date	8	static
lv_calendar.c:321:22:lv_calendar_get_pressed_date	8	static
lv_calendar.c:332:22:lv_calendar_get_highlighted_dates	8	static
lv_calendar.c:343:10:lv_calendar_get_highlighted_dates_num	8	static
lv_calendar.c:354:15:lv_calendar_get_day_names	8	static
lv_calendar.c:365:15:lv_calendar_get_month_names	8	static
lv_calendar.c:377:20:lv_calendar_get_style	16	static
lv_calendar.c:419:13:lv_calendar_design	192	static
lv_calendar.c:449:17:lv_calendar_signal	72	static
