lv_color.h:326:26:lv_color_mix	16	static
lv_canvas.c:743:17:lv_canvas_signal	16	static
lv_canvas.c:50:12:lv_canvas_create	24	static
lv_canvas.c:112:6:lv_canvas_set_buffer	32	static
lv_canvas.c:132:6:lv_canvas_set_px	24	static
lv_canvas.c:150:6:lv_canvas_set_palette	16	static
lv_canvas.c:164:6:lv_canvas_set_style	0	static
lv_canvas.c:182:12:lv_canvas_get_px	24	static
lv_canvas.c:195:16:lv_canvas_get_img	8	static
lv_canvas.c:208:20:lv_canvas_get_style	0	static
lv_canvas.c:235:6:lv_canvas_copy_buf	32	static
lv_canvas.c:267:6:lv_canvas_rotate	160	static
lv_canvas.c:432:6:lv_canvas_fill_bg	32	static
lv_canvas.c:454:6:lv_canvas_draw_rect	440	static
lv_canvas.c:504:6:lv_canvas_draw_text	464	static
lv_canvas.c:559:6:lv_canvas_draw_img	448	static
lv_canvas.c:612:6:lv_canvas_draw_line	440	static
lv_canvas.c:655:6:lv_canvas_draw_polygon	440	static
lv_canvas.c:698:6:lv_canvas_draw_arc	448	static
