lv_label.c:1203:13:lv_label_dot_tmp_free	8	static
lv_label.c:1116:13:lv_label_revert_dots	24	static
lv_label.c:1145:13:lv_label_set_offset_y	16	static
lv_label.c:1138:13:lv_label_set_offset_x	16	static
lv_label.c:1160:13:lv_label_set_dot_tmp	24	static
lv_label.c:811:13:lv_label_design	88	static
lv_label.c:301:6:lv_label_set_align	16	static
lv_label.c:333:6:lv_label_set_body_draw	16	static
lv_label.c:367:6:lv_label_set_text_sel_start	0	static
lv_label.c:379:6:lv_label_set_text_sel_end	0	static
lv_label.c:400:8:lv_label_get_text	8	static
lv_label.c:412:22:lv_label_get_long_mode	8	static
lv_label.c:423:18:lv_label_get_align	8	static
lv_label.c:434:6:lv_label_get_recolor	8	static
lv_label.c:445:6:lv_label_get_body_draw	8	static
lv_label.c:456:10:lv_label_get_anim_speed	8	static
lv_label.c:474:6:lv_label_get_letter_pos	80	static
lv_label.c:543:10:lv_label_get_letter_on	80	static
lv_label.c:958:13:lv_label_refr_text	112	static
lv_label.c:907:17:lv_label_signal	24	static
lv_label.c:168:6:lv_label_set_text	32	static
lv_label.c:211:6:lv_label_set_array_text	24	static
lv_label.c:245:6:lv_label_set_static_text	24	static
lv_label.c:268:6:lv_label_set_long_mode	16	static
lv_label.c:317:6:lv_label_set_recolor	16	static
lv_label.c:69:12:lv_label_create	24	static
lv_label.c:350:6:lv_label_set_anim_speed	16	static
lv_label.c:624:10:lv_label_get_text_sel_start	0	static
lv_label.c:641:10:lv_label_get_text_sel_end	0	static
lv_label.c:658:6:lv_label_is_char_under_pos	80	static
lv_label.c:747:6:lv_label_ins_text	32	static
lv_label.c:780:6:lv_label_cut_text	16	static
