ST7735.c:21:6:ST7735_write	16	static
ST7735.c:26:6:ST7735_write_color	16	static
ST7735.c:35:6:ST7735_cmd	8	static
ST7735.c:40:6:ST7735_data	8	static
ST7735.c:45:10:RGB565	0	static
ST7735.c:121:6:ST7735_Orientation	8	static
ST7735.c:49:6:ST7735_Init	8	static
ST7735.c:149:6:ST7735_AddrSet	24	static
ST7735.c:167:6:ST7735_Clear	24	static
ST7735.c:184:6:ST7735_Flush_3	24	static
ST7735.c:233:6:ST7735_Flush_2	32	static
ST7735.c:274:6:ST7735_flush	32	static
ST7735.c:302:6:ST7735_Pixel	24	static
ST7735.c:310:6:ST7735_HLine	24	static
ST7735.c:325:6:ST7735_VLine	24	static
ST7735.c:340:6:ST7735_Line	48	static
ST7735.c:389:6:ST7735_Rect	24	static
ST7735.c:396:6:ST7735_FillRect	32	static
ST7735.c:412:6:ST7735_PutChar5x7	40	static
ST7735.c:437:6:ST7735_PutStr5x7	32	static
