stm32l4xx_hal_msp.c:66:6:HAL_MspInit	8	static
stm32l4xx_hal_msp.c:88:6:HAL_ADC_MspInit	40	static
stm32l4xx_hal_msp.c:124:6:HAL_ADC_MspDeInit	0	static
stm32l4xx_hal_msp.c:155:6:HAL_DAC_MspInit	40	static
stm32l4xx_hal_msp.c:191:6:HAL_DAC_MspDeInit	8	static
stm32l4xx_hal_msp.c:221:6:HAL_I2C_MspInit	40	static
stm32l4xx_hal_msp.c:257:6:HAL_I2C_MspDeInit	0	static
stm32l4xx_hal_msp.c:286:6:HAL_QSPI_MspInit	48	static
stm32l4xx_hal_msp.c:334:6:HAL_QSPI_MspDeInit	8	static
stm32l4xx_hal_msp.c:369:6:HAL_RTC_MspInit	0	static
stm32l4xx_hal_msp.c:391:6:HAL_RTC_MspDeInit	0	static
stm32l4xx_hal_msp.c:413:6:HAL_SPI_MspInit	40	static
stm32l4xx_hal_msp.c:450:6:HAL_SPI_MspDeInit	0	static
stm32l4xx_hal_msp.c:480:6:HAL_TIM_Base_MspInit	8	static
stm32l4xx_hal_msp.c:496:6:HAL_TIM_MspPostInit	32	static
stm32l4xx_hal_msp.c:529:6:HAL_TIM_Base_MspDeInit	0	static
stm32l4xx_hal_msp.c:551:6:HAL_UART_MspInit	40	static
stm32l4xx_hal_msp.c:587:6:HAL_UART_MspDeInit	0	static
