w25qxx.c:27:9:W25qxx_Spi	32	static
w25qxx.c:36:10:W25qxx_ReadID	24	static
w25qxx.c:50:6:W25qxx_ReadUniqID	16	static
w25qxx.c:62:6:W25qxx_WriteEnable	8	static
w25qxx.c:71:6:W25qxx_WriteDisable	8	static
w25qxx.c:80:9:W25qxx_ReadStatusRegister	16	static
w25qxx.c:109:6:W25qxx_WriteStatusRegister	16	static
w25qxx.c:132:6:W25qxx_WaitForWriteEnd	8	static
w25qxx.c:147:6:W25qxx_Init	16	static
w25qxx.c:267:6:W25qxx_EraseChip	16	static
w25qxx.c:289:6:W25qxx_EraseSector	24	static
w25qxx.c:324:6:W25qxx_EraseBlock	24	static
w25qxx.c:362:10:W25qxx_PageToSector	0	static
w25qxx.c:368:10:W25qxx_PageToBlock	0	static
w25qxx.c:374:10:W25qxx_SectorToBlock	0	static
w25qxx.c:380:10:W25qxx_SectorToPage	0	static
w25qxx.c:386:10:W25qxx_BlockToPage	0	static
w25qxx.c:392:7:W25qxx_IsEmptyPage	72	static
w25qxx.c:463:7:W25qxx_IsEmptySector	72	static
w25qxx.c:533:7:W25qxx_IsEmptyBlock	72	static
w25qxx.c:603:6:W25qxx_WriteByte	24	static
w25qxx.c:631:7:W25qxx_WritePage	32	static
w25qxx.c:678:7:W25qxx_WriteSector	32	static
w25qxx.c:718:7:W25qxx_WriteBlock	32	static
w25qxx.c:758:7:W25qxx_ReadByte	24	static
w25qxx.c:784:6:W25qxx_ReadBytes	32	static
w25qxx.c:823:7:W25qxx_ReadPage	32	static
w25qxx.c:868:7:W25qxx_ReadSector	32	static
w25qxx.c:908:7:W25qxx_ReadBlock	32	static
