lv_fs.c:606:21:lv_fs_get_real_path	0	static
lv_fs.c:629:22:lv_fs_get_drv	16	static
lv_fs.c:57:6:lv_fs_init	0	static
lv_fs.c:68:6:lv_fs_is_ready	8	static
lv_fs.c:86:13:lv_fs_open	24	static
lv_fs.c:138:13:lv_fs_close	16	static
lv_fs.c:163:13:lv_fs_remove	16	static
lv_fs.c:192:13:lv_fs_read	40	static
lv_fs.c:213:13:lv_fs_write	40	static
lv_fs.c:238:13:lv_fs_seek	4	static
lv_fs.c:259:13:lv_fs_tell	4	static
lv_fs.c:282:13:lv_fs_trunc	0	static
lv_fs.c:302:13:lv_fs_size	4	static
lv_fs.c:323:13:lv_fs_rename	24	static
lv_fs.c:357:13:lv_fs_dir_open	16	static
lv_fs.c:395:13:lv_fs_dir_read	4	static
lv_fs.c:416:13:lv_fs_dir_close	16	static
lv_fs.c:445:13:lv_fs_free_space	24	static
lv_fs.c:475:6:lv_fs_drv_init	0	static
lv_fs.c:485:6:lv_fs_drv_register	8	static
lv_fs.c:501:8:lv_fs_get_letters	16	static
lv_fs.c:522:14:lv_fs_get_ext	8	static
lv_fs.c:541:8:lv_fs_up	8	static
lv_fs.c:572:14:lv_fs_get_last	8	static
