lv_obj.c:2308:13:lv_event_mark_deleted	0	static
lv_obj.c:2185:13:refresh_children_position	32	static
lv_obj.c:73:6:lv_init	8	static
lv_obj.c:1052:6:lv_obj_set_auto_realign	0	static
lv_obj.c:1087:6:lv_obj_set_ext_click_area	0	static
lv_obj.c:1186:6:lv_obj_set_click	0	static
lv_obj.c:1197:6:lv_obj_set_top	0	static
lv_obj.c:1207:6:lv_obj_set_drag	0	static
lv_obj.c:1218:6:lv_obj_set_drag_dir	0	static
lv_obj.c:1230:6:lv_obj_set_drag_throw	0	static
lv_obj.c:1241:6:lv_obj_set_drag_parent	0	static
lv_obj.c:1251:6:lv_obj_set_parent_event	0	static
lv_obj.c:1261:6:lv_obj_set_opa_scale_enable	0	static
lv_obj.c:1282:6:lv_obj_set_protect	0	static
lv_obj.c:1292:6:lv_obj_clear_protect	0	static
lv_obj.c:1304:6:lv_obj_set_event_cb	0	static
lv_obj.c:1335:10:lv_event_send_func	48	static
lv_obj.c:1316:10:lv_event_send	0	static
lv_obj.c:2242:13:delete_children	24	static
lv_obj.c:1388:14:lv_event_get_data	0	static
lv_obj.c:1399:6:lv_obj_set_signal_cb	0	static
lv_obj.c:1409:6:lv_signal_send	0	static
lv_obj.c:1419:6:lv_obj_set_design_cb	0	static
lv_obj.c:1434:8:lv_obj_allocate_ext_attr	8	static
lv_obj.c:1462:12:lv_obj_get_screen	0	static
lv_obj.c:1480:13:lv_obj_get_disp	24	static
lv_obj.c:472:6:lv_obj_invalidate	24	static
lv_obj.c:556:6:lv_obj_move_foreground	16	static
lv_obj.c:577:6:lv_obj_move_background	16	static
lv_obj.c:604:6:lv_obj_set_pos	40	static
lv_obj.c:651:6:lv_obj_set_x	4	static
lv_obj.c:661:6:lv_obj_set_y	0	static
lv_obj.c:744:6:lv_obj_align	40	static
lv_obj.c:889:6:lv_obj_align_origo	32	static
lv_obj.c:1033:6:lv_obj_realign	16	static
lv_obj.c:129:12:lv_obj_create	16	static
lv_obj.c:519:6:lv_obj_set_parent	24	static
lv_obj.c:672:6:lv_obj_set_size	24	static
lv_obj.c:721:6:lv_obj_set_width	0	static
lv_obj.c:731:6:lv_obj_set_height	0	static
lv_obj.c:1130:6:lv_obj_refresh_style	8	static
lv_obj.c:1169:6:lv_obj_set_hidden	16	static
lv_obj.c:1271:6:lv_obj_set_opa_scale	0	static
lv_obj.c:1445:6:lv_obj_refresh_ext_draw_pad	8	static
lv_obj.c:373:10:lv_obj_del	24	static
lv_obj.c:1512:12:lv_obj_get_parent	0	static
lv_obj.c:1524:12:lv_obj_get_child	0	static
lv_obj.c:2223:13:refresh_children_style	16	static
lv_obj.c:1115:6:lv_obj_set_style	8	static
lv_obj.c:2204:13:report_style_mod_core	16	static
lv_obj.c:1142:6:lv_obj_report_style_mod	24	static
lv_obj.c:455:6:lv_obj_clean	16	static
lv_obj.c:1544:12:lv_obj_get_child_back	0	static
lv_obj.c:1562:10:lv_obj_count_children	16	static
lv_obj.c:1576:10:lv_obj_count_children_recursive	16	static
lv_obj.c:1599:6:lv_obj_get_coords	0	static
lv_obj.c:1626:12:lv_obj_get_x	0	static
lv_obj.c:1640:12:lv_obj_get_y	0	static
lv_obj.c:1654:12:lv_obj_get_width	0	static
lv_obj.c:1664:12:lv_obj_get_height	0	static
lv_obj.c:1698:6:lv_obj_get_auto_realign	0	static
lv_obj.c:1713:12:lv_obj_get_ext_click_pad_left	0	static
lv_obj.c:1730:12:lv_obj_get_ext_click_pad_right	0	static
lv_obj.c:1747:12:lv_obj_get_ext_click_pad_top	0	static
lv_obj.c:1764:12:lv_obj_get_ext_click_pad_bottom	0	static
lv_obj.c:1781:12:lv_obj_get_ext_draw_pad	0	static
lv_obj.c:1795:20:lv_obj_get_style	16	static
lv_obj.c:2156:17:lv_obj_signal	16	static
lv_obj.c:1609:6:lv_obj_get_inner_coords	8	static
lv_obj.c:1674:12:lv_obj_get_width_fit	8	static
lv_obj.c:1686:12:lv_obj_get_height_fit	8	static
lv_obj.c:1843:6:lv_obj_get_hidden	0	static
lv_obj.c:1853:6:lv_obj_get_click	0	static
lv_obj.c:1863:6:lv_obj_get_top	0	static
lv_obj.c:1873:6:lv_obj_get_drag	0	static
lv_obj.c:1883:15:lv_obj_get_drag_dir	0	static
lv_obj.c:1893:6:lv_obj_get_drag_throw	0	static
lv_obj.c:1903:6:lv_obj_get_drag_parent	0	static
lv_obj.c:1913:6:lv_obj_get_parent_event	0	static
lv_obj.c:1923:10:lv_obj_get_opa_scale_enable	0	static
lv_obj.c:1933:10:lv_obj_get_opa_scale	0	static
lv_obj.c:2110:13:lv_obj_design	24	static
lv_obj.c:1950:9:lv_obj_get_protect	0	static
lv_obj.c:1961:6:lv_obj_is_protected	0	static
lv_obj.c:1971:16:lv_obj_get_signal_cb	0	static
lv_obj.c:1981:16:lv_obj_get_design_cb	0	static
lv_obj.c:1991:15:lv_obj_get_event_cb	0	static
lv_obj.c:2006:8:lv_obj_get_ext_attr	0	static
lv_obj.c:2017:6:lv_obj_get_type	48	static
lv_obj.c:2077:8:lv_obj_get_group	0	static
lv_obj.c:2087:6:lv_obj_is_focused	8	static
